../../Drivers/CMSIS/Include/core_cm7.h:2660:26:ITM_SendChar	4
C:/ProjectsOnC/DigitalPhasorRadio/Code/PhasorRadio1/Core/Src/main.c:260:6:stepSizeChanged	16
C:/ProjectsOnC/DigitalPhasorRadio/Code/PhasorRadio1/Core/Src/main.c:317:6:HAL_TIM_IC_CaptureCallback	16
C:/ProjectsOnC/DigitalPhasorRadio/Code/PhasorRadio1/Core/Src/main.c:380:6:sendDatatoSI5351	6
C:/ProjectsOnC/DigitalPhasorRadio/Code/PhasorRadio1/Core/Src/main.c:402:6:HAL_ADC_ConvCpltCallback	7
C:/ProjectsOnC/DigitalPhasorRadio/Code/PhasorRadio1/Core/Src/main.c:436:6:HAL_ADC_ConvHalfCpltCallback	4
C:/ProjectsOnC/DigitalPhasorRadio/Code/PhasorRadio1/Core/Src/main.c:454:6:SendDatatoUART	5
C:/ProjectsOnC/DigitalPhasorRadio/Code/PhasorRadio1/Core/Src/main.c:486:5:main	6
C:/ProjectsOnC/DigitalPhasorRadio/Code/PhasorRadio1/Core/Src/main.c:656:6:SystemClock_Config	4
C:/ProjectsOnC/DigitalPhasorRadio/Code/PhasorRadio1/Core/Src/main.c:719:6:PeriphCommonClock_Config	2
C:/ProjectsOnC/DigitalPhasorRadio/Code/PhasorRadio1/Core/Src/main.c:748:13:MX_ADC1_Init	4
C:/ProjectsOnC/DigitalPhasorRadio/Code/PhasorRadio1/Core/Src/main.c:821:13:MX_ADC2_Init	3
C:/ProjectsOnC/DigitalPhasorRadio/Code/PhasorRadio1/Core/Src/main.c:880:13:MX_ADC3_Init	3
C:/ProjectsOnC/DigitalPhasorRadio/Code/PhasorRadio1/Core/Src/main.c:944:13:MX_CRC_Init	2
C:/ProjectsOnC/DigitalPhasorRadio/Code/PhasorRadio1/Core/Src/main.c:975:13:MX_DAC1_Init	4
C:/ProjectsOnC/DigitalPhasorRadio/Code/PhasorRadio1/Core/Src/main.c:1028:13:MX_DMA2D_Init	2
C:/ProjectsOnC/DigitalPhasorRadio/Code/PhasorRadio1/Core/Src/main.c:1057:13:MX_I2C3_Init	4
C:/ProjectsOnC/DigitalPhasorRadio/Code/PhasorRadio1/Core/Src/main.c:1105:13:MX_I2C4_Init	4
C:/ProjectsOnC/DigitalPhasorRadio/Code/PhasorRadio1/Core/Src/main.c:1153:13:MX_LTDC_Init	3
C:/ProjectsOnC/DigitalPhasorRadio/Code/PhasorRadio1/Core/Src/main.c:1216:13:MX_OCTOSPI1_Init	5
C:/ProjectsOnC/DigitalPhasorRadio/Code/PhasorRadio1/Core/Src/main.c:1281:13:MX_OCTOSPI2_Init	6
C:/ProjectsOnC/DigitalPhasorRadio/Code/PhasorRadio1/Core/Src/main.c:1365:13:MX_OPAMP1_Init	2
C:/ProjectsOnC/DigitalPhasorRadio/Code/PhasorRadio1/Core/Src/main.c:1395:13:MX_TIM1_Init	4
C:/ProjectsOnC/DigitalPhasorRadio/Code/PhasorRadio1/Core/Src/main.c:1444:13:MX_TIM8_Init	4
C:/ProjectsOnC/DigitalPhasorRadio/Code/PhasorRadio1/Core/Src/main.c:1493:13:MX_TIM23_Init	3
C:/ProjectsOnC/DigitalPhasorRadio/Code/PhasorRadio1/Core/Src/main.c:1544:13:MX_UART4_Init	5
C:/ProjectsOnC/DigitalPhasorRadio/Code/PhasorRadio1/Core/Src/main.c:1590:13:MX_DMA_Init	1
C:/ProjectsOnC/DigitalPhasorRadio/Code/PhasorRadio1/Core/Src/main.c:1620:13:MX_GPIO_Init	1
C:/ProjectsOnC/DigitalPhasorRadio/Code/PhasorRadio1/Core/Src/main.c:1723:5:_write	2
C:/ProjectsOnC/DigitalPhasorRadio/Code/PhasorRadio1/Core/Src/main.c:1742:6:StartDefaultTask	1
C:/ProjectsOnC/DigitalPhasorRadio/Code/PhasorRadio1/Core/Src/main.c:1760:6:StartTaskToGui	11
C:/ProjectsOnC/DigitalPhasorRadio/Code/PhasorRadio1/Core/Src/main.c:1818:6:StartTaskFromGui	11
C:/ProjectsOnC/DigitalPhasorRadio/Code/PhasorRadio1/Core/Src/main.c:1901:6:StartTaskFFT	21
C:/ProjectsOnC/DigitalPhasorRadio/Code/PhasorRadio1/Core/Src/main.c:2006:6:MPU_Config	1
C:/ProjectsOnC/DigitalPhasorRadio/Code/PhasorRadio1/Core/Src/main.c:2083:6:HAL_TIM_PeriodElapsedCallback	2
C:/ProjectsOnC/DigitalPhasorRadio/Code/PhasorRadio1/Core/Src/main.c:2104:6:Error_Handler	1
