../../Drivers/CMSIS/Include/core_cm7.h:2660:26:ITM_SendChar	4
C:/ProjectsOnC/DigitalPhasorRadio/Code/PhasorRadio1/Core/Src/main.c:550:6:stepSizeChanged	16
C:/ProjectsOnC/DigitalPhasorRadio/Code/PhasorRadio1/Core/Src/main.c:607:6:HAL_TIM_IC_CaptureCallback	16
C:/ProjectsOnC/DigitalPhasorRadio/Code/PhasorRadio1/Core/Src/main.c:670:6:sendDatatoSI5351	6
C:/ProjectsOnC/DigitalPhasorRadio/Code/PhasorRadio1/Core/Src/main.c:692:6:HAL_ADC_ConvCpltCallback	7
C:/ProjectsOnC/DigitalPhasorRadio/Code/PhasorRadio1/Core/Src/main.c:726:6:HAL_ADC_ConvHalfCpltCallback	4
C:/ProjectsOnC/DigitalPhasorRadio/Code/PhasorRadio1/Core/Src/main.c:744:6:SendDatatoUART	5
C:/ProjectsOnC/DigitalPhasorRadio/Code/PhasorRadio1/Core/Src/main.c:777:5:main	6
C:/ProjectsOnC/DigitalPhasorRadio/Code/PhasorRadio1/Core/Src/main.c:947:6:SystemClock_Config	4
C:/ProjectsOnC/DigitalPhasorRadio/Code/PhasorRadio1/Core/Src/main.c:1007:6:PeriphCommonClock_Config	2
C:/ProjectsOnC/DigitalPhasorRadio/Code/PhasorRadio1/Core/Src/main.c:1035:13:MX_ADC1_Init	4
C:/ProjectsOnC/DigitalPhasorRadio/Code/PhasorRadio1/Core/Src/main.c:1106:13:MX_ADC2_Init	3
C:/ProjectsOnC/DigitalPhasorRadio/Code/PhasorRadio1/Core/Src/main.c:1164:13:MX_ADC3_Init	3
C:/ProjectsOnC/DigitalPhasorRadio/Code/PhasorRadio1/Core/Src/main.c:1227:13:MX_CRC_Init	2
C:/ProjectsOnC/DigitalPhasorRadio/Code/PhasorRadio1/Core/Src/main.c:1258:13:MX_DAC1_Init	4
C:/ProjectsOnC/DigitalPhasorRadio/Code/PhasorRadio1/Core/Src/main.c:1310:13:MX_DMA2D_Init	2
C:/ProjectsOnC/DigitalPhasorRadio/Code/PhasorRadio1/Core/Src/main.c:1339:13:MX_I2C3_Init	4
C:/ProjectsOnC/DigitalPhasorRadio/Code/PhasorRadio1/Core/Src/main.c:1387:13:MX_I2C4_Init	4
C:/ProjectsOnC/DigitalPhasorRadio/Code/PhasorRadio1/Core/Src/main.c:1435:13:MX_LTDC_Init	3
C:/ProjectsOnC/DigitalPhasorRadio/Code/PhasorRadio1/Core/Src/main.c:1497:13:MX_OCTOSPI1_Init	5
C:/ProjectsOnC/DigitalPhasorRadio/Code/PhasorRadio1/Core/Src/main.c:1561:13:MX_OCTOSPI2_Init	6
C:/ProjectsOnC/DigitalPhasorRadio/Code/PhasorRadio1/Core/Src/main.c:1643:13:MX_OPAMP1_Init	2
C:/ProjectsOnC/DigitalPhasorRadio/Code/PhasorRadio1/Core/Src/main.c:1673:13:MX_TIM1_Init	4
C:/ProjectsOnC/DigitalPhasorRadio/Code/PhasorRadio1/Core/Src/main.c:1720:13:MX_TIM8_Init	4
C:/ProjectsOnC/DigitalPhasorRadio/Code/PhasorRadio1/Core/Src/main.c:1767:13:MX_TIM23_Init	3
C:/ProjectsOnC/DigitalPhasorRadio/Code/PhasorRadio1/Core/Src/main.c:1816:13:MX_UART4_Init	5
C:/ProjectsOnC/DigitalPhasorRadio/Code/PhasorRadio1/Core/Src/main.c:1862:13:MX_DMA_Init	1
C:/ProjectsOnC/DigitalPhasorRadio/Code/PhasorRadio1/Core/Src/main.c:1892:13:MX_GPIO_Init	1
C:/ProjectsOnC/DigitalPhasorRadio/Code/PhasorRadio1/Core/Src/main.c:1994:5:_write	2
C:/ProjectsOnC/DigitalPhasorRadio/Code/PhasorRadio1/Core/Src/main.c:2013:6:StartDefaultTask	1
C:/ProjectsOnC/DigitalPhasorRadio/Code/PhasorRadio1/Core/Src/main.c:2031:6:StartTaskToGui	11
C:/ProjectsOnC/DigitalPhasorRadio/Code/PhasorRadio1/Core/Src/main.c:2089:6:StartTaskFromGui	11
C:/ProjectsOnC/DigitalPhasorRadio/Code/PhasorRadio1/Core/Src/main.c:2172:6:StartTaskFFT	21
C:/ProjectsOnC/DigitalPhasorRadio/Code/PhasorRadio1/Core/Src/main.c:2277:6:MPU_Config	1
C:/ProjectsOnC/DigitalPhasorRadio/Code/PhasorRadio1/Core/Src/main.c:2353:6:HAL_TIM_PeriodElapsedCallback	2
C:/ProjectsOnC/DigitalPhasorRadio/Code/PhasorRadio1/Core/Src/main.c:2373:6:Error_Handler	1
