../../Drivers/CMSIS/Include/core_cm7.h:2660:26:ITM_SendChar	4
C:/ProjectsOnC/PhasorRadio/Code/PhasorRadio1/Core/Src/main.c:252:6:stepSizeChanged	16
C:/ProjectsOnC/PhasorRadio/Code/PhasorRadio1/Core/Src/main.c:310:6:HAL_TIM_IC_CaptureCallback	16
C:/ProjectsOnC/PhasorRadio/Code/PhasorRadio1/Core/Src/main.c:376:6:sendDatatoSI5351	6
C:/ProjectsOnC/PhasorRadio/Code/PhasorRadio1/Core/Src/main.c:401:6:HAL_ADC_ConvCpltCallback	4
C:/ProjectsOnC/PhasorRadio/Code/PhasorRadio1/Core/Src/main.c:428:6:HAL_ADC_ConvHalfCpltCallback	1
C:/ProjectsOnC/PhasorRadio/Code/PhasorRadio1/Core/Src/main.c:438:5:main	6
C:/ProjectsOnC/PhasorRadio/Code/PhasorRadio1/Core/Src/main.c:630:6:SystemClock_Config	4
C:/ProjectsOnC/PhasorRadio/Code/PhasorRadio1/Core/Src/main.c:693:6:PeriphCommonClock_Config	2
C:/ProjectsOnC/PhasorRadio/Code/PhasorRadio1/Core/Src/main.c:722:13:MX_ADC1_Init	4
C:/ProjectsOnC/PhasorRadio/Code/PhasorRadio1/Core/Src/main.c:795:13:MX_ADC2_Init	3
C:/ProjectsOnC/PhasorRadio/Code/PhasorRadio1/Core/Src/main.c:854:13:MX_ADC3_Init	3
C:/ProjectsOnC/PhasorRadio/Code/PhasorRadio1/Core/Src/main.c:918:13:MX_CRC_Init	2
C:/ProjectsOnC/PhasorRadio/Code/PhasorRadio1/Core/Src/main.c:949:13:MX_DAC1_Init	4
C:/ProjectsOnC/PhasorRadio/Code/PhasorRadio1/Core/Src/main.c:1002:13:MX_DMA2D_Init	2
C:/ProjectsOnC/PhasorRadio/Code/PhasorRadio1/Core/Src/main.c:1031:13:MX_I2C3_Init	4
C:/ProjectsOnC/PhasorRadio/Code/PhasorRadio1/Core/Src/main.c:1079:13:MX_I2C4_Init	4
C:/ProjectsOnC/PhasorRadio/Code/PhasorRadio1/Core/Src/main.c:1127:13:MX_LTDC_Init	3
C:/ProjectsOnC/PhasorRadio/Code/PhasorRadio1/Core/Src/main.c:1190:13:MX_OCTOSPI1_Init	5
C:/ProjectsOnC/PhasorRadio/Code/PhasorRadio1/Core/Src/main.c:1255:13:MX_OCTOSPI2_Init	6
C:/ProjectsOnC/PhasorRadio/Code/PhasorRadio1/Core/Src/main.c:1339:13:MX_OPAMP1_Init	2
C:/ProjectsOnC/PhasorRadio/Code/PhasorRadio1/Core/Src/main.c:1369:13:MX_TIM1_Init	4
C:/ProjectsOnC/PhasorRadio/Code/PhasorRadio1/Core/Src/main.c:1418:13:MX_TIM8_Init	4
C:/ProjectsOnC/PhasorRadio/Code/PhasorRadio1/Core/Src/main.c:1467:13:MX_TIM23_Init	3
C:/ProjectsOnC/PhasorRadio/Code/PhasorRadio1/Core/Src/main.c:1516:13:MX_BDMA_Init	1
C:/ProjectsOnC/PhasorRadio/Code/PhasorRadio1/Core/Src/main.c:1532:13:MX_DMA_Init	1
C:/ProjectsOnC/PhasorRadio/Code/PhasorRadio1/Core/Src/main.c:1553:13:MX_GPIO_Init	1
C:/ProjectsOnC/PhasorRadio/Code/PhasorRadio1/Core/Src/main.c:1646:5:_write	2
C:/ProjectsOnC/PhasorRadio/Code/PhasorRadio1/Core/Src/main.c:1665:6:StartDefaultTask	1
C:/ProjectsOnC/PhasorRadio/Code/PhasorRadio1/Core/Src/main.c:1683:6:StartTaskToGui	11
C:/ProjectsOnC/PhasorRadio/Code/PhasorRadio1/Core/Src/main.c:1741:6:StartTaskFromGui	11
C:/ProjectsOnC/PhasorRadio/Code/PhasorRadio1/Core/Src/main.c:1826:6:StartTaskFFT	20
C:/ProjectsOnC/PhasorRadio/Code/PhasorRadio1/Core/Src/main.c:1931:6:StartTaskFRSync	2
C:/ProjectsOnC/PhasorRadio/Code/PhasorRadio1/Core/Src/main.c:1949:6:MPU_Config	1
C:/ProjectsOnC/PhasorRadio/Code/PhasorRadio1/Core/Src/main.c:2026:6:HAL_TIM_PeriodElapsedCallback	4
C:/ProjectsOnC/PhasorRadio/Code/PhasorRadio1/Core/Src/main.c:2057:6:Error_Handler	1
