Archive member included to satisfy reference by file (symbol)

C:/ST/STM32CubeIDE_1.15.0/STM32CubeIDE/plugins/com.st.stm32cube.ide.mcu.externaltools.gnu-tools-for-stm32.12.3.rel1.win32_1.0.200.202406191623/tools/bin/../lib/gcc/arm-none-eabi/12.3.1/../../../../arm-none-eabi/lib/thumb/v7e-m+dp/hard\libc_nano.a(libc_a-exit.o)
                              C:/ST/STM32CubeIDE_1.15.0/STM32CubeIDE/plugins/com.st.stm32cube.ide.mcu.externaltools.gnu-tools-for-stm32.12.3.rel1.win32_1.0.200.202406191623/tools/bin/../lib/gcc/arm-none-eabi/12.3.1/../../../../arm-none-eabi/lib/thumb/v7e-m+dp/hard/crt0.o (exit)
C:/ST/STM32CubeIDE_1.15.0/STM32CubeIDE/plugins/com.st.stm32cube.ide.mcu.externaltools.gnu-tools-for-stm32.12.3.rel1.win32_1.0.200.202406191623/tools/bin/../lib/gcc/arm-none-eabi/12.3.1/../../../../arm-none-eabi/lib/thumb/v7e-m+dp/hard\libc_nano.a(libc_a-findfp.o)
                              C:/ST/STM32CubeIDE_1.15.0/STM32CubeIDE/plugins/com.st.stm32cube.ide.mcu.externaltools.gnu-tools-for-stm32.12.3.rel1.win32_1.0.200.202406191623/tools/bin/../lib/gcc/arm-none-eabi/12.3.1/../../../../arm-none-eabi/lib/thumb/v7e-m+dp/hard\libc_nano.a(libc_a-exit.o) (__stdio_exit_handler)
C:/ST/STM32CubeIDE_1.15.0/STM32CubeIDE/plugins/com.st.stm32cube.ide.mcu.externaltools.gnu-tools-for-stm32.12.3.rel1.win32_1.0.200.202406191623/tools/bin/../lib/gcc/arm-none-eabi/12.3.1/../../../../arm-none-eabi/lib/thumb/v7e-m+dp/hard\libc_nano.a(libc_a-fwalk.o)
                              C:/ST/STM32CubeIDE_1.15.0/STM32CubeIDE/plugins/com.st.stm32cube.ide.mcu.externaltools.gnu-tools-for-stm32.12.3.rel1.win32_1.0.200.202406191623/tools/bin/../lib/gcc/arm-none-eabi/12.3.1/../../../../arm-none-eabi/lib/thumb/v7e-m+dp/hard\libc_nano.a(libc_a-findfp.o) (_fwalk_sglue)
C:/ST/STM32CubeIDE_1.15.0/STM32CubeIDE/plugins/com.st.stm32cube.ide.mcu.externaltools.gnu-tools-for-stm32.12.3.rel1.win32_1.0.200.202406191623/tools/bin/../lib/gcc/arm-none-eabi/12.3.1/../../../../arm-none-eabi/lib/thumb/v7e-m+dp/hard\libc_nano.a(libc_a-stdio.o)
                              C:/ST/STM32CubeIDE_1.15.0/STM32CubeIDE/plugins/com.st.stm32cube.ide.mcu.externaltools.gnu-tools-for-stm32.12.3.rel1.win32_1.0.200.202406191623/tools/bin/../lib/gcc/arm-none-eabi/12.3.1/../../../../arm-none-eabi/lib/thumb/v7e-m+dp/hard\libc_nano.a(libc_a-findfp.o) (__sread)
C:/ST/STM32CubeIDE_1.15.0/STM32CubeIDE/plugins/com.st.stm32cube.ide.mcu.externaltools.gnu-tools-for-stm32.12.3.rel1.win32_1.0.200.202406191623/tools/bin/../lib/gcc/arm-none-eabi/12.3.1/../../../../arm-none-eabi/lib/thumb/v7e-m+dp/hard\libc_nano.a(libc_a-memset.o)
                              C:/ST/STM32CubeIDE_1.15.0/STM32CubeIDE/plugins/com.st.stm32cube.ide.mcu.externaltools.gnu-tools-for-stm32.12.3.rel1.win32_1.0.200.202406191623/tools/bin/../lib/gcc/arm-none-eabi/12.3.1/../../../../arm-none-eabi/lib/thumb/v7e-m+dp/hard/crt0.o (memset)
C:/ST/STM32CubeIDE_1.15.0/STM32CubeIDE/plugins/com.st.stm32cube.ide.mcu.externaltools.gnu-tools-for-stm32.12.3.rel1.win32_1.0.200.202406191623/tools/bin/../lib/gcc/arm-none-eabi/12.3.1/../../../../arm-none-eabi/lib/thumb/v7e-m+dp/hard\libc_nano.a(libc_a-closer.o)
                              C:/ST/STM32CubeIDE_1.15.0/STM32CubeIDE/plugins/com.st.stm32cube.ide.mcu.externaltools.gnu-tools-for-stm32.12.3.rel1.win32_1.0.200.202406191623/tools/bin/../lib/gcc/arm-none-eabi/12.3.1/../../../../arm-none-eabi/lib/thumb/v7e-m+dp/hard\libc_nano.a(libc_a-stdio.o) (_close_r)
C:/ST/STM32CubeIDE_1.15.0/STM32CubeIDE/plugins/com.st.stm32cube.ide.mcu.externaltools.gnu-tools-for-stm32.12.3.rel1.win32_1.0.200.202406191623/tools/bin/../lib/gcc/arm-none-eabi/12.3.1/../../../../arm-none-eabi/lib/thumb/v7e-m+dp/hard\libc_nano.a(libc_a-reent.o)
                              C:/ST/STM32CubeIDE_1.15.0/STM32CubeIDE/plugins/com.st.stm32cube.ide.mcu.externaltools.gnu-tools-for-stm32.12.3.rel1.win32_1.0.200.202406191623/tools/bin/../lib/gcc/arm-none-eabi/12.3.1/../../../../arm-none-eabi/lib/thumb/v7e-m+dp/hard\libc_nano.a(libc_a-closer.o) (errno)
C:/ST/STM32CubeIDE_1.15.0/STM32CubeIDE/plugins/com.st.stm32cube.ide.mcu.externaltools.gnu-tools-for-stm32.12.3.rel1.win32_1.0.200.202406191623/tools/bin/../lib/gcc/arm-none-eabi/12.3.1/../../../../arm-none-eabi/lib/thumb/v7e-m+dp/hard\libc_nano.a(libc_a-impure.o)
                              C:/ST/STM32CubeIDE_1.15.0/STM32CubeIDE/plugins/com.st.stm32cube.ide.mcu.externaltools.gnu-tools-for-stm32.12.3.rel1.win32_1.0.200.202406191623/tools/bin/../lib/gcc/arm-none-eabi/12.3.1/../../../../arm-none-eabi/lib/thumb/v7e-m+dp/hard\libc_nano.a(libc_a-reent.o) (_impure_ptr)
C:/ST/STM32CubeIDE_1.15.0/STM32CubeIDE/plugins/com.st.stm32cube.ide.mcu.externaltools.gnu-tools-for-stm32.12.3.rel1.win32_1.0.200.202406191623/tools/bin/../lib/gcc/arm-none-eabi/12.3.1/../../../../arm-none-eabi/lib/thumb/v7e-m+dp/hard\libc_nano.a(libc_a-lseekr.o)
[...]
Memory Configuration

Name             Origin             Length             Attributes
DTCMRAM          0x20000000         0x00020000         xrw
ITCMRAM          0x00000000         0x00010000         xrw
RAM_D1           0x24000000         0x00050000         xrw
RAM_D2           0x30000000         0x00008000         xrw
RAM_D3           0x38000000         0x00004000         xrw
FLASH            0x08000000         0x00100000         xr
OSPI             0x90000000         0x04000000         xrw
HYPERRAM         0x70000000         0x01000000         xrw
*default*        0x00000000         0xffffffff

Linker script and memory map

LOAD C:/ST/STM32CubeIDE_1.15.0/STM32CubeIDE/plugins/com.st.stm32cube.ide.mcu.externaltools.gnu-tools-for-stm32.12.3.rel1.win32_1.0.200.202406191623/tools/bin/../lib/gcc/arm-none-eabi/12.3.1/thumb/v7e-m+dp/hard/crti.o
LOAD C:/ST/STM32CubeIDE_1.15.0/STM32CubeIDE/plugins/com.st.stm32cube.ide.mcu.externaltools.gnu-tools-for-stm32.12.3.rel1.win32_1.0.200.202406191623/tools/bin/../lib/gcc/arm-none-eabi/12.3.1/thumb/v7e-m+dp/hard/crtbegin.o
LOAD C:/ST/STM32CubeIDE_1.15.0/STM32CubeIDE/plugins/com.st.stm32cube.ide.mcu.externaltools.gnu-tools-for-stm32.12.3.rel1.win32_1.0.200.202406191623/tools/bin/../lib/gcc/arm-none-eabi/12.3.1/../../../../arm-none-eabi/lib/thumb/v7e-m+dp/hard/crt0.o
LOAD ./Core/Src/main.o
LOAD ./Core/Src/stm32h7xx_hal_msp.o
LOAD ./Core/Src/stm32h7xx_it.o
LOAD ./Core/Src/syscalls.o
LOAD ./Core/Src/sysmem.o
LOAD ./Core/Src/system_stm32h7xx.o
LOAD ./Core/Startup/startup_stm32h735igtx.o
LOAD ./Drivers/BSP/Components/mx25lm51245g.o
LOAD ./Drivers/BSP/Components/s70kl1281.o
LOAD ./Drivers/BSP/STM32H735G-DK/stm32h735g_discovery_bus.o
LOAD ./Drivers/BSP/STM32H735G-DK/stm32h735g_discovery_ospi.o
LOAD ./Drivers/BSP/STM32H735G-DK/stm32h735g_discovery_ts.o
LOAD ./Drivers/STM32H7xx_HAL_Driver/Src/stm32h7xx_hal.o
LOAD ./Drivers/STM32H7xx_HAL_Driver/Src/stm32h7xx_hal_cortex.o
LOAD ./Drivers/STM32H7xx_HAL_Driver/Src/stm32h7xx_hal_dma.o
LOAD ./Drivers/STM32H7xx_HAL_Driver/Src/stm32h7xx_hal_dma_ex.o
LOAD ./Drivers/STM32H7xx_HAL_Driver/Src/stm32h7xx_hal_exti.o
LOAD ./Drivers/STM32H7xx_HAL_Driver/Src/stm32h7xx_hal_flash.o
LOAD ./Drivers/STM32H7xx_HAL_Driver/Src/stm32h7xx_hal_flash_ex.o
LOAD ./Drivers/STM32H7xx_HAL_Driver/Src/stm32h7xx_hal_gpio.o
LOAD ./Drivers/STM32H7xx_HAL_Driver/Src/stm32h7xx_hal_hsem.o
LOAD ./Drivers/STM32H7xx_HAL_Driver/Src/stm32h7xx_hal_i2c.o
LOAD ./Drivers/STM32H7xx_HAL_Driver/Src/stm32h7xx_hal_i2c_ex.o
LOAD ./Drivers/STM32H7xx_HAL_Driver/Src/stm32h7xx_hal_mdma.o
LOAD ./Drivers/STM32H7xx_HAL_Driver/Src/stm32h7xx_hal_ospi.o
LOAD ./Drivers/STM32H7xx_HAL_Driver/Src/stm32h7xx_hal_pwr.o
LOAD ./Drivers/STM32H7xx_HAL_Driver/Src/stm32h7xx_hal_pwr_ex.o
LOAD ./Drivers/STM32H7xx_HAL_Driver/Src/stm32h7xx_hal_rcc.o
LOAD ./Drivers/STM32H7xx_HAL_Driver/Src/stm32h7xx_hal_rcc_ex.o
LOAD ./Drivers/STM32H7xx_HAL_Driver/Src/stm32h7xx_hal_tim.o
LOAD ./Drivers/STM32H7xx_HAL_Driver/Src/stm32h7xx_hal_tim_ex.o
START GROUP
LOAD C:/ST/STM32CubeIDE_1.15.0/STM32CubeIDE/plugins/com.st.stm32cube.ide.mcu.externaltools.gnu-tools-for-stm32.12.3.rel1.win32_1.0.200.202406191623/tools/bin/../lib/gcc/arm-none-eabi/12.3.1/../../../../arm-none-eabi/lib/thumb/v7e-m+dp/hard\libc_nano.a
LOAD C:/ST/STM32CubeIDE_1.15.0/STM32CubeIDE/plugins/com.st.stm32cube.ide.mcu.externaltools.gnu-tools-for-stm32.12.3.rel1.win32_1.0.200.202406191623/tools/bin/../lib/gcc/arm-none-eabi/12.3.1/../../../../arm-none-eabi/lib/thumb/v7e-m+dp/hard\libm.a
END GROUP
START GROUP
LOAD C:/ST/STM32CubeIDE_1.15.0/STM32CubeIDE/plugins/com.st.stm32cube.ide.mcu.externaltools.gnu-tools-for-stm32.12.3.rel1.win32_1.0.200.202406191623/tools/bin/../lib/gcc/arm-none-eabi/12.3.1/thumb/v7e-m+dp/hard\libgcc.a
LOAD C:/ST/STM32CubeIDE_1.15.0/STM32CubeIDE/plugins/com.st.stm32cube.ide.mcu.externaltools.gnu-tools-for-stm32.12.3.rel1.win32_1.0.200.202406191623/tools/bin/../lib/gcc/arm-none-eabi/12.3.1/../../../../arm-none-eabi/lib/thumb/v7e-m+dp/hard\libc_nano.a
END GROUP
START GROUP
LOAD C:/ST/STM32CubeIDE_1.15.0/STM32CubeIDE/plugins/com.st.stm32cube.ide.mcu.externaltools.gnu-tools-for-stm32.12.3.rel1.win32_1.0.200.202406191623/tools/bin/../lib/gcc/arm-none-eabi/12.3.1/thumb/v7e-m+dp/hard\libgcc.a
LOAD C:/ST/STM32CubeIDE_1.15.0/STM32CubeIDE/plugins/com.st.stm32cube.ide.mcu.externaltools.gnu-tools-for-stm32.12.3.rel1.win32_1.0.200.202406191623/tools/bin/../lib/gcc/arm-none-eabi/12.3.1/../../../../arm-none-eabi/lib/thumb/v7e-m+dp/hard\libc_nano.a
LOAD C:/ST/STM32CubeIDE_1.15.0/STM32CubeIDE/plugins/com.st.stm32cube.ide.mcu.externaltools.gnu-tools-for-stm32.12.3.rel1.win32_1.0.200.202406191623/tools/bin/../lib/gcc/arm-none-eabi/12.3.1/../../../../arm-none-eabi/lib/thumb/v7e-m+dp/hard\libnosys.a
END GROUP
START GROUP
LOAD C:/ST/STM32CubeIDE_1.15.0/STM32CubeIDE/plugins/com.st.stm32cube.ide.mcu.externaltools.gnu-tools-for-stm32.12.3.rel1.win32_1.0.200.202406191623/tools/bin/../lib/gcc/arm-none-eabi/12.3.1/thumb/v7e-m+dp/hard\libgcc.a
LOAD C:/ST/STM32CubeIDE_1.15.0/STM32CubeIDE/plugins/com.st.stm32cube.ide.mcu.externaltools.gnu-tools-for-stm32.12.3.rel1.win32_1.0.200.202406191623/tools/bin/../lib/gcc/arm-none-eabi/12.3.1/../../../../arm-none-eabi/lib/thumb/v7e-m+dp/hard\libc_nano.a
LOAD C:/ST/STM32CubeIDE_1.15.0/STM32CubeIDE/plugins/com.st.stm32cube.ide.mcu.externaltools.gnu-tools-for-stm32.12.3.rel1.win32_1.0.200.202406191623/tools/bin/../lib/gcc/arm-none-eabi/12.3.1/../../../../arm-none-eabi/lib/thumb/v7e-m+dp/hard\libnosys.a
END GROUP
LOAD C:/ST/STM32CubeIDE_1.15.0/STM32CubeIDE/plugins/com.st.stm32cube.ide.mcu.externaltools.gnu-tools-for-stm32.12.3.rel1.win32_1.0.200.202406191623/tools/bin/../lib/gcc/arm-none-eabi/12.3.1/thumb/v7e-m+dp/hard/crtend.o
LOAD C:/ST/STM32CubeIDE_1.15.0/STM32CubeIDE/plugins/com.st.stm32cube.ide.mcu.externaltools.gnu-tools-for-stm32.12.3.rel1.win32_1.0.200.202406191623/tools/bin/../lib/gcc/arm-none-eabi/12.3.1/thumb/v7e-m+dp/hard/crtn.o
                0x24050000                        _estack = (ORIGIN (RAM_D1) + LENGTH (RAM_D1))
                0x00001000                        _Min_Heap_Size = 0x1000
                0x00001000                        _Min_Stack_Size = 0x1000

.isr_vector     0x08000000      0x2cc
                0x08000000                        . = ALIGN (0x4)
 *(.isr_vector)
 .isr_vector    0x08000000      0x2cc ./Core/Startup/startup_stm32h735igtx.o
                0x08000000                g_pfnVectors
                0x080002cc                        . = ALIGN (0x4)

.text           0x080002cc     0x6fd4
                0x080002cc                        . = ALIGN (0x4)
 *(.text)
 .text          0x080002cc       0x40 C:/ST/STM32CubeIDE_1.15.0/STM32CubeIDE/plugins/com.st.stm32cube.ide.mcu.externaltools.gnu-tools-for-stm32.12.3.rel1.win32_1.0.200.202406191623/tools/bin/../lib/gcc/arm-none-eabi/12.3.1/thumb/v7e-m+dp/hard/crtbegin.o
 *(.text*)
 .text.main     0x0800030c       0x80 ./Core/Src/main.o
                0x0800030c                main
 .text.SystemClock_Config
                0x0800038c       0xdc ./Core/Src/main.o
                0x0800038c                SystemClock_Config
 .text.PeriphCommonClock_Config
                0x08000468       0x5c ./Core/Src/main.o
                0x08000468                PeriphCommonClock_Config
 .text.MX_OCTOSPI1_Init
                0x080004c4      0x104 ./Core/Src/main.o
 .text.MX_OCTOSPI2_Init
                0x080005c8      0x170 ./Core/Src/main.o
 .text.MX_GPIO_Init
                0x08000738       0xe8 ./Core/Src/main.o
 .text.MPU_Config
                0x08000820       0x94 ./Core/Src/main.o
 .text.Error_Handler
                0x080008b4        0xc ./Core/Src/main.o
                0x080008b4                Error_Handler
 .text.HAL_MspInit
                0x080008c0       0x34 ./Core/Src/stm32h7xx_hal_msp.o
                0x080008c0                HAL_MspInit
 .text.HAL_OSPI_MspInit
                0x080008f4      0x368 ./Core/Src/stm32h7xx_hal_msp.o
                0x080008f4                HAL_OSPI_MspInit
 .text.HAL_OSPI_MspDeInit
                0x08000c5c       0xfc ./Core/Src/stm32h7xx_hal_msp.o
                0x08000c5c                HAL_OSPI_MspDeInit
 .text.NMI_Handler
                0x08000d58        0x8 ./Core/Src/stm32h7xx_it.o
                0x08000d58                NMI_Handler
 .text.HardFault_Handler
                0x08000d60        0x8 ./Core/Src/stm32h7xx_it.o
                0x08000d60                HardFault_Handler
 .text.MemManage_Handler
                0x08000d68        0x8 ./Core/Src/stm32h7xx_it.o
                0x08000d68                MemManage_Handler
 .text.BusFault_Handler
                0x08000d70        0x8 ./Core/Src/stm32h7xx_it.o
                0x08000d70                BusFault_Handler
 .text.UsageFault_Handler
                0x08000d78        0x8 ./Core/Src/stm32h7xx_it.o
                0x08000d78                UsageFault_Handler
 .text.SVC_Handler
                0x08000d80        0xe ./Core/Src/stm32h7xx_it.o
                0x08000d80                SVC_Handler
 .text.DebugMon_Handler
                0x08000d8e        0xe ./Core/Src/stm32h7xx_it.o
                0x08000d8e                DebugMon_Handler
 .text.PendSV_Handler
                0x08000d9c        0xe ./Core/Src/stm32h7xx_it.o
                0x08000d9c                PendSV_Handler
 .text.SysTick_Handler
                0x08000daa        0xc ./Core/Src/stm32h7xx_it.o
                0x08000daa                SysTick_Handler
 *fill*         0x08000db6        0x2 
 .text.SystemInit
                0x08000db8       0xf0 ./Core/Src/system_stm32h7xx.o
                0x08000db8                SystemInit
 .text.Reset_Handler
                0x08000ea8       0x50 ./Core/Startup/startup_stm32h735igtx.o
                0x08000ea8                Reset_Handler
 .text.Default_Handler
                0x08000ef8        0x2 ./Core/Startup/startup_stm32h735igtx.o
                0x08000ef8                RTC_Alarm_IRQHandler
                0x08000ef8                HASH_RNG_IRQHandler
                0x08000ef8                EXTI2_IRQHandler
                0x08000ef8                TIM8_CC_IRQHandler
                0x08000ef8                UART8_IRQHandler
                0x08000ef8                SPI4_IRQHandler
                0x08000ef8                FDCAN3_IT0_IRQHandler
                0x08000ef8                TIM1_CC_IRQHandler
                0x08000ef8                BDMA_Channel6_IRQHandler
                0x08000ef8                DMA2_Stream5_IRQHandler
                0x08000ef8                DMA1_Stream5_IRQHandler
                0x08000ef8                CORDIC_IRQHandler
                0x08000ef8                BDMA_Channel1_IRQHandler
                0x08000ef8                TAMP_STAMP_IRQHandler
                0x08000ef8                EXTI3_IRQHandler
                0x08000ef8                LPTIM4_IRQHandler
                0x08000ef8                TIM8_TRG_COM_TIM14_IRQHandler
                0x08000ef8                LPTIM2_IRQHandler
                0x08000ef8                DFSDM1_FLT1_IRQHandler
                0x08000ef8                DMAMUX2_OVR_IRQHandler
                0x08000ef8                TIM8_UP_TIM13_IRQHandler
                0x08000ef8                I2C3_ER_IRQHandler
                0x08000ef8                DFSDM1_FLT2_IRQHandler
                0x08000ef8                I2C5_EV_IRQHandler
                0x08000ef8                USART10_IRQHandler
                0x08000ef8                MDMA_IRQHandler
                0x08000ef8                LPTIM3_IRQHandler
                0x08000ef8                HSEM1_IRQHandler
                0x08000ef8                EXTI0_IRQHandler
                0x08000ef8                I2C2_EV_IRQHandler
                0x08000ef8                DMA1_Stream2_IRQHandler
                0x08000ef8                FPU_IRQHandler
                0x08000ef8                OTG_HS_WKUP_IRQHandler
                0x08000ef8                FDCAN1_IT1_IRQHandler
                0x08000ef8                LTDC_ER_IRQHandler
                0x08000ef8                DMA2_Stream2_IRQHandler
                0x08000ef8                SPI1_IRQHandler
                0x08000ef8                OCTOSPI1_IRQHandler
                0x08000ef8                TIM6_DAC_IRQHandler
                0x08000ef8                DMA2_Stream3_IRQHandler
                0x08000ef8                OCTOSPI2_IRQHandler
                0x08000ef8                DFSDM1_FLT3_IRQHandler
                0x08000ef8                TIM23_IRQHandler
                0x08000ef8                USART6_IRQHandler
                0x08000ef8                TIM17_IRQHandler
                0x08000ef8                USART3_IRQHandler
                0x08000ef8                BDMA_Channel7_IRQHandler
                0x08000ef8                CRYP_IRQHandler
                0x08000ef8                LPTIM5_IRQHandler
                0x08000ef8                UART5_IRQHandler
                0x08000ef8                ADC3_IRQHandler
                0x08000ef8                DMA2_Stream0_IRQHandler
                0x08000ef8                TIM4_IRQHandler
                0x08000ef8                BDMA_Channel2_IRQHandler
                0x08000ef8                I2C1_EV_IRQHandler
                0x08000ef8                DMA1_Stream6_IRQHandler
                0x08000ef8                DMAMUX1_OVR_IRQHandler
                0x08000ef8                DMA1_Stream1_IRQHandler
                0x08000ef8                TIM16_IRQHandler
                0x08000ef8                UART4_IRQHandler
                0x08000ef8                BDMA_Channel5_IRQHandler
                0x08000ef8                TIM3_IRQHandler
                0x08000ef8                RCC_IRQHandler
                0x08000ef8                UART9_IRQHandler
                0x08000ef8                TIM8_BRK_TIM12_IRQHandler
                0x08000ef8                TIM1_TRG_COM_IRQHandler
                0x08000ef8                Default_Handler
                0x08000ef8                ECC_IRQHandler
                0x08000ef8                FMAC_IRQHandler
                0x08000ef8                CEC_IRQHandler
                0x08000ef8                EXTI15_10_IRQHandler
                0x08000ef8                BDMA_Channel0_IRQHandler
                0x08000ef8                ADC_IRQHandler
                0x08000ef8                I2C5_ER_IRQHandler
                0x08000ef8                OTFDEC1_IRQHandler
                0x08000ef8                DMA1_Stream7_IRQHandler
                0x08000ef8                SPI5_IRQHandler
                0x08000ef8                TIM7_IRQHandler
                0x08000ef8                FDCAN3_IT1_IRQHandler
                0x08000ef8                SDMMC1_IRQHandler
                0x08000ef8                TIM5_IRQHandler
                0x08000ef8                DMA2_Stream7_IRQHandler
                0x08000ef8                TIM15_IRQHandler
                0x08000ef8                PVD_AVD_IRQHandler
                0x08000ef8                I2C3_EV_IRQHandler
                0x08000ef8                EXTI9_5_IRQHandler
                0x08000ef8                RTC_WKUP_IRQHandler
                0x08000ef8                LTDC_IRQHandler
                0x08000ef8                ETH_WKUP_IRQHandler
                0x08000ef8                SPDIF_RX_IRQHandler
                0x08000ef8                SPI2_IRQHandler
                0x08000ef8                OTG_HS_EP1_IN_IRQHandler
                0x08000ef8                DMA1_Stream0_IRQHandler
                0x08000ef8                OTFDEC2_IRQHandler
                0x08000ef8                TIM24_IRQHandler
                0x08000ef8                CRS_IRQHandler
                0x08000ef8                EXTI4_IRQHandler
                0x08000ef8                FDCAN2_IT1_IRQHandler
                0x08000ef8                ETH_IRQHandler
                0x08000ef8                TIM1_UP_IRQHandler
                0x08000ef8                BDMA_Channel4_IRQHandler
                0x08000ef8                OTG_HS_EP1_OUT_IRQHandler
                0x08000ef8                WWDG_IRQHandler
                0x08000ef8                SPI6_IRQHandler
                0x08000ef8                MDIOS_IRQHandler
                0x08000ef8                I2C4_EV_IRQHandler
                0x08000ef8                FDCAN2_IT0_IRQHandler
                0x08000ef8                LPUART1_IRQHandler
                0x08000ef8                FDCAN1_IT0_IRQHandler
                0x08000ef8                TIM2_IRQHandler
                0x08000ef8                OTG_HS_IRQHandler
                0x08000ef8                DMA2D_IRQHandler
                0x08000ef8                TIM1_BRK_IRQHandler
                0x08000ef8                EXTI1_IRQHandler
                0x08000ef8                SDMMC2_IRQHandler
                0x08000ef8                BDMA_Channel3_IRQHandler
                0x08000ef8                DTS_IRQHandler
                0x08000ef8                UART7_IRQHandler
                0x08000ef8                MDIOS_WKUP_IRQHandler
                0x08000ef8                USART2_IRQHandler
                0x08000ef8                DFSDM1_FLT0_IRQHandler
                0x08000ef8                SAI4_IRQHandler
                0x08000ef8                I2C2_ER_IRQHandler
                0x08000ef8                DMA2_Stream1_IRQHandler
                0x08000ef8                FLASH_IRQHandler
                0x08000ef8                DMA2_Stream4_IRQHandler
                0x08000ef8                USART1_IRQHandler
                0x08000ef8                SPI3_IRQHandler
                0x08000ef8                WAKEUP_PIN_IRQHandler
                0x08000ef8                DMA1_Stream4_IRQHandler
                0x08000ef8                I2C1_ER_IRQHandler
                0x08000ef8                FMC_IRQHandler
                0x08000ef8                FDCAN_CAL_IRQHandler
                0x08000ef8                SWPMI1_IRQHandler
                0x08000ef8                COMP1_IRQHandler
                0x08000ef8                LPTIM1_IRQHandler
                0x08000ef8                DCMI_PSSI_IRQHandler
                0x08000ef8                I2C4_ER_IRQHandler
                0x08000ef8                DMA2_Stream6_IRQHandler
                0x08000ef8                SAI1_IRQHandler
                0x08000ef8                DMA1_Stream3_IRQHandler
 .text.MX25LM51245G_GetFlashInfo
                0x08000efa       0x5e ./Drivers/BSP/Components/mx25lm51245g.o
                0x08000efa                MX25LM51245G_GetFlashInfo
 .text.MX25LM51245G_AutoPollingMemReady
                0x08000f58      0x15a ./Drivers/BSP/Components/mx25lm51245g.o
                0x08000f58                MX25LM51245G_AutoPollingMemReady
 .text.MX25LM51245G_ReadSTR
                0x080010b2      0x112 ./Drivers/BSP/Components/mx25lm51245g.o
                0x080010b2                MX25LM51245G_ReadSTR
 .text.MX25LM51245G_ReadDTR
                0x080011c4       0xac ./Drivers/BSP/Components/mx25lm51245g.o
                0x080011c4                MX25LM51245G_ReadDTR
 .text.MX25LM51245G_PageProgram
                0x08001270      0x108 ./Drivers/BSP/Components/mx25lm51245g.o
                0x08001270                MX25LM51245G_PageProgram
 .text.MX25LM51245G_PageProgramDTR
                0x08001378       0xaa ./Drivers/BSP/Components/mx25lm51245g.o
                0x08001378                MX25LM51245G_PageProgramDTR
 .text.MX25LM51245G_EnableSTRMemoryMappedMode
                0x08001422      0x154 ./Drivers/BSP/Components/mx25lm51245g.o
                0x08001422                MX25LM51245G_EnableSTRMemoryMappedMode
 .text.MX25LM51245G_EnableDTRMemoryMappedMode
                0x08001576       0xde ./Drivers/BSP/Components/mx25lm51245g.o
                0x08001576                MX25LM51245G_EnableDTRMemoryMappedMode
 .text.MX25LM51245G_WriteEnable
                0x08001654      0x196 ./Drivers/BSP/Components/mx25lm51245g.o
                0x08001654                MX25LM51245G_WriteEnable
 .text.MX25LM51245G_WriteCfg2Register
                0x080017ea      0x12a ./Drivers/BSP/Components/mx25lm51245g.o
                0x080017ea                MX25LM51245G_WriteCfg2Register
 .text.MX25LM51245G_ReadCfg2Register
                0x08001914      0x134 ./Drivers/BSP/Components/mx25lm51245g.o
                0x08001914                MX25LM51245G_ReadCfg2Register
 .text.MX25LM51245G_ResetEnable
                0x08001a48       0xb0 ./Drivers/BSP/Components/mx25lm51245g.o
                0x08001a48                MX25LM51245G_ResetEnable
 .text.MX25LM51245G_ResetMemory
                0x08001af8       0xb0 ./Drivers/BSP/Components/mx25lm51245g.o
                0x08001af8                MX25LM51245G_ResetMemory
 .text.BSP_OSPI_NOR_Init
                0x08001ba8      0x13c ./Drivers/BSP/STM32H735G-DK/stm32h735g_discovery_ospi.o
                0x08001ba8                BSP_OSPI_NOR_Init
 .text.BSP_OSPI_NOR_DeInit
                0x08001ce4       0x9c ./Drivers/BSP/STM32H735G-DK/stm32h735g_discovery_ospi.o
                0x08001ce4                BSP_OSPI_NOR_DeInit
 .text.MX_OSPI_NOR_Init
                0x08001d80       0x8c ./Drivers/BSP/STM32H735G-DK/stm32h735g_discovery_ospi.o
                0x08001d80                MX_OSPI_NOR_Init
 .text.BSP_OSPI_NOR_Read
                0x08001e0c       0x98 ./Drivers/BSP/STM32H735G-DK/stm32h735g_discovery_ospi.o
                0x08001e0c                BSP_OSPI_NOR_Read
 .text.BSP_OSPI_NOR_Write
                0x08001ea4      0x19c ./Drivers/BSP/STM32H735G-DK/stm32h735g_discovery_ospi.o
                0x08001ea4                BSP_OSPI_NOR_Write
 .text.BSP_OSPI_NOR_EnableMemoryMappedMode
                0x08002040       0xa8 ./Drivers/BSP/STM32H735G-DK/stm32h735g_discovery_ospi.o
                0x08002040                BSP_OSPI_NOR_EnableMemoryMappedMode
 .text.BSP_OSPI_NOR_DisableMemoryMappedMode
                0x080020e8       0x6c ./Drivers/BSP/STM32H735G-DK/stm32h735g_discovery_ospi.o
                0x080020e8                BSP_OSPI_NOR_DisableMemoryMappedMode
 .text.BSP_OSPI_NOR_ConfigFlash
                0x08002154       0xec ./Drivers/BSP/STM32H735G-DK/stm32h735g_discovery_ospi.o
                0x08002154                BSP_OSPI_NOR_ConfigFlash
 .text.MX_OSPI_ClockConfig
                0x08002240       0x4c ./Drivers/BSP/STM32H735G-DK/stm32h735g_discovery_ospi.o
                0x08002240                MX_OSPI_ClockConfig
 .text.OSPI_NOR_MspInit
                0x0800228c      0x2a4 ./Drivers/BSP/STM32H735G-DK/stm32h735g_discovery_ospi.o
 .text.OSPI_NOR_MspDeInit
                0x08002530       0xb4 ./Drivers/BSP/STM32H735G-DK/stm32h735g_discovery_ospi.o
 .text.OSPI_NOR_ResetMemory
                0x080025e4      0x12c ./Drivers/BSP/STM32H735G-DK/stm32h735g_discovery_ospi.o
 .text.OSPI_NOR_EnterDOPIMode
                0x08002710      0x1b4 ./Drivers/BSP/STM32H735G-DK/stm32h735g_discovery_ospi.o
 .text.OSPI_NOR_EnterSOPIMode
                0x080028c4      0x16c ./Drivers/BSP/STM32H735G-DK/stm32h735g_discovery_ospi.o
 .text.OSPI_NOR_ExitOPIMode
                0x08002a30      0x158 ./Drivers/BSP/STM32H735G-DK/stm32h735g_discovery_ospi.o
 .text.HAL_Init
                0x08002b88       0x78 ./Drivers/STM32H7xx_HAL_Driver/Src/stm32h7xx_hal.o
                0x08002b88                HAL_Init
 .text.HAL_InitTick
                0x08002c00       0x6c ./Drivers/STM32H7xx_HAL_Driver/Src/stm32h7xx_hal.o
                0x08002c00                HAL_InitTick
 .text.HAL_IncTick
                0x08002c6c       0x28 ./Drivers/STM32H7xx_HAL_Driver/Src/stm32h7xx_hal.o
                0x08002c6c                HAL_IncTick
 .text.HAL_GetTick
                0x08002c94       0x18 ./Drivers/STM32H7xx_HAL_Driver/Src/stm32h7xx_hal.o
                0x08002c94                HAL_GetTick
 .text.HAL_Delay
                0x08002cac       0x48 ./Drivers/STM32H7xx_HAL_Driver/Src/stm32h7xx_hal.o
                0x08002cac                HAL_Delay
 .text.__NVIC_SetPriorityGrouping
                0x08002cf4       0x48 ./Drivers/STM32H7xx_HAL_Driver/Src/stm32h7xx_hal_cortex.o
 .text.__NVIC_GetPriorityGrouping
                0x08002d3c       0x1c ./Drivers/STM32H7xx_HAL_Driver/Src/stm32h7xx_hal_cortex.o
 .text.__NVIC_SetPriority
                0x08002d58       0x54 ./Drivers/STM32H7xx_HAL_Driver/Src/stm32h7xx_hal_cortex.o
 .text.NVIC_EncodePriority
                0x08002dac       0x66 ./Drivers/STM32H7xx_HAL_Driver/Src/stm32h7xx_hal_cortex.o
 *fill*         0x08002e12        0x2 
 .text.SysTick_Config
                0x08002e14       0x44 ./Drivers/STM32H7xx_HAL_Driver/Src/stm32h7xx_hal_cortex.o
 .text.HAL_NVIC_SetPriorityGrouping
                0x08002e58       0x16 ./Drivers/STM32H7xx_HAL_Driver/Src/stm32h7xx_hal_cortex.o
                0x08002e58                HAL_NVIC_SetPriorityGrouping
 .text.HAL_NVIC_SetPriority
                0x08002e6e       0x34 ./Drivers/STM32H7xx_HAL_Driver/Src/stm32h7xx_hal_cortex.o
                0x08002e6e                HAL_NVIC_SetPriority
 .text.HAL_SYSTICK_Config
                0x08002ea2       0x18 ./Drivers/STM32H7xx_HAL_Driver/Src/stm32h7xx_hal_cortex.o
                0x08002ea2                HAL_SYSTICK_Config
 *fill*         0x08002eba        0x2 
 .text.HAL_MPU_Disable
                0x08002ebc       0x30 ./Drivers/STM32H7xx_HAL_Driver/Src/stm32h7xx_hal_cortex.o
                0x08002ebc                HAL_MPU_Disable
 .text.HAL_MPU_Enable
                0x08002eec       0x40 ./Drivers/STM32H7xx_HAL_Driver/Src/stm32h7xx_hal_cortex.o
                0x08002eec                HAL_MPU_Enable
 .text.HAL_MPU_ConfigRegion
                0x08002f2c       0x80 ./Drivers/STM32H7xx_HAL_Driver/Src/stm32h7xx_hal_cortex.o
                0x08002f2c                HAL_MPU_ConfigRegion
 .text.HAL_GPIO_Init
                0x08002fac      0x350 ./Drivers/STM32H7xx_HAL_Driver/Src/stm32h7xx_hal_gpio.o
                0x08002fac                HAL_GPIO_Init
 .text.HAL_GPIO_DeInit
                0x080032fc      0x204 ./Drivers/STM32H7xx_HAL_Driver/Src/stm32h7xx_hal_gpio.o
                0x080032fc                HAL_GPIO_DeInit
 .text.HAL_MDMA_Abort
                0x08003500       0xb6 ./Drivers/STM32H7xx_HAL_Driver/Src/stm32h7xx_hal_mdma.o
                0x08003500                HAL_MDMA_Abort
 *fill*         0x080035b6        0x2 
 .text.HAL_OSPI_Init
                0x080035b8      0x178 ./Drivers/STM32H7xx_HAL_Driver/Src/stm32h7xx_hal_ospi.o
                0x080035b8                HAL_OSPI_Init
 .text.HAL_OSPI_DeInit
                0x08003730       0x4e ./Drivers/STM32H7xx_HAL_Driver/Src/stm32h7xx_hal_ospi.o
                0x08003730                HAL_OSPI_DeInit
 .text.HAL_OSPI_Command
                0x0800377e      0x11a ./Drivers/STM32H7xx_HAL_Driver/Src/stm32h7xx_hal_ospi.o
                0x0800377e                HAL_OSPI_Command
 .text.HAL_OSPI_HyperbusCfg
                0x08003898       0x7e ./Drivers/STM32H7xx_HAL_Driver/Src/stm32h7xx_hal_ospi.o
                0x08003898                HAL_OSPI_HyperbusCfg
 .text.HAL_OSPI_HyperbusCmd
                0x08003916       0xc2 ./Drivers/STM32H7xx_HAL_Driver/Src/stm32h7xx_hal_ospi.o
                0x08003916                HAL_OSPI_HyperbusCmd
 .text.HAL_OSPI_Transmit
                0x080039d8       0xe6 ./Drivers/STM32H7xx_HAL_Driver/Src/stm32h7xx_hal_ospi.o
                0x080039d8                HAL_OSPI_Transmit
 .text.HAL_OSPI_Receive
                0x08003abe      0x146 ./Drivers/STM32H7xx_HAL_Driver/Src/stm32h7xx_hal_ospi.o
                0x08003abe                HAL_OSPI_Receive
 .text.HAL_OSPI_AutoPolling
                0x08003c04      0x10e ./Drivers/STM32H7xx_HAL_Driver/Src/stm32h7xx_hal_ospi.o
                0x08003c04                HAL_OSPI_AutoPolling
 *fill*         0x08003d12        0x2 
 .text.HAL_OSPI_MemoryMapped
                0x08003d14       0x9c ./Drivers/STM32H7xx_HAL_Driver/Src/stm32h7xx_hal_ospi.o
                0x08003d14                HAL_OSPI_MemoryMapped
 .text.HAL_OSPI_Abort
                0x08003db0       0xea ./Drivers/STM32H7xx_HAL_Driver/Src/stm32h7xx_hal_ospi.o
                0x08003db0                HAL_OSPI_Abort
 .text.HAL_OSPI_SetTimeout
                0x08003e9a       0x1e ./Drivers/STM32H7xx_HAL_Driver/Src/stm32h7xx_hal_ospi.o
                0x08003e9a                HAL_OSPI_SetTimeout
 .text.HAL_OSPIM_Config
                0x08003eb8      0x9d0 ./Drivers/STM32H7xx_HAL_Driver/Src/stm32h7xx_hal_ospi.o
                0x08003eb8                HAL_OSPIM_Config
 .text.OSPI_WaitFlagStateUntilTimeout
                0x08004888       0x6e ./Drivers/STM32H7xx_HAL_Driver/Src/stm32h7xx_hal_ospi.o
 *fill*         0x080048f6        0x2 
 .text.OSPI_ConfigCmd
                0x080048f8      0x2f4 ./Drivers/STM32H7xx_HAL_Driver/Src/stm32h7xx_hal_ospi.o
 .text.OSPIM_GetConfig
                0x08004bec      0x174 ./Drivers/STM32H7xx_HAL_Driver/Src/stm32h7xx_hal_ospi.o
 .text.HAL_PWREx_ConfigSupply
                0x08004d60       0xb4 ./Drivers/STM32H7xx_HAL_Driver/Src/stm32h7xx_hal_pwr_ex.o
                0x08004d60                HAL_PWREx_ConfigSupply
 .text.HAL_RCC_OscConfig
                0x08004e14      0x7b4 ./Drivers/STM32H7xx_HAL_Driver/Src/stm32h7xx_hal_rcc.o
                0x08004e14                HAL_RCC_OscConfig
 .text.HAL_RCC_ClockConfig
                0x080055c8      0x36c ./Drivers/STM32H7xx_HAL_Driver/Src/stm32h7xx_hal_rcc.o
                0x080055c8                HAL_RCC_ClockConfig
 .text.HAL_RCC_GetSysClockFreq
                0x08005934      0x2f4 ./Drivers/STM32H7xx_HAL_Driver/Src/stm32h7xx_hal_rcc.o
                0x08005934                HAL_RCC_GetSysClockFreq
 .text.HAL_RCCEx_PeriphCLKConfig
                0x08005c28     0x1340 ./Drivers/STM32H7xx_HAL_Driver/Src/stm32h7xx_hal_rcc_ex.o
                0x08005c28                HAL_RCCEx_PeriphCLKConfig
 .text.RCCEx_PLL2_Config
                0x08006f68      0x164 ./Drivers/STM32H7xx_HAL_Driver/Src/stm32h7xx_hal_rcc_ex.o
 .text.RCCEx_PLL3_Config
                0x080070cc      0x164 ./Drivers/STM32H7xx_HAL_Driver/Src/stm32h7xx_hal_rcc_ex.o
 .text.memset   0x08007230       0x10 C:/ST/STM32CubeIDE_1.15.0/STM32CubeIDE/plugins/com.st.stm32cube.ide.mcu.externaltools.gnu-tools-for-stm32.12.3.rel1.win32_1.0.200.202406191623/tools/bin/../lib/gcc/arm-none-eabi/12.3.1/../../../../arm-none-eabi/lib/thumb/v7e-m+dp/hard\libc_nano.a(libc_a-memset.o)
                0x08007230                memset
 .text.__libc_init_array
                0x08007240       0x48 C:/ST/STM32CubeIDE_1.15.0/STM32CubeIDE/plugins/com.st.stm32cube.ide.mcu.externaltools.gnu-tools-for-stm32.12.3.rel1.win32_1.0.200.202406191623/tools/bin/../lib/gcc/arm-none-eabi/12.3.1/../../../../arm-none-eabi/lib/thumb/v7e-m+dp/hard\libc_nano.a(libc_a-init.o)
                0x08007240                __libc_init_array
 *(.glue_7)
 .glue_7        0x08007288        0x0 linker stubs
 *(.glue_7t)
 .glue_7t       0x08007288        0x0 linker stubs
 *(.eh_frame)
 .eh_frame      0x08007288        0x0 C:/ST/STM32CubeIDE_1.15.0/STM32CubeIDE/plugins/com.st.stm32cube.ide.mcu.externaltools.gnu-tools-for-stm32.12.3.rel1.win32_1.0.200.202406191623/tools/bin/../lib/gcc/arm-none-eabi/12.3.1/thumb/v7e-m+dp/hard/crtbegin.o
 *(.init)
 .init          0x08007288        0x4 C:/ST/STM32CubeIDE_1.15.0/STM32CubeIDE/plugins/com.st.stm32cube.ide.mcu.externaltools.gnu-tools-for-stm32.12.3.rel1.win32_1.0.200.202406191623/tools/bin/../lib/gcc/arm-none-eabi/12.3.1/thumb/v7e-m+dp/hard/crti.o
                0x08007288                _init
 .init          0x0800728c        0x8 C:/ST/STM32CubeIDE_1.15.0/STM32CubeIDE/plugins/com.st.stm32cube.ide.mcu.externaltools.gnu-tools-for-stm32.12.3.rel1.win32_1.0.200.202406191623/tools/bin/../lib/gcc/arm-none-eabi/12.3.1/thumb/v7e-m+dp/hard/crtn.o
 *(.fini)
 .fini          0x08007294        0x4 C:/ST/STM32CubeIDE_1.15.0/STM32CubeIDE/plugins/com.st.stm32cube.ide.mcu.externaltools.gnu-tools-for-stm32.12.3.rel1.win32_1.0.200.202406191623/tools/bin/../lib/gcc/arm-none-eabi/12.3.1/thumb/v7e-m+dp/hard/crti.o
                0x08007294                _fini
 .fini          0x08007298        0x8 C:/ST/STM32CubeIDE_1.15.0/STM32CubeIDE/plugins/com.st.stm32cube.ide.mcu.externaltools.gnu-tools-for-stm32.12.3.rel1.win32_1.0.200.202406191623/tools/bin/../lib/gcc/arm-none-eabi/12.3.1/thumb/v7e-m+dp/hard/crtn.o
                0x080072a0                        . = ALIGN (0x4)
                0x080072a0                        _etext = .

.vfp11_veneer   0x080072a0        0x0
 .vfp11_veneer  0x080072a0        0x0 linker stubs

.v4_bx          0x080072a0        0x0
 .v4_bx         0x080072a0        0x0 linker stubs

.iplt           0x080072a0        0x0
 .iplt          0x080072a0        0x0 C:/ST/STM32CubeIDE_1.15.0/STM32CubeIDE/plugins/com.st.stm32cube.ide.mcu.externaltools.gnu-tools-for-stm32.12.3.rel1.win32_1.0.200.202406191623/tools/bin/../lib/gcc/arm-none-eabi/12.3.1/thumb/v7e-m+dp/hard/crtbegin.o

.rodata         0x080072a0       0x10
                0x080072a0                        . = ALIGN (0x4)
 *(.rodata)
 *(.rodata*)
 .rodata.D1CorePrescTable
                0x080072a0       0x10 ./Core/Src/system_stm32h7xx.o
                0x080072a0                D1CorePrescTable
                0x080072b0                        . = ALIGN (0x4)

.rel.dyn        0x080072b0        0x0
 .rel.iplt      0x080072b0        0x0 C:/ST/STM32CubeIDE_1.15.0/STM32CubeIDE/plugins/com.st.stm32cube.ide.mcu.externaltools.gnu-tools-for-stm32.12.3.rel1.win32_1.0.200.202406191623/tools/bin/../lib/gcc/arm-none-eabi/12.3.1/thumb/v7e-m+dp/hard/crtbegin.o

.ARM.extab      0x080072b0        0x0
                0x080072b0                        . = ALIGN (0x4)
 *(.ARM.extab* .gnu.linkonce.armextab.*)
                0x080072b0                        . = ALIGN (0x4)

.ARM            0x080072b0        0x0
                0x080072b0                        . = ALIGN (0x4)
                0x080072b0                        __exidx_start = .
 *(.ARM.exidx*)
                0x080072b0                        __exidx_end = .
                0x080072b0                        . = ALIGN (0x4)

.preinit_array  0x080072b0        0x0
                0x080072b0                        . = ALIGN (0x4)
                0x080072b0                        PROVIDE (__preinit_array_start = .)
 *(.preinit_array*)
                0x080072b0                        PROVIDE (__preinit_array_end = .)
                0x080072b0                        . = ALIGN (0x4)

.init_array     0x080072b0        0x4
                0x080072b0                        . = ALIGN (0x4)
                0x080072b0                        PROVIDE (__init_array_start = .)
 *(SORT_BY_NAME(.init_array.*))
 *(.init_array*)
 .init_array    0x080072b0        0x4 C:/ST/STM32CubeIDE_1.15.0/STM32CubeIDE/plugins/com.st.stm32cube.ide.mcu.externaltools.gnu-tools-for-stm32.12.3.rel1.win32_1.0.200.202406191623/tools/bin/../lib/gcc/arm-none-eabi/12.3.1/thumb/v7e-m+dp/hard/crtbegin.o
                0x080072b4                        PROVIDE (__init_array_end = .)
                0x080072b4                        . = ALIGN (0x4)

.fini_array     0x080072b4        0x4
                0x080072b4                        . = ALIGN (0x4)
                [!provide]                        PROVIDE (__fini_array_start = .)
 *(SORT_BY_NAME(.fini_array.*))
 *(.fini_array*)
 .fini_array    0x080072b4        0x4 C:/ST/STM32CubeIDE_1.15.0/STM32CubeIDE/plugins/com.st.stm32cube.ide.mcu.externaltools.gnu-tools-for-stm32.12.3.rel1.win32_1.0.200.202406191623/tools/bin/../lib/gcc/arm-none-eabi/12.3.1/thumb/v7e-m+dp/hard/crtbegin.o
                [!provide]                        PROVIDE (__fini_array_end = .)
                0x080072b8                        . = ALIGN (0x4)
                0x080072b8                        _sidata = LOADADDR (.data)

.data           0x24000000       0x74 load address 0x080072b8
                0x24000000                        . = ALIGN (0x4)
                0x24000000                        _sdata = .
 *(.data)
 *(.data*)
 .data.writeData
                0x24000000       0x64 ./Core/Src/main.o
                0x24000000                writeData
 .data.SystemCoreClock
                0x24000064        0x4 ./Core/Src/system_stm32h7xx.o
                0x24000064                SystemCoreClock
 .data.SystemD2Clock
                0x24000068        0x4 ./Core/Src/system_stm32h7xx.o
                0x24000068                SystemD2Clock
 .data.uwTickPrio
                0x2400006c        0x4 ./Drivers/STM32H7xx_HAL_Driver/Src/stm32h7xx_hal.o
                0x2400006c                uwTickPrio
 .data.uwTickFreq
                0x24000070        0x1 ./Drivers/STM32H7xx_HAL_Driver/Src/stm32h7xx_hal.o
                0x24000070                uwTickFreq
                0x24000074                        . = ALIGN (0x4)
 *fill*         0x24000071        0x3 
                0x24000074                        _edata = .

.igot.plt       0x24000074        0x0 load address 0x0800732c
 .igot.plt      0x24000074        0x0 C:/ST/STM32CubeIDE_1.15.0/STM32CubeIDE/plugins/com.st.stm32cube.ide.mcu.externaltools.gnu-tools-for-stm32.12.3.rel1.win32_1.0.200.202406191623/tools/bin/../lib/gcc/arm-none-eabi/12.3.1/thumb/v7e-m+dp/hard/crtbegin.o
                0x24000074                        . = ALIGN (0x4)

.bss            0x24000074      0x1ac load address 0x0800732c
                0x24000074                        _sbss = .
                0x24000074                        __bss_start__ = _sbss
 *(.bss)
 .bss           0x24000074       0x1c C:/ST/STM32CubeIDE_1.15.0/STM32CubeIDE/plugins/com.st.stm32cube.ide.mcu.externaltools.gnu-tools-for-stm32.12.3.rel1.win32_1.0.200.202406191623/tools/bin/../lib/gcc/arm-none-eabi/12.3.1/thumb/v7e-m+dp/hard/crtbegin.o
 *(.bss*)
 .bss.hospi1    0x24000090       0x5c ./Core/Src/main.o
                0x24000090                hospi1
 .bss.hospi2    0x240000ec       0x5c ./Core/Src/main.o
                0x240000ec                hospi2
 .bss.counter   0x24000148        0x4 ./Core/Src/main.o
                0x24000148                counter
 .bss.infoOfMemory
                0x2400014c        0x4 ./Core/Src/main.o
                0x2400014c                infoOfMemory
 .bss.dataFromMemory
                0x24000150       0x64 ./Core/Src/main.o
                0x24000150                dataFromMemory
 .bss.HAL_RCC_OCTOSPIM_CLK_ENABLED
                0x240001b4        0x4 ./Core/Src/stm32h7xx_hal_msp.o
 .bss.hospi_nor
                0x240001b8       0x5c ./Drivers/BSP/STM32H735G-DK/stm32h735g_discovery_ospi.o
                0x240001b8                hospi_nor
 .bss.Ospi_Nor_Ctx
                0x24000214        0x8 ./Drivers/BSP/STM32H735G-DK/stm32h735g_discovery_ospi.o
                0x24000214                Ospi_Nor_Ctx
 .bss.uwTick    0x2400021c        0x4 ./Drivers/STM32H7xx_HAL_Driver/Src/stm32h7xx_hal.o
                0x2400021c                uwTick
 *(COMMON)
                0x24000220                        . = ALIGN (0x4)
                0x24000220                        _ebss = .
                0x24000220                        __bss_end__ = _ebss

._user_heap_stack
                0x24000220     0x2000 load address 0x0800732c
                0x24000220                        . = ALIGN (0x8)
                [!provide]                        PROVIDE (end = .)
                0x24000220                        PROVIDE (_end = .)
                0x24001220                        . = (. + _Min_Heap_Size)
 *fill*         0x24000220     0x1000 
                0x24002220                        . = (. + _Min_Stack_Size)
 *fill*         0x24001220     0x1000 
                0x24002220                        . = ALIGN (0x8)

/DISCARD/
 libc.a(*)
 libm.a(*)
 libgcc.a(*)

.ARM.attributes
                0x00000000       0x2e
 *(.ARM.attributes)
 .ARM.attributes
                0x00000000       0x20 C:/ST/STM32CubeIDE_1.15.0/STM32CubeIDE/plugins/com.st.stm32cube.ide.mcu.externaltools.gnu-tools-for-stm32.12.3.rel1.win32_1.0.200.202406191623/tools/bin/../lib/gcc/arm-none-eabi/12.3.1/thumb/v7e-m+dp/hard/crti.o
 .ARM.attributes
                0x00000020       0x32 C:/ST/STM32CubeIDE_1.15.0/STM32CubeIDE/plugins/com.st.stm32cube.ide.mcu.externaltools.gnu-tools-for-stm32.12.3.rel1.win32_1.0.200.202406191623/tools/bin/../lib/gcc/arm-none-eabi/12.3.1/thumb/v7e-m+dp/hard/crtbegin.o
 .ARM.attributes
                0x00000052       0x32 ./Core/Src/main.o
 .ARM.attributes
                0x00000084       0x32 ./Core/Src/stm32h7xx_hal_msp.o
 .ARM.attributes
                0x000000b6       0x32 ./Core/Src/stm32h7xx_it.o
 .ARM.attributes
                0x000000e8       0x32 ./Core/Src/system_stm32h7xx.o
 .ARM.attributes
                0x0000011a       0x21 ./Core/Startup/startup_stm32h735igtx.o
 .ARM.attributes
                0x0000013b       0x32 ./Drivers/BSP/Components/mx25lm51245g.o
 .ARM.attributes
                0x0000016d       0x32 ./Drivers/BSP/STM32H735G-DK/stm32h735g_discovery_ospi.o
 .ARM.attributes
                0x0000019f       0x32 ./Drivers/STM32H7xx_HAL_Driver/Src/stm32h7xx_hal.o
 .ARM.attributes
                0x000001d1       0x32 ./Drivers/STM32H7xx_HAL_Driver/Src/stm32h7xx_hal_cortex.o
 .ARM.attributes
                0x00000203       0x32 ./Drivers/STM32H7xx_HAL_Driver/Src/stm32h7xx_hal_gpio.o
 .ARM.attributes
                0x00000235       0x32 ./Drivers/STM32H7xx_HAL_Driver/Src/stm32h7xx_hal_mdma.o
 .ARM.attributes
                0x00000267       0x32 ./Drivers/STM32H7xx_HAL_Driver/Src/stm32h7xx_hal_ospi.o
 .ARM.attributes
                0x00000299       0x32 ./Drivers/STM32H7xx_HAL_Driver/Src/stm32h7xx_hal_pwr_ex.o
 .ARM.attributes
                0x000002cb       0x32 ./Drivers/STM32H7xx_HAL_Driver/Src/stm32h7xx_hal_rcc.o
 .ARM.attributes
                0x000002fd       0x32 ./Drivers/STM32H7xx_HAL_Driver/Src/stm32h7xx_hal_rcc_ex.o
 .ARM.attributes
                0x0000032f       0x32 C:/ST/STM32CubeIDE_1.15.0/STM32CubeIDE/plugins/com.st.stm32cube.ide.mcu.externaltools.gnu-tools-for-stm32.12.3.rel1.win32_1.0.200.202406191623/tools/bin/../lib/gcc/arm-none-eabi/12.3.1/../../../../arm-none-eabi/lib/thumb/v7e-m+dp/hard\libc_nano.a(libc_a-memset.o)
 .ARM.attributes
                0x00000361       0x32 C:/ST/STM32CubeIDE_1.15.0/STM32CubeIDE/plugins/com.st.stm32cube.ide.mcu.externaltools.gnu-tools-for-stm32.12.3.rel1.win32_1.0.200.202406191623/tools/bin/../lib/gcc/arm-none-eabi/12.3.1/../../../../arm-none-eabi/lib/thumb/v7e-m+dp/hard\libc_nano.a(libc_a-init.o)
 .ARM.attributes
                0x00000393       0x20 C:/ST/STM32CubeIDE_1.15.0/STM32CubeIDE/plugins/com.st.stm32cube.ide.mcu.externaltools.gnu-tools-for-stm32.12.3.rel1.win32_1.0.200.202406191623/tools/bin/../lib/gcc/arm-none-eabi/12.3.1/thumb/v7e-m+dp/hard/crtn.o

ExtFlashSection
                0x90000000        0x0
 *(ExtFlashSection ExtFlashSection.*)
 *(.gnu.linkonce.r.*)
                0x90000000                        . = ALIGN (0x4)

BufferSection   0x70000000        0x0
 *(TouchGFX_Framebuffer TouchGFX_Framebuffer.*)
 *(.gnu.linkonce.r.*)
                0x70000000                        . = ALIGN (0x4)
 *(Video_RGB_Buffer Video_RGB_Buffer.*)
 *(.gnu.linkonce.r.*)
                0x70000000                        . = ALIGN (0x4)
OUTPUT(CustomSTM32HTestRamFlash.elf elf32-littlearm)
LOAD linker stubs
LOAD C:/ST/STM32CubeIDE_1.15.0/STM32CubeIDE/plugins/com.st.stm32cube.ide.mcu.externaltools.gnu-tools-for-stm32.12.3.rel1.win32_1.0.200.202406191623/tools/bin/../lib/gcc/arm-none-eabi/12.3.1/../../../../arm-none-eabi/lib/thumb/v7e-m+dp/hard\libc.a
LOAD C:/ST/STM32CubeIDE_1.15.0/STM32CubeIDE/plugins/com.st.stm32cube.ide.mcu.externaltools.gnu-tools-for-stm32.12.3.rel1.win32_1.0.200.202406191623/tools/bin/../lib/gcc/arm-none-eabi/12.3.1/../../../../arm-none-eabi/lib/thumb/v7e-m+dp/hard\libm.a
LOAD C:/ST/STM32CubeIDE_1.15.0/STM32CubeIDE/plugins/com.st.stm32cube.ide.mcu.externaltools.gnu-tools-for-stm32.12.3.rel1.win32_1.0.200.202406191623/tools/bin/../lib/gcc/arm-none-eabi/12.3.1/thumb/v7e-m+dp/hard\libgcc.a

.debug_info     0x00000000    0x10350
 .debug_info    0x00000000     0x1bbf ./Core/Src/main.o
 .debug_info    0x00001bbf      0xff1 ./Core/Src/stm32h7xx_hal_msp.o
 .debug_info    0x00002bb0      0x128 ./Core/Src/stm32h7xx_it.o
 .debug_info    0x00002cd8      0xb2e ./Core/Src/system_stm32h7xx.o
 .debug_info    0x00003806       0x30 ./Core/Startup/startup_stm32h735igtx.o
 .debug_info    0x00003836     0x17ee ./Drivers/BSP/Components/mx25lm51245g.o
 .debug_info    0x00005024     0x2ccf ./Drivers/BSP/STM32H735G-DK/stm32h735g_discovery_ospi.o
 .debug_info    0x00007cf3     0x16aa ./Drivers/STM32H7xx_HAL_Driver/Src/stm32h7xx_hal.o
 .debug_info    0x0000939d     0x10b2 ./Drivers/STM32H7xx_HAL_Driver/Src/stm32h7xx_hal_cortex.o
 .debug_info    0x0000a44f      0xc5c ./Drivers/STM32H7xx_HAL_Driver/Src/stm32h7xx_hal_gpio.o
 .debug_info    0x0000b0ab      0xbbe ./Drivers/STM32H7xx_HAL_Driver/Src/stm32h7xx_hal_mdma.o
 .debug_info    0x0000bc69     0x19b4 ./Drivers/STM32H7xx_HAL_Driver/Src/stm32h7xx_hal_ospi.o
 .debug_info    0x0000d61d      0xdc4 ./Drivers/STM32H7xx_HAL_Driver/Src/stm32h7xx_hal_pwr_ex.o
 .debug_info    0x0000e3e1      0xd73 ./Drivers/STM32H7xx_HAL_Driver/Src/stm32h7xx_hal_rcc.o
 .debug_info    0x0000f154     0x11fc ./Drivers/STM32H7xx_HAL_Driver/Src/stm32h7xx_hal_rcc_ex.o

.debug_abbrev   0x00000000     0x20d3
 .debug_abbrev  0x00000000      0x2cf ./Core/Src/main.o
 .debug_abbrev  0x000002cf      0x1ea ./Core/Src/stm32h7xx_hal_msp.o
 .debug_abbrev  0x000004b9       0x73 ./Core/Src/stm32h7xx_it.o
 .debug_abbrev  0x0000052c      0x13a ./Core/Src/system_stm32h7xx.o
 .debug_abbrev  0x00000666       0x24 ./Core/Startup/startup_stm32h735igtx.o
 .debug_abbrev  0x0000068a      0x246 ./Drivers/BSP/Components/mx25lm51245g.o
 .debug_abbrev  0x000008d0      0x3c9 ./Drivers/BSP/STM32H735G-DK/stm32h735g_discovery_ospi.o
 .debug_abbrev  0x00000c99      0x29e ./Drivers/STM32H7xx_HAL_Driver/Src/stm32h7xx_hal.o
 .debug_abbrev  0x00000f37      0x339 ./Drivers/STM32H7xx_HAL_Driver/Src/stm32h7xx_hal_cortex.o
 .debug_abbrev  0x00001270      0x1fe ./Drivers/STM32H7xx_HAL_Driver/Src/stm32h7xx_hal_gpio.o
 .debug_abbrev  0x0000146e      0x1f8 ./Drivers/STM32H7xx_HAL_Driver/Src/stm32h7xx_hal_mdma.o
 .debug_abbrev  0x00001666      0x2be ./Drivers/STM32H7xx_HAL_Driver/Src/stm32h7xx_hal_ospi.o
 .debug_abbrev  0x00001924      0x295 ./Drivers/STM32H7xx_HAL_Driver/Src/stm32h7xx_hal_pwr_ex.o
 .debug_abbrev  0x00001bb9      0x2b1 ./Drivers/STM32H7xx_HAL_Driver/Src/stm32h7xx_hal_rcc.o
 .debug_abbrev  0x00001e6a      0x269 ./Drivers/STM32H7xx_HAL_Driver/Src/stm32h7xx_hal_rcc_ex.o

.debug_aranges  0x00000000      0xbc8
 .debug_aranges
                0x00000000       0x68 ./Core/Src/main.o
 .debug_aranges
                0x00000068       0x30 ./Core/Src/stm32h7xx_hal_msp.o
 .debug_aranges
                0x00000098       0x60 ./Core/Src/stm32h7xx_it.o
 .debug_aranges
                0x000000f8       0x28 ./Core/Src/system_stm32h7xx.o
 .debug_aranges
                0x00000120       0x28 ./Core/Startup/startup_stm32h735igtx.o
 .debug_aranges
                0x00000148       0xf0 ./Drivers/BSP/Components/mx25lm51245g.o
 .debug_aranges
                0x00000238      0x148 ./Drivers/BSP/STM32H735G-DK/stm32h735g_discovery_ospi.o
 .debug_aranges
                0x00000380      0x1c8 ./Drivers/STM32H7xx_HAL_Driver/Src/stm32h7xx_hal.o
 .debug_aranges
                0x00000548      0x130 ./Drivers/STM32H7xx_HAL_Driver/Src/stm32h7xx_hal_cortex.o
 .debug_aranges
                0x00000678       0x58 ./Drivers/STM32H7xx_HAL_Driver/Src/stm32h7xx_hal_gpio.o
 .debug_aranges
                0x000006d0       0xc0 ./Drivers/STM32H7xx_HAL_Driver/Src/stm32h7xx_hal_mdma.o
 .debug_aranges
                0x00000790      0x170 ./Drivers/STM32H7xx_HAL_Driver/Src/stm32h7xx_hal_ospi.o
 .debug_aranges
                0x00000900      0x148 ./Drivers/STM32H7xx_HAL_Driver/Src/stm32h7xx_hal_pwr_ex.o
 .debug_aranges
                0x00000a48       0x88 ./Drivers/STM32H7xx_HAL_Driver/Src/stm32h7xx_hal_rcc.o
 .debug_aranges
                0x00000ad0       0xf8 ./Drivers/STM32H7xx_HAL_Driver/Src/stm32h7xx_hal_rcc_ex.o

.debug_rnglists
                0x00000000      0x90a
 .debug_rnglists
                0x00000000       0x50 ./Core/Src/main.o
 .debug_rnglists
                0x00000050       0x21 ./Core/Src/stm32h7xx_hal_msp.o
 .debug_rnglists
                0x00000071       0x43 ./Core/Src/stm32h7xx_it.o
 .debug_rnglists
                0x000000b4       0x1b ./Core/Src/system_stm32h7xx.o
 .debug_rnglists
                0x000000cf       0x19 ./Core/Startup/startup_stm32h735igtx.o
 .debug_rnglists
                0x000000e8       0xc9 ./Drivers/BSP/Components/mx25lm51245g.o
 .debug_rnglists
                0x000001b1      0x109 ./Drivers/BSP/STM32H735G-DK/stm32h735g_discovery_ospi.o
 .debug_rnglists
                0x000002ba      0x155 ./Drivers/STM32H7xx_HAL_Driver/Src/stm32h7xx_hal.o
 .debug_rnglists
                0x0000040f       0xe0 ./Drivers/STM32H7xx_HAL_Driver/Src/stm32h7xx_hal_cortex.o
 .debug_rnglists
                0x000004ef       0x3f ./Drivers/STM32H7xx_HAL_Driver/Src/stm32h7xx_hal_gpio.o
 .debug_rnglists
                0x0000052e       0x9c ./Drivers/STM32H7xx_HAL_Driver/Src/stm32h7xx_hal_mdma.o
 .debug_rnglists
                0x000005ca      0x122 ./Drivers/STM32H7xx_HAL_Driver/Src/stm32h7xx_hal_ospi.o
 .debug_rnglists
                0x000006ec       0xf6 ./Drivers/STM32H7xx_HAL_Driver/Src/stm32h7xx_hal_pwr_ex.o
 .debug_rnglists
                0x000007e2       0x68 ./Drivers/STM32H7xx_HAL_Driver/Src/stm32h7xx_hal_rcc.o
 .debug_rnglists
                0x0000084a       0xc0 ./Drivers/STM32H7xx_HAL_Driver/Src/stm32h7xx_hal_rcc_ex.o

.debug_macro    0x00000000    0x3304d
 .debug_macro   0x00000000      0x344 ./Core/Src/main.o
 .debug_macro   0x00000344      0xacc ./Core/Src/main.o
 .debug_macro   0x00000e10      0x232 ./Core/Src/main.o
 .debug_macro   0x00001042       0x2e ./Core/Src/main.o
 .debug_macro   0x00001070       0x42 ./Core/Src/main.o
 .debug_macro   0x000010b2       0x22 ./Core/Src/main.o
 .debug_macro   0x000010d4       0x8e ./Core/Src/main.o
 .debug_macro   0x00001162       0x51 ./Core/Src/main.o
 .debug_macro   0x000011b3      0x103 ./Core/Src/main.o
 .debug_macro   0x000012b6       0x6a ./Core/Src/main.o
 .debug_macro   0x00001320      0x1df ./Core/Src/main.o
 .debug_macro   0x000014ff       0x1c ./Core/Src/main.o
 .debug_macro   0x0000151b       0x22 ./Core/Src/main.o
 .debug_macro   0x0000153d       0xfb ./Core/Src/main.o
 .debug_macro   0x00001638     0x1305 ./Core/Src/main.o
 .debug_macro   0x0000293d      0x11f ./Core/Src/main.o
 .debug_macro   0x00002a5c       0x27 ./Core/Src/main.o
 .debug_macro   0x00002a83    0x21cf4 ./Core/Src/main.o
 .debug_macro   0x00024777       0x6d ./Core/Src/main.o
 .debug_macro   0x000247e4     0x3d64 ./Core/Src/main.o
 .debug_macro   0x00028548      0x189 ./Core/Src/main.o
 .debug_macro   0x000286d1       0x61 ./Core/Src/main.o
 .debug_macro   0x00028732       0x29 ./Core/Src/main.o
 .debug_macro   0x0002875b       0x43 ./Core/Src/main.o
 .debug_macro   0x0002879e       0x34 ./Core/Src/main.o
 .debug_macro   0x000287d2       0x16 ./Core/Src/main.o
 .debug_macro   0x000287e8       0x43 ./Core/Src/main.o
 .debug_macro   0x0002882b       0x34 ./Core/Src/main.o
 .debug_macro   0x0002885f       0x10 ./Core/Src/main.o
 .debug_macro   0x0002886f       0x58 ./Core/Src/main.o
 .debug_macro   0x000288c7       0x8e ./Core/Src/main.o
 .debug_macro   0x00028955       0x1c ./Core/Src/main.o
 .debug_macro   0x00028971      0x177 ./Core/Src/main.o
 .debug_macro   0x00028ae8      0x369 ./Core/Src/main.o
 .debug_macro   0x00028e51      0x19b ./Core/Src/main.o
 .debug_macro   0x00028fec       0x5d ./Core/Src/main.o
 .debug_macro   0x00029049     0x257a ./Core/Src/main.o
 .debug_macro   0x0002b5c3     0x1079 ./Core/Src/main.o
 .debug_macro   0x0002c63c      0x154 ./Core/Src/main.o
 .debug_macro   0x0002c790      0x114 ./Core/Src/main.o
 .debug_macro   0x0002c8a4      0x3fc ./Core/Src/main.o
 .debug_macro   0x0002cca0       0xac ./Core/Src/main.o
 .debug_macro   0x0002cd4c      0x788 ./Core/Src/main.o
 .debug_macro   0x0002d4d4      0x228 ./Core/Src/main.o
 .debug_macro   0x0002d6fc       0x66 ./Core/Src/main.o
 .debug_macro   0x0002d762      0x3a6 ./Core/Src/main.o
 .debug_macro   0x0002db08      0x3f9 ./Core/Src/main.o
 .debug_macro   0x0002df01      0x275 ./Core/Src/main.o
 .debug_macro   0x0002e176      0x3ca ./Core/Src/main.o
 .debug_macro   0x0002e540      0x45c ./Core/Src/main.o
 .debug_macro   0x0002e99c       0x3c ./Core/Src/main.o
 .debug_macro   0x0002e9d8       0x4a ./Core/Src/main.o
 .debug_macro   0x0002ea22      0x22c ./Core/Src/main.o
 .debug_macro   0x0002ec4e       0x67 ./Core/Src/main.o
 .debug_macro   0x0002ecb5       0xa5 ./Core/Src/main.o
 .debug_macro   0x0002ed5a      0x520 ./Core/Src/main.o
 .debug_macro   0x0002f27a      0x1c4 ./Core/Src/main.o
 .debug_macro   0x0002f43e      0x25b ./Core/Src/main.o
 .debug_macro   0x0002f699       0x35 ./Core/Src/main.o
 .debug_macro   0x0002f6ce      0x5e6 ./Core/Src/main.o
 .debug_macro   0x0002fcb4       0x94 ./Core/Src/main.o
 .debug_macro   0x0002fd48       0xa6 ./Core/Src/main.o
 .debug_macro   0x0002fdee       0x34 ./Core/Src/main.o
 .debug_macro   0x0002fe22      0x398 ./Core/Src/main.o
 .debug_macro   0x000301ba       0x34 ./Core/Src/main.o
 .debug_macro   0x000301ee      0x10c ./Core/Src/main.o
 .debug_macro   0x000302fa      0x34e ./Core/Src/main.o
 .debug_macro   0x00030648      0x5b4 ./Core/Src/main.o
 .debug_macro   0x00030bfc       0x1c ./Core/Src/main.o
 .debug_macro   0x00030c18       0x76 ./Core/Src/main.o
 .debug_macro   0x00030c8e       0x90 ./Core/Src/main.o
 .debug_macro   0x00030d1e       0x6a ./Core/Src/main.o
 .debug_macro   0x00030d88      0x294 ./Core/Src/stm32h7xx_hal_msp.o
 .debug_macro   0x0003101c      0x29e ./Core/Src/stm32h7xx_it.o
 .debug_macro   0x000312ba      0x28a ./Core/Src/system_stm32h7xx.o
 .debug_macro   0x00031544      0x2a8 ./Drivers/BSP/Components/mx25lm51245g.o
 .debug_macro   0x000317ec       0x2e ./Drivers/BSP/Components/mx25lm51245g.o
 .debug_macro   0x0003181a      0x2e1 ./Drivers/BSP/STM32H735G-DK/stm32h735g_discovery_ospi.o
 .debug_macro   0x00031afb      0x2b4 ./Drivers/STM32H7xx_HAL_Driver/Src/stm32h7xx_hal.o
 .debug_macro   0x00031daf      0x28a ./Drivers/STM32H7xx_HAL_Driver/Src/stm32h7xx_hal_cortex.o
 .debug_macro   0x00032039      0x291 ./Drivers/STM32H7xx_HAL_Driver/Src/stm32h7xx_hal_gpio.o
 .debug_macro   0x000322ca      0x299 ./Drivers/STM32H7xx_HAL_Driver/Src/stm32h7xx_hal_mdma.o
 .debug_macro   0x00032563      0x2d1 ./Drivers/STM32H7xx_HAL_Driver/Src/stm32h7xx_hal_ospi.o
 .debug_macro   0x00032834      0x2c3 ./Drivers/STM32H7xx_HAL_Driver/Src/stm32h7xx_hal_pwr_ex.o
 .debug_macro   0x00032af7      0x2ae ./Drivers/STM32H7xx_HAL_Driver/Src/stm32h7xx_hal_rcc.o
 .debug_macro   0x00032da5      0x2a8 ./Drivers/STM32H7xx_HAL_Driver/Src/stm32h7xx_hal_rcc_ex.o

.debug_line     0x00000000     0xfe7c
 .debug_line    0x00000000      0xefc ./Core/Src/main.o
 .debug_line    0x00000efc      0x9e8 ./Core/Src/stm32h7xx_hal_msp.o
 .debug_line    0x000018e4      0x95b ./Core/Src/stm32h7xx_it.o
 .debug_line    0x0000223f      0xa49 ./Core/Src/system_stm32h7xx.o
 .debug_line    0x00002c88       0x7a ./Core/Startup/startup_stm32h735igtx.o
 .debug_line    0x00002d02     0x248e ./Drivers/BSP/Components/mx25lm51245g.o
 .debug_line    0x00005190     0x15ac ./Drivers/BSP/STM32H735G-DK/stm32h735g_discovery_ospi.o
 .debug_line    0x0000673c      0xeda ./Drivers/STM32H7xx_HAL_Driver/Src/stm32h7xx_hal.o
 .debug_line    0x00007616      0xe78 ./Drivers/STM32H7xx_HAL_Driver/Src/stm32h7xx_hal_cortex.o
 .debug_line    0x0000848e      0xd0d ./Drivers/STM32H7xx_HAL_Driver/Src/stm32h7xx_hal_gpio.o
 .debug_line    0x0000919b     0x14ff ./Drivers/STM32H7xx_HAL_Driver/Src/stm32h7xx_hal_mdma.o
 .debug_line    0x0000a69a     0x1941 ./Drivers/STM32H7xx_HAL_Driver/Src/stm32h7xx_hal_ospi.o
 .debug_line    0x0000bfdb      0xef2 ./Drivers/STM32H7xx_HAL_Driver/Src/stm32h7xx_hal_pwr_ex.o
 .debug_line    0x0000cecd     0x1370 ./Drivers/STM32H7xx_HAL_Driver/Src/stm32h7xx_hal_rcc.o
 .debug_line    0x0000e23d     0x1c3f ./Drivers/STM32H7xx_HAL_Driver/Src/stm32h7xx_hal_rcc_ex.o

.debug_str      0x00000000   0x1464f9
 .debug_str     0x00000000   0x1427b0 ./Core/Src/main.o
                             0x142e0c (size before relaxing)
 .debug_str     0x001427b0       0xff ./Core/Src/stm32h7xx_hal_msp.o
                             0x13cb7d (size before relaxing)
 .debug_str     0x001428af       0xc9 ./Core/Src/stm32h7xx_it.o
                             0x13c3a9 (size before relaxing)
 .debug_str     0x00142978      0x2a4 ./Core/Src/system_stm32h7xx.o
                             0x13c7eb (size before relaxing)
 .debug_str     0x00142c1c       0x44 ./Core/Startup/startup_stm32h735igtx.o
                                 0x93 (size before relaxing)
 .debug_str     0x00142c60      0x4f2 ./Drivers/BSP/Components/mx25lm51245g.o
                             0x13e6a3 (size before relaxing)
 .debug_str     0x00143152      0xd59 ./Drivers/BSP/STM32H735G-DK/stm32h735g_discovery_ospi.o
                             0x141a69 (size before relaxing)
 .debug_str     0x00143eab      0x98d ./Drivers/STM32H7xx_HAL_Driver/Src/stm32h7xx_hal.o
                             0x13d89e (size before relaxing)
 .debug_str     0x00144838      0x2af ./Drivers/STM32H7xx_HAL_Driver/Src/stm32h7xx_hal_cortex.o
                             0x13d1b8 (size before relaxing)
 .debug_str     0x00144ae7      0x12d ./Drivers/STM32H7xx_HAL_Driver/Src/stm32h7xx_hal_gpio.o
                             0x13c836 (size before relaxing)
 .debug_str     0x00144c14      0x4bc ./Drivers/STM32H7xx_HAL_Driver/Src/stm32h7xx_hal_mdma.o
                             0x13cbb1 (size before relaxing)
 .debug_str     0x001450d0      0x5d6 ./Drivers/STM32H7xx_HAL_Driver/Src/stm32h7xx_hal_ospi.o
                             0x13d28b (size before relaxing)
 .debug_str     0x001456a6      0x5da ./Drivers/STM32H7xx_HAL_Driver/Src/stm32h7xx_hal_pwr_ex.o
                             0x13cc3e (size before relaxing)
 .debug_str     0x00145c80      0x22e ./Drivers/STM32H7xx_HAL_Driver/Src/stm32h7xx_hal_rcc.o
                             0x13cbb9 (size before relaxing)
 .debug_str     0x00145eae      0x64b ./Drivers/STM32H7xx_HAL_Driver/Src/stm32h7xx_hal_rcc_ex.o
                             0x13d0d1 (size before relaxing)

.comment        0x00000000       0x43
 .comment       0x00000000       0x43 ./Core/Src/main.o
                                 0x44 (size before relaxing)
 .comment       0x00000043       0x44 ./Core/Src/stm32h7xx_hal_msp.o
 .comment       0x00000043       0x44 ./Core/Src/stm32h7xx_it.o
 .comment       0x00000043       0x44 ./Core/Src/system_stm32h7xx.o
 .comment       0x00000043       0x44 ./Drivers/BSP/Components/mx25lm51245g.o
 .comment       0x00000043       0x44 ./Drivers/BSP/STM32H735G-DK/stm32h735g_discovery_ospi.o
 .comment       0x00000043       0x44 ./Drivers/STM32H7xx_HAL_Driver/Src/stm32h7xx_hal.o
 .comment       0x00000043       0x44 ./Drivers/STM32H7xx_HAL_Driver/Src/stm32h7xx_hal_cortex.o
 .comment       0x00000043       0x44 ./Drivers/STM32H7xx_HAL_Driver/Src/stm32h7xx_hal_gpio.o
 .comment       0x00000043       0x44 ./Drivers/STM32H7xx_HAL_Driver/Src/stm32h7xx_hal_mdma.o
 .comment       0x00000043       0x44 ./Drivers/STM32H7xx_HAL_Driver/Src/stm32h7xx_hal_ospi.o
 .comment       0x00000043       0x44 ./Drivers/STM32H7xx_HAL_Driver/Src/stm32h7xx_hal_pwr_ex.o
 .comment       0x00000043       0x44 ./Drivers/STM32H7xx_HAL_Driver/Src/stm32h7xx_hal_rcc.o
 .comment       0x00000043       0x44 ./Drivers/STM32H7xx_HAL_Driver/Src/stm32h7xx_hal_rcc_ex.o

.debug_frame    0x00000000     0x2fec
 .debug_frame   0x00000000      0x158 ./Core/Src/main.o
 .debug_frame   0x00000158       0x84 ./Core/Src/stm32h7xx_hal_msp.o
 .debug_frame   0x000001dc      0x104 ./Core/Src/stm32h7xx_it.o
 .debug_frame   0x000002e0       0x58 ./Core/Src/system_stm32h7xx.o
 .debug_frame   0x00000338      0x3e0 ./Drivers/BSP/Components/mx25lm51245g.o
 .debug_frame   0x00000718      0x58c ./Drivers/BSP/STM32H735G-DK/stm32h735g_discovery_ospi.o
 .debug_frame   0x00000ca4      0x760 ./Drivers/STM32H7xx_HAL_Driver/Src/stm32h7xx_hal.o
 .debug_frame   0x00001404      0x508 ./Drivers/STM32H7xx_HAL_Driver/Src/stm32h7xx_hal_cortex.o
 .debug_frame   0x0000190c      0x14c ./Drivers/STM32H7xx_HAL_Driver/Src/stm32h7xx_hal_gpio.o
 .debug_frame   0x00001a58      0x34c ./Drivers/STM32H7xx_HAL_Driver/Src/stm32h7xx_hal_mdma.o
 .debug_frame   0x00001da4      0x6ac ./Drivers/STM32H7xx_HAL_Driver/Src/stm32h7xx_hal_ospi.o
 .debug_frame   0x00002450      0x540 ./Drivers/STM32H7xx_HAL_Driver/Src/stm32h7xx_hal_pwr_ex.o
 .debug_frame   0x00002990      0x1fc ./Drivers/STM32H7xx_HAL_Driver/Src/stm32h7xx_hal_rcc.o
 .debug_frame   0x00002b8c      0x414 ./Drivers/STM32H7xx_HAL_Driver/Src/stm32h7xx_hal_rcc_ex.o
 .debug_frame   0x00002fa0       0x20 C:/ST/STM32CubeIDE_1.15.0/STM32CubeIDE/plugins/com.st.stm32cube.ide.mcu.externaltools.gnu-tools-for-stm32.12.3.rel1.win32_1.0.200.202406191623/tools/bin/../lib/gcc/arm-none-eabi/12.3.1/../../../../arm-none-eabi/lib/thumb/v7e-m+dp/hard\libc_nano.a(libc_a-memset.o)
 .debug_frame   0x00002fc0       0x2c C:/ST/STM32CubeIDE_1.15.0/STM32CubeIDE/plugins/com.st.stm32cube.ide.mcu.externaltools.gnu-tools-for-stm32.12.3.rel1.win32_1.0.200.202406191623/tools/bin/../lib/gcc/arm-none-eabi/12.3.1/../../../../arm-none-eabi/lib/thumb/v7e-m+dp/hard\libc_nano.a(libc_a-init.o)

.debug_line_str
                0x00000000       0x77
 .debug_line_str
                0x00000000       0x77 ./Core/Startup/startup_stm32h735igtx.o
