C:/ProjectsOnC/PhasorRadio/CustomSTM32H735Board/CustomBoardSTM32H735TestHW/Core/Src/main.c:647:6:StartDefaultTask	1
C:/ProjectsOnC/PhasorRadio/CustomSTM32H735Board/CustomBoardSTM32H735TestHW/Core/Src/main.c:218:6:SystemClock_Config	2
C:/ProjectsOnC/PhasorRadio/CustomSTM32H735Board/CustomBoardSTM32H735TestHW/Core/Src/main.c:276:6:PeriphCommonClock_Config	1
C:/ProjectsOnC/PhasorRadio/CustomSTM32H735Board/CustomBoardSTM32H735TestHW/Core/Src/main.c:109:5:main	5
C:/ProjectsOnC/PhasorRadio/CustomSTM32H735Board/CustomBoardSTM32H735TestHW/Core/Src/main.c:736:6:HAL_TIM_PeriodElapsedCallback	2
C:/ProjectsOnC/PhasorRadio/CustomSTM32H735Board/CustomBoardSTM32H735TestHW/Core/Src/main.c:753:6:Error_Handler	1
