14:44:14 **** Incremental Build of configuration Debug for project STM32H735G-DK ****
make -j16 all 
arm-none-eabi-g++ "C:/ProjectsOnC/PhasorRadio/Code/PhasorRadio1/TouchGFX/gui/src/screen1_screen/Screen1Presenter.cpp" -mcpu=cortex-m7 -std=gnu++14 -g -DUSE_HAL_DRIVER -DARM_MATH_CM7 -DUSE_BPP=24 -DDEBUG -DSTM32H735xx -c -I../../Core/Inc -I../../TouchGFX/App -I../../TouchGFX/target/generated -I../../TouchGFX/target -I../../Drivers/STM32H7xx_HAL_Driver/Inc -I../../Drivers/STM32H7xx_HAL_Driver/Inc/Legacy -I../../Middlewares/Third_Party/FreeRTOS/Source/include -I../../Middlewares/Third_Party/FreeRTOS/Source/CMSIS_RTOS_V2 -I../../Middlewares/Third_Party/FreeRTOS/Source/portable/GCC/ARM_CM4F -I../../Drivers/CMSIS/Device/ST/STM32H7xx/Include -I../../Drivers/CMSIS/Include -I../../Drivers/BSP/Components/Common -I../../Drivers/BSP/STM32H735G-DK -I../../Middlewares/ST/touchgfx/framework/include -I../../TouchGFX/generated/fonts/include -I../../TouchGFX/generated/gui_generated/include -I../../TouchGFX/generated/images/include -I../../TouchGFX/generated/texts/include -I../../TouchGFX/gui/include -I../../TouchGFX/generated/videos/include -O0 -ffunction-sections -fdata-sections -fno-exceptions -fno-rtti -fno-use-cxa-atexit -Wall -femit-class-debug-always -fstack-usage -fcyclomatic-complexity -MMD -MP -MF"Application/User/gui/Screen1Presenter.d" -MT"Application/User/gui/Screen1Presenter.o" --specs=nano.specs -mfpu=fpv5-d16 -mfloat-abi=hard -mthumb -o "Application/User/gui/Screen1Presenter.o"
arm-none-eabi-g++ "C:/ProjectsOnC/PhasorRadio/Code/PhasorRadio1/TouchGFX/gui/src/screen1_screen/Screen1View.cpp" -mcpu=cortex-m7 -std=gnu++14 -g -DUSE_HAL_DRIVER -DARM_MATH_CM7 -DUSE_BPP=24 -DDEBUG -DSTM32H735xx -c -I../../Core/Inc -I../../TouchGFX/App -I../../TouchGFX/target/generated -I../../TouchGFX/target -I../../Drivers/STM32H7xx_HAL_Driver/Inc -I../../Drivers/STM32H7xx_HAL_Driver/Inc/Legacy -I../../Middlewares/Third_Party/FreeRTOS/Source/include -I../../Middlewares/Third_Party/FreeRTOS/Source/CMSIS_RTOS_V2 -I../../Middlewares/Third_Party/FreeRTOS/Source/portable/GCC/ARM_CM4F -I../../Drivers/CMSIS/Device/ST/STM32H7xx/Include -I../../Drivers/CMSIS/Include -I../../Drivers/BSP/Components/Common -I../../Drivers/BSP/STM32H735G-DK -I../../Middlewares/ST/touchgfx/framework/include -I../../TouchGFX/generated/fonts/include -I../../TouchGFX/generated/gui_generated/include -I../../TouchGFX/generated/images/include -I../../TouchGFX/generated/texts/include -I../../TouchGFX/gui/include -I../../TouchGFX/generated/videos/include -O0 -ffunction-sections -fdata-sections -fno-exceptions -fno-rtti -fno-use-cxa-atexit -Wall -femit-class-debug-always -fstack-usage -fcyclomatic-complexity -MMD -MP -MF"Application/User/gui/Screen1View.d" -MT"Application/User/gui/Screen1View.o" --specs=nano.specs -mfpu=fpv5-d16 -mfloat-abi=hard -mthumb -o "Application/User/gui/Screen1View.o"
arm-none-eabi-g++ "C:/ProjectsOnC/PhasorRadio/Code/PhasorRadio1/TouchGFX/generated/gui_generated/src/common/FrontendApplicationBase.cpp" -mcpu=cortex-m7 -std=gnu++14 -g -DUSE_HAL_DRIVER -DARM_MATH_CM7 -DUSE_BPP=24 -DDEBUG -DSTM32H735xx -c -I../../Core/Inc -I../../TouchGFX/App -I../../TouchGFX/target/generated -I../../TouchGFX/target -I../../Drivers/STM32H7xx_HAL_Driver/Inc -I../../Drivers/STM32H7xx_HAL_Driver/Inc/Legacy -I../../Middlewares/Third_Party/FreeRTOS/Source/include -I../../Middlewares/Third_Party/FreeRTOS/Source/CMSIS_RTOS_V2 -I../../Middlewares/Third_Party/FreeRTOS/Source/portable/GCC/ARM_CM4F -I../../Drivers/CMSIS/Device/ST/STM32H7xx/Include -I../../Drivers/CMSIS/Include -I../../Drivers/BSP/Components/Common -I../../Drivers/BSP/STM32H735G-DK -I../../Middlewares/ST/touchgfx/framework/include -I../../TouchGFX/generated/fonts/include -I../../TouchGFX/generated/gui_generated/include -I../../TouchGFX/generated/images/include -I../../TouchGFX/generated/texts/include -I../../TouchGFX/gui/include -I../../TouchGFX/generated/videos/include -O0 -ffunction-sections -fdata-sections -fno-exceptions -fno-rtti -fno-use-cxa-atexit -Wall -femit-class-debug-always -fstack-usage -fcyclomatic-complexity -MMD -MP -MF"Application/User/generated/FrontendApplicationBase.d" -MT"Application/User/generated/FrontendApplicationBase.o" --specs=nano.specs -mfpu=fpv5-d16 -mfloat-abi=hard -mthumb -o "Application/User/generated/FrontendApplicationBase.o"
arm-none-eabi-g++ "C:/ProjectsOnC/PhasorRadio/Code/PhasorRadio1/TouchGFX/generated/texts/src/LanguageGb.cpp" -mcpu=cortex-m7 -std=gnu++14 -g -DUSE_HAL_DRIVER -DARM_MATH_CM7 -DUSE_BPP=24 -DDEBUG -DSTM32H735xx -c -I../../Core/Inc -I../../TouchGFX/App -I../../TouchGFX/target/generated -I../../TouchGFX/target -I../../Drivers/STM32H7xx_HAL_Driver/Inc -I../../Drivers/STM32H7xx_HAL_Driver/Inc/Legacy -I../../Middlewares/Third_Party/FreeRTOS/Source/include -I../../Middlewares/Third_Party/FreeRTOS/Source/CMSIS_RTOS_V2 -I../../Middlewares/Third_Party/FreeRTOS/Source/portable/GCC/ARM_CM4F -I../../Drivers/CMSIS/Device/ST/STM32H7xx/Include -I../../Drivers/CMSIS/Include -I../../Drivers/BSP/Components/Common -I../../Drivers/BSP/STM32H735G-DK -I../../Middlewares/ST/touchgfx/framework/include -I../../TouchGFX/generated/fonts/include -I../../TouchGFX/generated/gui_generated/include -I../../TouchGFX/generated/images/include -I../../TouchGFX/generated/texts/include -I../../TouchGFX/gui/include -I../../TouchGFX/generated/videos/include -O0 -ffunction-sections -fdata-sections -fno-exceptions -fno-rtti -fno-use-cxa-atexit -Wall -femit-class-debug-always -fstack-usage -fcyclomatic-complexity -MMD -MP -MF"Application/User/generated/LanguageGb.d" -MT"Application/User/generated/LanguageGb.o" --specs=nano.specs -mfpu=fpv5-d16 -mfloat-abi=hard -mthumb -o "Application/User/generated/LanguageGb.o"
arm-none-eabi-g++ "C:/ProjectsOnC/PhasorRadio/Code/PhasorRadio1/TouchGFX/generated/gui_generated/src/screen1_screen/Screen1ViewBase.cpp" -mcpu=cortex-m7 -std=gnu++14 -g -DUSE_HAL_DRIVER -DARM_MATH_CM7 -DUSE_BPP=24 -DDEBUG -DSTM32H735xx -c -I../../Core/Inc -I../../TouchGFX/App -I../../TouchGFX/target/generated -I../../TouchGFX/target -I../../Drivers/STM32H7xx_HAL_Driver/Inc -I../../Drivers/STM32H7xx_HAL_Driver/Inc/Legacy -I../../Middlewares/Third_Party/FreeRTOS/Source/include -I../../Middlewares/Third_Party/FreeRTOS/Source/CMSIS_RTOS_V2 -I../../Middlewares/Third_Party/FreeRTOS/Source/portable/GCC/ARM_CM4F -I../../Drivers/CMSIS/Device/ST/STM32H7xx/Include -I../../Drivers/CMSIS/Include -I../../Drivers/BSP/Components/Common -I../../Drivers/BSP/STM32H735G-DK -I../../Middlewares/ST/touchgfx/framework/include -I../../TouchGFX/generated/fonts/include -I../../TouchGFX/generated/gui_generated/include -I../../TouchGFX/generated/images/include -I../../TouchGFX/generated/texts/include -I../../TouchGFX/gui/include -I../../TouchGFX/generated/videos/include -O0 -ffunction-sections -fdata-sections -fno-exceptions -fno-rtti -fno-use-cxa-atexit -Wall -femit-class-debug-always -fstack-usage -fcyclomatic-complexity -MMD -MP -MF"Application/User/generated/Screen1ViewBase.d" -MT"Application/User/generated/Screen1ViewBase.o" --specs=nano.specs -mfpu=fpv5-d16 -mfloat-abi=hard -mthumb -o "Application/User/generated/Screen1ViewBase.o"
arm-none-eabi-g++ "C:/ProjectsOnC/PhasorRadio/Code/PhasorRadio1/TouchGFX/generated/texts/src/TypedTextDatabase.cpp" -mcpu=cortex-m7 -std=gnu++14 -g -DUSE_HAL_DRIVER -DARM_MATH_CM7 -DUSE_BPP=24 -DDEBUG -DSTM32H735xx -c -I../../Core/Inc -I../../TouchGFX/App -I../../TouchGFX/target/generated -I../../TouchGFX/target -I../../Drivers/STM32H7xx_HAL_Driver/Inc -I../../Drivers/STM32H7xx_HAL_Driver/Inc/Legacy -I../../Middlewares/Third_Party/FreeRTOS/Source/include -I../../Middlewares/Third_Party/FreeRTOS/Source/CMSIS_RTOS_V2 -I../../Middlewares/Third_Party/FreeRTOS/Source/portable/GCC/ARM_CM4F -I../../Drivers/CMSIS/Device/ST/STM32H7xx/Include -I../../Drivers/CMSIS/Include -I../../Drivers/BSP/Components/Common -I../../Drivers/BSP/STM32H735G-DK -I../../Middlewares/ST/touchgfx/framework/include -I../../TouchGFX/generated/fonts/include -I../../TouchGFX/generated/gui_generated/include -I../../TouchGFX/generated/images/include -I../../TouchGFX/generated/texts/include -I../../TouchGFX/gui/include -I../../TouchGFX/generated/videos/include -O0 -ffunction-sections -fdata-sections -fno-exceptions -fno-rtti -fno-use-cxa-atexit -Wall -femit-class-debug-always -fstack-usage -fcyclomatic-complexity -MMD -MP -MF"Application/User/generated/TypedTextDatabase.d" -MT"Application/User/generated/TypedTextDatabase.o" --specs=nano.specs -mfpu=fpv5-d16 -mfloat-abi=hard -mthumb -o "Application/User/generated/TypedTextDatabase.o"
arm-none-eabi-g++ "C:/ProjectsOnC/PhasorRadio/Code/PhasorRadio1/TouchGFX/target/generated/TouchGFXConfiguration.cpp" -mcpu=cortex-m7 -std=gnu++14 -g -DUSE_HAL_DRIVER -DARM_MATH_CM7 -DUSE_BPP=24 -DDEBUG -DSTM32H735xx -c -I../../Core/Inc -I../../TouchGFX/App -I../../TouchGFX/target/generated -I../../TouchGFX/target -I../../Drivers/STM32H7xx_HAL_Driver/Inc -I../../Drivers/STM32H7xx_HAL_Driver/Inc/Legacy -I../../Middlewares/Third_Party/FreeRTOS/Source/include -I../../Middlewares/Third_Party/FreeRTOS/Source/CMSIS_RTOS_V2 -I../../Middlewares/Third_Party/FreeRTOS/Source/portable/GCC/ARM_CM4F -I../../Drivers/CMSIS/Device/ST/STM32H7xx/Include -I../../Drivers/CMSIS/Include -I../../Drivers/BSP/Components/Common -I../../Drivers/BSP/STM32H735G-DK -I../../Middlewares/ST/touchgfx/framework/include -I../../TouchGFX/generated/fonts/include -I../../TouchGFX/generated/gui_generated/include -I../../TouchGFX/generated/images/include -I../../TouchGFX/generated/texts/include -I../../TouchGFX/gui/include -I../../TouchGFX/generated/videos/include -O0 -ffunction-sections -fdata-sections -fno-exceptions -fno-rtti -fno-use-cxa-atexit -Wall -femit-class-debug-always -fstack-usage -fcyclomatic-complexity -MMD -MP -MF"Application/User/TouchGFX/target/generated/TouchGFXConfiguration.d" -MT"Application/User/TouchGFX/target/generated/TouchGFXConfiguration.o" --specs=nano.specs -mfpu=fpv5-d16 -mfloat-abi=hard -mthumb -o "Application/User/TouchGFX/target/generated/TouchGFXConfiguration.o"
arm-none-eabi-g++ "C:/ProjectsOnC/PhasorRadio/Code/PhasorRadio1/TouchGFX/target/generated/TouchGFXGeneratedHAL.cpp" -mcpu=cortex-m7 -std=gnu++14 -g -DUSE_HAL_DRIVER -DARM_MATH_CM7 -DUSE_BPP=24 -DDEBUG -DSTM32H735xx -c -I../../Core/Inc -I../../TouchGFX/App -I../../TouchGFX/target/generated -I../../TouchGFX/target -I../../Drivers/STM32H7xx_HAL_Driver/Inc -I../../Drivers/STM32H7xx_HAL_Driver/Inc/Legacy -I../../Middlewares/Third_Party/FreeRTOS/Source/include -I../../Middlewares/Third_Party/FreeRTOS/Source/CMSIS_RTOS_V2 -I../../Middlewares/Third_Party/FreeRTOS/Source/portable/GCC/ARM_CM4F -I../../Drivers/CMSIS/Device/ST/STM32H7xx/Include -I../../Drivers/CMSIS/Include -I../../Drivers/BSP/Components/Common -I../../Drivers/BSP/STM32H735G-DK -I../../Middlewares/ST/touchgfx/framework/include -I../../TouchGFX/generated/fonts/include -I../../TouchGFX/generated/gui_generated/include -I../../TouchGFX/generated/images/include -I../../TouchGFX/generated/texts/include -I../../TouchGFX/gui/include -I../../TouchGFX/generated/videos/include -O0 -ffunction-sections -fdata-sections -fno-exceptions -fno-rtti -fno-use-cxa-atexit -Wall -femit-class-debug-always -fstack-usage -fcyclomatic-complexity -MMD -MP -MF"Application/User/TouchGFX/target/generated/TouchGFXGeneratedHAL.d" -MT"Application/User/TouchGFX/target/generated/TouchGFXGeneratedHAL.o" --specs=nano.specs -mfpu=fpv5-d16 -mfloat-abi=hard -mthumb -o "Application/User/TouchGFX/target/generated/TouchGFXGeneratedHAL.o"
C:/ProjectsOnC/PhasorRadio/Code/PhasorRadio1/TouchGFX/gui/src/screen1_screen/Screen1View.cpp: In member function 'virtual void Screen1View::setWFBWup()':
C:/ProjectsOnC/PhasorRadio/Code/PhasorRadio1/TouchGFX/gui/src/screen1_screen/Screen1View.cpp:235:9: error: 'textAreaBW' was not declared in this scope; did you mean 'textAreaWFBW'?
  235 |         textAreaBW.invalidate();
      |         ^~~~~~~~~~
      |         textAreaWFBW
C:/ProjectsOnC/PhasorRadio/Code/PhasorRadio1/TouchGFX/gui/src/screen1_screen/Screen1View.cpp:238:35: error: 'textAreaBWBuffer' was not declared in this scope; did you mean 'textAreaVFOBuffer'?
  238 |                 Unicode::snprintf(textAreaBWBuffer, TEXTAREABW_SIZE,"%s","50kHz");
      |                                   ^~~~~~~~~~~~~~~~
      |                                   textAreaVFOBuffer
C:/ProjectsOnC/PhasorRadio/Code/PhasorRadio1/TouchGFX/gui/src/screen1_screen/Screen1View.cpp:238:53: error: 'TEXTAREABW_SIZE' was not declared in this scope; did you mean 'TEXTAREAVFO_SIZE'?
  238 |                 Unicode::snprintf(textAreaBWBuffer, TEXTAREABW_SIZE,"%s","50kHz");
      |                                                     ^~~~~~~~~~~~~~~
      |                                                     TEXTAREAVFO_SIZE
C:/ProjectsOnC/PhasorRadio/Code/PhasorRadio1/TouchGFX/gui/src/screen1_screen/Screen1View.cpp:243:35: error: 'textAreaBWBuffer' was not declared in this scope; did you mean 'textAreaVFOBuffer'?
  243 |                 Unicode::snprintf(textAreaBWBuffer, TEXTAREABW_SIZE,"%s","30kHz");
      |                                   ^~~~~~~~~~~~~~~~
      |                                   textAreaVFOBuffer
C:/ProjectsOnC/PhasorRadio/Code/PhasorRadio1/TouchGFX/gui/src/screen1_screen/Screen1View.cpp:243:53: error: 'TEXTAREABW_SIZE' was not declared in this scope; did you mean 'TEXTAREAVFO_SIZE'?
  243 |                 Unicode::snprintf(textAreaBWBuffer, TEXTAREABW_SIZE,"%s","30kHz");
      |                                                     ^~~~~~~~~~~~~~~
      |                                                     TEXTAREAVFO_SIZE
C:/ProjectsOnC/PhasorRadio/Code/PhasorRadio1/TouchGFX/gui/src/screen1_screen/Screen1View.cpp:248:35: error: 'textAreaBWBuffer' was not declared in this scope; did you mean 'textAreaVFOBuffer'?
  248 |                 Unicode::snprintf(textAreaBWBuffer, TEXTAREABW_SIZE,"%s","10kHz");
      |                                   ^~~~~~~~~~~~~~~~
      |                                   textAreaVFOBuffer
C:/ProjectsOnC/PhasorRadio/Code/PhasorRadio1/TouchGFX/gui/src/screen1_screen/Screen1View.cpp:248:53: error: 'TEXTAREABW_SIZE' was not declared in this scope; did you mean 'TEXTAREAVFO_SIZE'?
  248 |                 Unicode::snprintf(textAreaBWBuffer, TEXTAREABW_SIZE,"%s","10kHz");
      |                                                     ^~~~~~~~~~~~~~~
      |                                                     TEXTAREAVFO_SIZE
C:/ProjectsOnC/PhasorRadio/Code/PhasorRadio1/TouchGFX/gui/src/screen1_screen/Screen1View.cpp: In member function 'virtual void Screen1View::setWFBWdown()':
C:/ProjectsOnC/PhasorRadio/Code/PhasorRadio1/TouchGFX/gui/src/screen1_screen/Screen1View.cpp:262:35: error: 'textAreaBWBuffer' was not declared in this scope; did you mean 'textAreaVFOBuffer'?
  262 |                 Unicode::snprintf(textAreaBWBuffer, TEXTAREABW_SIZE,"%s","100kHz");
      |                                   ^~~~~~~~~~~~~~~~
      |                                   textAreaVFOBuffer
C:/ProjectsOnC/PhasorRadio/Code/PhasorRadio1/TouchGFX/gui/src/screen1_screen/Screen1View.cpp:262:53: error: 'TEXTAREABW_SIZE' was not declared in this scope; did you mean 'TEXTAREAVFO_SIZE'?
  262 |                 Unicode::snprintf(textAreaBWBuffer, TEXTAREABW_SIZE,"%s","100kHz");
      |                                                     ^~~~~~~~~~~~~~~
      |                                                     TEXTAREAVFO_SIZE
C:/ProjectsOnC/PhasorRadio/Code/PhasorRadio1/TouchGFX/gui/src/screen1_screen/Screen1View.cpp:263:17: error: 'textAreaBW' was not declared in this scope; did you mean 'textAreaWFBW'?
  263 |                 textAreaBW.invalidate();
      |                 ^~~~~~~~~~
      |                 textAreaWFBW
C:/ProjectsOnC/PhasorRadio/Code/PhasorRadio1/TouchGFX/gui/src/screen1_screen/Screen1View.cpp:267:35: error: 'textAreaBWBuffer' was not declared in this scope; did you mean 'textAreaVFOBuffer'?
  267 |                 Unicode::snprintf(textAreaBWBuffer, TEXTAREABW_SIZE,"%s","50kHz");
      |                                   ^~~~~~~~~~~~~~~~
      |                                   textAreaVFOBuffer
C:/ProjectsOnC/PhasorRadio/Code/PhasorRadio1/TouchGFX/gui/src/screen1_screen/Screen1View.cpp:267:53: error: 'TEXTAREABW_SIZE' was not declared in this scope; did you mean 'TEXTAREAVFO_SIZE'?
  267 |                 Unicode::snprintf(textAreaBWBuffer, TEXTAREABW_SIZE,"%s","50kHz");
      |                                                     ^~~~~~~~~~~~~~~
      |                                                     TEXTAREAVFO_SIZE
C:/ProjectsOnC/PhasorRadio/Code/PhasorRadio1/TouchGFX/gui/src/screen1_screen/Screen1View.cpp:268:17: error: 'textAreaBW' was not declared in this scope; did you mean 'textAreaWFBW'?
  268 |                 textAreaBW.invalidate();
      |                 ^~~~~~~~~~
      |                 textAreaWFBW
C:/ProjectsOnC/PhasorRadio/Code/PhasorRadio1/TouchGFX/gui/src/screen1_screen/Screen1View.cpp:272:35: error: 'textAreaBWBuffer' was not declared in this scope; did you mean 'textAreaVFOBuffer'?
  272 |                 Unicode::snprintf(textAreaBWBuffer, TEXTAREABW_SIZE,"%s","30kHz");
      |                                   ^~~~~~~~~~~~~~~~
      |                                   textAreaVFOBuffer
C:/ProjectsOnC/PhasorRadio/Code/PhasorRadio1/TouchGFX/gui/src/screen1_screen/Screen1View.cpp:272:53: error: 'TEXTAREABW_SIZE' was not declared in this scope; did you mean 'TEXTAREAVFO_SIZE'?
  272 |                 Unicode::snprintf(textAreaBWBuffer, TEXTAREABW_SIZE,"%s","30kHz");
      |                                                     ^~~~~~~~~~~~~~~
      |                                                     TEXTAREAVFO_SIZE
C:/ProjectsOnC/PhasorRadio/Code/PhasorRadio1/TouchGFX/gui/src/screen1_screen/Screen1View.cpp:273:17: error: 'textAreaBW' was not declared in this scope; did you mean 'textAreaWFBW'?
  273 |                 textAreaBW.invalidate();
      |                 ^~~~~~~~~~
      |                 textAreaWFBW
make: *** [Application/User/gui/subdir.mk:34: Application/User/gui/Screen1View.o] Error 1
make: *** Waiting for unfinished jobs....
"make -j16 all" terminated with exit code 2. Build might be incomplete.
14:46:05 **** Incremental Build of configuration Debug for project STM32H735G-DK ****
make -j16 all 
arm-none-eabi-g++ "C:/ProjectsOnC/PhasorRadio/Code/PhasorRadio1/TouchGFX/gui/src/screen1_screen/Screen1View.cpp" -mcpu=cortex-m7 -std=gnu++14 -g -DUSE_HAL_DRIVER -DARM_MATH_CM7 -DUSE_BPP=24 -DDEBUG -DSTM32H735xx -c -I../../Core/Inc -I../../TouchGFX/App -I../../TouchGFX/target/generated -I../../TouchGFX/target -I../../Drivers/STM32H7xx_HAL_Driver/Inc -I../../Drivers/STM32H7xx_HAL_Driver/Inc/Legacy -I../../Middlewares/Third_Party/FreeRTOS/Source/include -I../../Middlewares/Third_Party/FreeRTOS/Source/CMSIS_RTOS_V2 -I../../Middlewares/Third_Party/FreeRTOS/Source/portable/GCC/ARM_CM4F -I../../Drivers/CMSIS/Device/ST/STM32H7xx/Include -I../../Drivers/CMSIS/Include -I../../Drivers/BSP/Components/Common -I../../Drivers/BSP/STM32H735G-DK -I../../Middlewares/ST/touchgfx/framework/include -I../../TouchGFX/generated/fonts/include -I../../TouchGFX/generated/gui_generated/include -I../../TouchGFX/generated/images/include -I../../TouchGFX/generated/texts/include -I../../TouchGFX/gui/include -I../../TouchGFX/generated/videos/include -O0 -ffunction-sections -fdata-sections -fno-exceptions -fno-rtti -fno-use-cxa-atexit -Wall -femit-class-debug-always -fstack-usage -fcyclomatic-complexity -MMD -MP -MF"Application/User/gui/Screen1View.d" -MT"Application/User/gui/Screen1View.o" --specs=nano.specs -mfpu=fpv5-d16 -mfloat-abi=hard -mthumb -o "Application/User/gui/Screen1View.o"
C:/ProjectsOnC/PhasorRadio/Code/PhasorRadio1/TouchGFX/gui/src/screen1_screen/Screen1View.cpp: In member function 'virtual void Screen1View::setWFBWup()':
C:/ProjectsOnC/PhasorRadio/Code/PhasorRadio1/TouchGFX/gui/src/screen1_screen/Screen1View.cpp:238:35: error: 'textAreaWFBWBuffer' was not declared in this scope; did you mean 'textAreaVFOBuffer'?
  238 |                 Unicode::snprintf(textAreaWFBWBuffer, TEXTAREAWFBW_SIZE,"%s","50kHz");
      |                                   ^~~~~~~~~~~~~~~~~~
      |                                   textAreaVFOBuffer
C:/ProjectsOnC/PhasorRadio/Code/PhasorRadio1/TouchGFX/gui/src/screen1_screen/Screen1View.cpp:238:55: error: 'TEXTAREAWFBW_SIZE' was not declared in this scope; did you mean 'TEXTAREAVFO_SIZE'?
  238 |                 Unicode::snprintf(textAreaWFBWBuffer, TEXTAREAWFBW_SIZE,"%s","50kHz");
      |                                                       ^~~~~~~~~~~~~~~~~
      |                                                       TEXTAREAVFO_SIZE
C:/ProjectsOnC/PhasorRadio/Code/PhasorRadio1/TouchGFX/gui/src/screen1_screen/Screen1View.cpp:243:35: error: 'textAreaBWBuffer' was not declared in this scope; did you mean 'textAreaVFOBuffer'?
  243 |                 Unicode::snprintf(textAreaBWBuffer, TEXTAREABW_SIZE,"%s","30kHz");
      |                                   ^~~~~~~~~~~~~~~~
      |                                   textAreaVFOBuffer
C:/ProjectsOnC/PhasorRadio/Code/PhasorRadio1/TouchGFX/gui/src/screen1_screen/Screen1View.cpp:243:53: error: 'TEXTAREABW_SIZE' was not declared in this scope; did you mean 'TEXTAREAVFO_SIZE'?
  243 |                 Unicode::snprintf(textAreaBWBuffer, TEXTAREABW_SIZE,"%s","30kHz");
      |                                                     ^~~~~~~~~~~~~~~
      |                                                     TEXTAREAVFO_SIZE
C:/ProjectsOnC/PhasorRadio/Code/PhasorRadio1/TouchGFX/gui/src/screen1_screen/Screen1View.cpp:248:35: error: 'textAreaWFBWBuffer' was not declared in this scope; did you mean 'textAreaVFOBuffer'?
  248 |                 Unicode::snprintf(textAreaWFBWBuffer, TEXTAREAWFBW_SIZE,"%s","10kHz");
      |                                   ^~~~~~~~~~~~~~~~~~
      |                                   textAreaVFOBuffer
C:/ProjectsOnC/PhasorRadio/Code/PhasorRadio1/TouchGFX/gui/src/screen1_screen/Screen1View.cpp:248:55: error: 'TEXTAREAWFBW_SIZE' was not declared in this scope; did you mean 'TEXTAREAVFO_SIZE'?
  248 |                 Unicode::snprintf(textAreaWFBWBuffer, TEXTAREAWFBW_SIZE,"%s","10kHz");
      |                                                       ^~~~~~~~~~~~~~~~~
      |                                                       TEXTAREAVFO_SIZE
C:/ProjectsOnC/PhasorRadio/Code/PhasorRadio1/TouchGFX/gui/src/screen1_screen/Screen1View.cpp: In member function 'virtual void Screen1View::setWFBWdown()':
C:/ProjectsOnC/PhasorRadio/Code/PhasorRadio1/TouchGFX/gui/src/screen1_screen/Screen1View.cpp:262:35: error: 'textAreaWFBWBuffer' was not declared in this scope; did you mean 'textAreaVFOBuffer'?
  262 |                 Unicode::snprintf(textAreaWFBWBuffer, TEXTAREAWFBW_SIZE,"%s","100kHz");
      |                                   ^~~~~~~~~~~~~~~~~~
      |                                   textAreaVFOBuffer
C:/ProjectsOnC/PhasorRadio/Code/PhasorRadio1/TouchGFX/gui/src/screen1_screen/Screen1View.cpp:262:55: error: 'TEXTAREAWFBW_SIZE' was not declared in this scope; did you mean 'TEXTAREAVFO_SIZE'?
  262 |                 Unicode::snprintf(textAreaWFBWBuffer, TEXTAREAWFBW_SIZE,"%s","100kHz");
      |                                                       ^~~~~~~~~~~~~~~~~
      |                                                       TEXTAREAVFO_SIZE
C:/ProjectsOnC/PhasorRadio/Code/PhasorRadio1/TouchGFX/gui/src/screen1_screen/Screen1View.cpp:267:35: error: 'textAreaWFBWBuffer' was not declared in this scope; did you mean 'textAreaVFOBuffer'?
  267 |                 Unicode::snprintf(textAreaWFBWBuffer, TEXTAREAWFBW_SIZE,"%s","50kHz");
      |                                   ^~~~~~~~~~~~~~~~~~
      |                                   textAreaVFOBuffer
C:/ProjectsOnC/PhasorRadio/Code/PhasorRadio1/TouchGFX/gui/src/screen1_screen/Screen1View.cpp:267:55: error: 'TEXTAREAWFBW_SIZE' was not declared in this scope; did you mean 'TEXTAREAVFO_SIZE'?
  267 |                 Unicode::snprintf(textAreaWFBWBuffer, TEXTAREAWFBW_SIZE,"%s","50kHz");
      |                                                       ^~~~~~~~~~~~~~~~~
      |                                                       TEXTAREAVFO_SIZE
C:/ProjectsOnC/PhasorRadio/Code/PhasorRadio1/TouchGFX/gui/src/screen1_screen/Screen1View.cpp:272:35: error: 'textAreaWFBWBuffer' was not declared in this scope; did you mean 'textAreaVFOBuffer'?
  272 |                 Unicode::snprintf(textAreaWFBWBuffer, TEXTAREAWFBW_SIZE,"%s","30kHz");
      |                                   ^~~~~~~~~~~~~~~~~~
      |                                   textAreaVFOBuffer
C:/ProjectsOnC/PhasorRadio/Code/PhasorRadio1/TouchGFX/gui/src/screen1_screen/Screen1View.cpp:272:55: error: 'TEXTAREAWFBW_SIZE' was not declared in this scope; did you mean 'TEXTAREAVFO_SIZE'?
  272 |                 Unicode::snprintf(textAreaWFBWBuffer, TEXTAREAWFBW_SIZE,"%s","30kHz");
      |                                                       ^~~~~~~~~~~~~~~~~
      |                                                       TEXTAREAVFO_SIZE
make: *** [Application/User/gui/subdir.mk:34: Application/User/gui/Screen1View.o] Error 1
"make -j16 all" terminated with exit code 2. Build might be incomplete.
14:47:25 **** Incremental Build of configuration Debug for project STM32H735G-DK ****
make -j16 all 
arm-none-eabi-g++ "C:/ProjectsOnC/PhasorRadio/Code/PhasorRadio1/TouchGFX/gui/src/screen1_screen/Screen1View.cpp" -mcpu=cortex-m7 -std=gnu++14 -g -DUSE_HAL_DRIVER -DARM_MATH_CM7 -DUSE_BPP=24 -DDEBUG -DSTM32H735xx -c -I../../Core/Inc -I../../TouchGFX/App -I../../TouchGFX/target/generated -I../../TouchGFX/target -I../../Drivers/STM32H7xx_HAL_Driver/Inc -I../../Drivers/STM32H7xx_HAL_Driver/Inc/Legacy -I../../Middlewares/Third_Party/FreeRTOS/Source/include -I../../Middlewares/Third_Party/FreeRTOS/Source/CMSIS_RTOS_V2 -I../../Middlewares/Third_Party/FreeRTOS/Source/portable/GCC/ARM_CM4F -I../../Drivers/CMSIS/Device/ST/STM32H7xx/Include -I../../Drivers/CMSIS/Include -I../../Drivers/BSP/Components/Common -I../../Drivers/BSP/STM32H735G-DK -I../../Middlewares/ST/touchgfx/framework/include -I../../TouchGFX/generated/fonts/include -I../../TouchGFX/generated/gui_generated/include -I../../TouchGFX/generated/images/include -I../../TouchGFX/generated/texts/include -I../../TouchGFX/gui/include -I../../TouchGFX/generated/videos/include -O0 -ffunction-sections -fdata-sections -fno-exceptions -fno-rtti -fno-use-cxa-atexit -Wall -femit-class-debug-always -fstack-usage -fcyclomatic-complexity -MMD -MP -MF"Application/User/gui/Screen1View.d" -MT"Application/User/gui/Screen1View.o" --specs=nano.specs -mfpu=fpv5-d16 -mfloat-abi=hard -mthumb -o "Application/User/gui/Screen1View.o"
C:/ProjectsOnC/PhasorRadio/Code/PhasorRadio1/TouchGFX/gui/src/screen1_screen/Screen1View.cpp: In member function 'virtual void Screen1View::setWFBWup()':
C:/ProjectsOnC/PhasorRadio/Code/PhasorRadio1/TouchGFX/gui/src/screen1_screen/Screen1View.cpp:238:35: error: 'textAreaWFBWBuffer' was not declared in this scope; did you mean 'textAreaVFOBuffer'?
  238 |                 Unicode::snprintf(textAreaWFBWBuffer,"%s","50kHz");
      |                                   ^~~~~~~~~~~~~~~~~~
      |                                   textAreaVFOBuffer
C:/ProjectsOnC/PhasorRadio/Code/PhasorRadio1/TouchGFX/gui/src/screen1_screen/Screen1View.cpp:243:35: error: 'textAreaBWBuffer' was not declared in this scope; did you mean 'textAreaVFOBuffer'?
  243 |                 Unicode::snprintf(textAreaBWBuffer,"%s","30kHz");
      |                                   ^~~~~~~~~~~~~~~~
      |                                   textAreaVFOBuffer
C:/ProjectsOnC/PhasorRadio/Code/PhasorRadio1/TouchGFX/gui/src/screen1_screen/Screen1View.cpp:248:35: error: 'textAreaWFBWBuffer' was not declared in this scope; did you mean 'textAreaVFOBuffer'?
  248 |                 Unicode::snprintf(textAreaWFBWBuffer,"%s","10kHz");
      |                                   ^~~~~~~~~~~~~~~~~~
      |                                   textAreaVFOBuffer
C:/ProjectsOnC/PhasorRadio/Code/PhasorRadio1/TouchGFX/gui/src/screen1_screen/Screen1View.cpp: In member function 'virtual void Screen1View::setWFBWdown()':
C:/ProjectsOnC/PhasorRadio/Code/PhasorRadio1/TouchGFX/gui/src/screen1_screen/Screen1View.cpp:262:35: error: 'textAreaWFBWBuffer' was not declared in this scope; did you mean 'textAreaVFOBuffer'?
  262 |                 Unicode::snprintf(textAreaWFBWBuffer, TEXTAREAWFBW_SIZE,"%s","100kHz");
      |                                   ^~~~~~~~~~~~~~~~~~
      |                                   textAreaVFOBuffer
C:/ProjectsOnC/PhasorRadio/Code/PhasorRadio1/TouchGFX/gui/src/screen1_screen/Screen1View.cpp:262:55: error: 'TEXTAREAWFBW_SIZE' was not declared in this scope; did you mean 'TEXTAREAVFO_SIZE'?
  262 |                 Unicode::snprintf(textAreaWFBWBuffer, TEXTAREAWFBW_SIZE,"%s","100kHz");
      |                                                       ^~~~~~~~~~~~~~~~~
      |                                                       TEXTAREAVFO_SIZE
C:/ProjectsOnC/PhasorRadio/Code/PhasorRadio1/TouchGFX/gui/src/screen1_screen/Screen1View.cpp:267:35: error: 'textAreaWFBWBuffer' was not declared in this scope; did you mean 'textAreaVFOBuffer'?
  267 |                 Unicode::snprintf(textAreaWFBWBuffer, TEXTAREAWFBW_SIZE,"%s","50kHz");
      |                                   ^~~~~~~~~~~~~~~~~~
      |                                   textAreaVFOBuffer
C:/ProjectsOnC/PhasorRadio/Code/PhasorRadio1/TouchGFX/gui/src/screen1_screen/Screen1View.cpp:267:55: error: 'TEXTAREAWFBW_SIZE' was not declared in this scope; did you mean 'TEXTAREAVFO_SIZE'?
  267 |                 Unicode::snprintf(textAreaWFBWBuffer, TEXTAREAWFBW_SIZE,"%s","50kHz");
      |                                                       ^~~~~~~~~~~~~~~~~
      |                                                       TEXTAREAVFO_SIZE
C:/ProjectsOnC/PhasorRadio/Code/PhasorRadio1/TouchGFX/gui/src/screen1_screen/Screen1View.cpp:272:35: error: 'textAreaWFBWBuffer' was not declared in this scope; did you mean 'textAreaVFOBuffer'?
  272 |                 Unicode::snprintf(textAreaWFBWBuffer, TEXTAREAWFBW_SIZE,"%s","30kHz");
      |                                   ^~~~~~~~~~~~~~~~~~
      |                                   textAreaVFOBuffer
C:/ProjectsOnC/PhasorRadio/Code/PhasorRadio1/TouchGFX/gui/src/screen1_screen/Screen1View.cpp:272:55: error: 'TEXTAREAWFBW_SIZE' was not declared in this scope; did you mean 'TEXTAREAVFO_SIZE'?
  272 |                 Unicode::snprintf(textAreaWFBWBuffer, TEXTAREAWFBW_SIZE,"%s","30kHz");
      |                                                       ^~~~~~~~~~~~~~~~~
      |                                                       TEXTAREAVFO_SIZE
make: *** [Application/User/gui/subdir.mk:34: Application/User/gui/Screen1View.o] Error 1
"make -j16 all" terminated with exit code 2. Build might be incomplete.
14:50:43 **** Incremental Build of configuration Debug for project STM32H735G-DK ****
make -j16 all 
arm-none-eabi-g++ "C:/ProjectsOnC/PhasorRadio/Code/PhasorRadio1/TouchGFX/gui/src/screen1_screen/Screen1Presenter.cpp" -mcpu=cortex-m7 -std=gnu++14 -g -DUSE_HAL_DRIVER -DARM_MATH_CM7 -DUSE_BPP=24 -DDEBUG -DSTM32H735xx -c -I../../Core/Inc -I../../TouchGFX/App -I../../TouchGFX/target/generated -I../../TouchGFX/target -I../../Drivers/STM32H7xx_HAL_Driver/Inc -I../../Drivers/STM32H7xx_HAL_Driver/Inc/Legacy -I../../Middlewares/Third_Party/FreeRTOS/Source/include -I../../Middlewares/Third_Party/FreeRTOS/Source/CMSIS_RTOS_V2 -I../../Middlewares/Third_Party/FreeRTOS/Source/portable/GCC/ARM_CM4F -I../../Drivers/CMSIS/Device/ST/STM32H7xx/Include -I../../Drivers/CMSIS/Include -I../../Drivers/BSP/Components/Common -I../../Drivers/BSP/STM32H735G-DK -I../../Middlewares/ST/touchgfx/framework/include -I../../TouchGFX/generated/fonts/include -I../../TouchGFX/generated/gui_generated/include -I../../TouchGFX/generated/images/include -I../../TouchGFX/generated/texts/include -I../../TouchGFX/gui/include -I../../TouchGFX/generated/videos/include -O0 -ffunction-sections -fdata-sections -fno-exceptions -fno-rtti -fno-use-cxa-atexit -Wall -femit-class-debug-always -fstack-usage -fcyclomatic-complexity -MMD -MP -MF"Application/User/gui/Screen1Presenter.d" -MT"Application/User/gui/Screen1Presenter.o" --specs=nano.specs -mfpu=fpv5-d16 -mfloat-abi=hard -mthumb -o "Application/User/gui/Screen1Presenter.o"
arm-none-eabi-g++ "C:/ProjectsOnC/PhasorRadio/Code/PhasorRadio1/TouchGFX/gui/src/screen1_screen/Screen1View.cpp" -mcpu=cortex-m7 -std=gnu++14 -g -DUSE_HAL_DRIVER -DARM_MATH_CM7 -DUSE_BPP=24 -DDEBUG -DSTM32H735xx -c -I../../Core/Inc -I../../TouchGFX/App -I../../TouchGFX/target/generated -I../../TouchGFX/target -I../../Drivers/STM32H7xx_HAL_Driver/Inc -I../../Drivers/STM32H7xx_HAL_Driver/Inc/Legacy -I../../Middlewares/Third_Party/FreeRTOS/Source/include -I../../Middlewares/Third_Party/FreeRTOS/Source/CMSIS_RTOS_V2 -I../../Middlewares/Third_Party/FreeRTOS/Source/portable/GCC/ARM_CM4F -I../../Drivers/CMSIS/Device/ST/STM32H7xx/Include -I../../Drivers/CMSIS/Include -I../../Drivers/BSP/Components/Common -I../../Drivers/BSP/STM32H735G-DK -I../../Middlewares/ST/touchgfx/framework/include -I../../TouchGFX/generated/fonts/include -I../../TouchGFX/generated/gui_generated/include -I../../TouchGFX/generated/images/include -I../../TouchGFX/generated/texts/include -I../../TouchGFX/gui/include -I../../TouchGFX/generated/videos/include -O0 -ffunction-sections -fdata-sections -fno-exceptions -fno-rtti -fno-use-cxa-atexit -Wall -femit-class-debug-always -fstack-usage -fcyclomatic-complexity -MMD -MP -MF"Application/User/gui/Screen1View.d" -MT"Application/User/gui/Screen1View.o" --specs=nano.specs -mfpu=fpv5-d16 -mfloat-abi=hard -mthumb -o "Application/User/gui/Screen1View.o"
arm-none-eabi-g++ "C:/ProjectsOnC/PhasorRadio/Code/PhasorRadio1/TouchGFX/generated/gui_generated/src/common/FrontendApplicationBase.cpp" -mcpu=cortex-m7 -std=gnu++14 -g -DUSE_HAL_DRIVER -DARM_MATH_CM7 -DUSE_BPP=24 -DDEBUG -DSTM32H735xx -c -I../../Core/Inc -I../../TouchGFX/App -I../../TouchGFX/target/generated -I../../TouchGFX/target -I../../Drivers/STM32H7xx_HAL_Driver/Inc -I../../Drivers/STM32H7xx_HAL_Driver/Inc/Legacy -I../../Middlewares/Third_Party/FreeRTOS/Source/include -I../../Middlewares/Third_Party/FreeRTOS/Source/CMSIS_RTOS_V2 -I../../Middlewares/Third_Party/FreeRTOS/Source/portable/GCC/ARM_CM4F -I../../Drivers/CMSIS/Device/ST/STM32H7xx/Include -I../../Drivers/CMSIS/Include -I../../Drivers/BSP/Components/Common -I../../Drivers/BSP/STM32H735G-DK -I../../Middlewares/ST/touchgfx/framework/include -I../../TouchGFX/generated/fonts/include -I../../TouchGFX/generated/gui_generated/include -I../../TouchGFX/generated/images/include -I../../TouchGFX/generated/texts/include -I../../TouchGFX/gui/include -I../../TouchGFX/generated/videos/include -O0 -ffunction-sections -fdata-sections -fno-exceptions -fno-rtti -fno-use-cxa-atexit -Wall -femit-class-debug-always -fstack-usage -fcyclomatic-complexity -MMD -MP -MF"Application/User/generated/FrontendApplicationBase.d" -MT"Application/User/generated/FrontendApplicationBase.o" --specs=nano.specs -mfpu=fpv5-d16 -mfloat-abi=hard -mthumb -o "Application/User/generated/FrontendApplicationBase.o"
arm-none-eabi-g++ "C:/ProjectsOnC/PhasorRadio/Code/PhasorRadio1/TouchGFX/generated/texts/src/LanguageGb.cpp" -mcpu=cortex-m7 -std=gnu++14 -g -DUSE_HAL_DRIVER -DARM_MATH_CM7 -DUSE_BPP=24 -DDEBUG -DSTM32H735xx -c -I../../Core/Inc -I../../TouchGFX/App -I../../TouchGFX/target/generated -I../../TouchGFX/target -I../../Drivers/STM32H7xx_HAL_Driver/Inc -I../../Drivers/STM32H7xx_HAL_Driver/Inc/Legacy -I../../Middlewares/Third_Party/FreeRTOS/Source/include -I../../Middlewares/Third_Party/FreeRTOS/Source/CMSIS_RTOS_V2 -I../../Middlewares/Third_Party/FreeRTOS/Source/portable/GCC/ARM_CM4F -I../../Drivers/CMSIS/Device/ST/STM32H7xx/Include -I../../Drivers/CMSIS/Include -I../../Drivers/BSP/Components/Common -I../../Drivers/BSP/STM32H735G-DK -I../../Middlewares/ST/touchgfx/framework/include -I../../TouchGFX/generated/fonts/include -I../../TouchGFX/generated/gui_generated/include -I../../TouchGFX/generated/images/include -I../../TouchGFX/generated/texts/include -I../../TouchGFX/gui/include -I../../TouchGFX/generated/videos/include -O0 -ffunction-sections -fdata-sections -fno-exceptions -fno-rtti -fno-use-cxa-atexit -Wall -femit-class-debug-always -fstack-usage -fcyclomatic-complexity -MMD -MP -MF"Application/User/generated/LanguageGb.d" -MT"Application/User/generated/LanguageGb.o" --specs=nano.specs -mfpu=fpv5-d16 -mfloat-abi=hard -mthumb -o "Application/User/generated/LanguageGb.o"
arm-none-eabi-g++ "C:/ProjectsOnC/PhasorRadio/Code/PhasorRadio1/TouchGFX/generated/gui_generated/src/screen1_screen/Screen1ViewBase.cpp" -mcpu=cortex-m7 -std=gnu++14 -g -DUSE_HAL_DRIVER -DARM_MATH_CM7 -DUSE_BPP=24 -DDEBUG -DSTM32H735xx -c -I../../Core/Inc -I../../TouchGFX/App -I../../TouchGFX/target/generated -I../../TouchGFX/target -I../../Drivers/STM32H7xx_HAL_Driver/Inc -I../../Drivers/STM32H7xx_HAL_Driver/Inc/Legacy -I../../Middlewares/Third_Party/FreeRTOS/Source/include -I../../Middlewares/Third_Party/FreeRTOS/Source/CMSIS_RTOS_V2 -I../../Middlewares/Third_Party/FreeRTOS/Source/portable/GCC/ARM_CM4F -I../../Drivers/CMSIS/Device/ST/STM32H7xx/Include -I../../Drivers/CMSIS/Include -I../../Drivers/BSP/Components/Common -I../../Drivers/BSP/STM32H735G-DK -I../../Middlewares/ST/touchgfx/framework/include -I../../TouchGFX/generated/fonts/include -I../../TouchGFX/generated/gui_generated/include -I../../TouchGFX/generated/images/include -I../../TouchGFX/generated/texts/include -I../../TouchGFX/gui/include -I../../TouchGFX/generated/videos/include -O0 -ffunction-sections -fdata-sections -fno-exceptions -fno-rtti -fno-use-cxa-atexit -Wall -femit-class-debug-always -fstack-usage -fcyclomatic-complexity -MMD -MP -MF"Application/User/generated/Screen1ViewBase.d" -MT"Application/User/generated/Screen1ViewBase.o" --specs=nano.specs -mfpu=fpv5-d16 -mfloat-abi=hard -mthumb -o "Application/User/generated/Screen1ViewBase.o"
arm-none-eabi-g++ "C:/ProjectsOnC/PhasorRadio/Code/PhasorRadio1/TouchGFX/generated/texts/src/TypedTextDatabase.cpp" -mcpu=cortex-m7 -std=gnu++14 -g -DUSE_HAL_DRIVER -DARM_MATH_CM7 -DUSE_BPP=24 -DDEBUG -DSTM32H735xx -c -I../../Core/Inc -I../../TouchGFX/App -I../../TouchGFX/target/generated -I../../TouchGFX/target -I../../Drivers/STM32H7xx_HAL_Driver/Inc -I../../Drivers/STM32H7xx_HAL_Driver/Inc/Legacy -I../../Middlewares/Third_Party/FreeRTOS/Source/include -I../../Middlewares/Third_Party/FreeRTOS/Source/CMSIS_RTOS_V2 -I../../Middlewares/Third_Party/FreeRTOS/Source/portable/GCC/ARM_CM4F -I../../Drivers/CMSIS/Device/ST/STM32H7xx/Include -I../../Drivers/CMSIS/Include -I../../Drivers/BSP/Components/Common -I../../Drivers/BSP/STM32H735G-DK -I../../Middlewares/ST/touchgfx/framework/include -I../../TouchGFX/generated/fonts/include -I../../TouchGFX/generated/gui_generated/include -I../../TouchGFX/generated/images/include -I../../TouchGFX/generated/texts/include -I../../TouchGFX/gui/include -I../../TouchGFX/generated/videos/include -O0 -ffunction-sections -fdata-sections -fno-exceptions -fno-rtti -fno-use-cxa-atexit -Wall -femit-class-debug-always -fstack-usage -fcyclomatic-complexity -MMD -MP -MF"Application/User/generated/TypedTextDatabase.d" -MT"Application/User/generated/TypedTextDatabase.o" --specs=nano.specs -mfpu=fpv5-d16 -mfloat-abi=hard -mthumb -o "Application/User/generated/TypedTextDatabase.o"
arm-none-eabi-g++ "C:/ProjectsOnC/PhasorRadio/Code/PhasorRadio1/TouchGFX/target/generated/TouchGFXConfiguration.cpp" -mcpu=cortex-m7 -std=gnu++14 -g -DUSE_HAL_DRIVER -DARM_MATH_CM7 -DUSE_BPP=24 -DDEBUG -DSTM32H735xx -c -I../../Core/Inc -I../../TouchGFX/App -I../../TouchGFX/target/generated -I../../TouchGFX/target -I../../Drivers/STM32H7xx_HAL_Driver/Inc -I../../Drivers/STM32H7xx_HAL_Driver/Inc/Legacy -I../../Middlewares/Third_Party/FreeRTOS/Source/include -I../../Middlewares/Third_Party/FreeRTOS/Source/CMSIS_RTOS_V2 -I../../Middlewares/Third_Party/FreeRTOS/Source/portable/GCC/ARM_CM4F -I../../Drivers/CMSIS/Device/ST/STM32H7xx/Include -I../../Drivers/CMSIS/Include -I../../Drivers/BSP/Components/Common -I../../Drivers/BSP/STM32H735G-DK -I../../Middlewares/ST/touchgfx/framework/include -I../../TouchGFX/generated/fonts/include -I../../TouchGFX/generated/gui_generated/include -I../../TouchGFX/generated/images/include -I../../TouchGFX/generated/texts/include -I../../TouchGFX/gui/include -I../../TouchGFX/generated/videos/include -O0 -ffunction-sections -fdata-sections -fno-exceptions -fno-rtti -fno-use-cxa-atexit -Wall -femit-class-debug-always -fstack-usage -fcyclomatic-complexity -MMD -MP -MF"Application/User/TouchGFX/target/generated/TouchGFXConfiguration.d" -MT"Application/User/TouchGFX/target/generated/TouchGFXConfiguration.o" --specs=nano.specs -mfpu=fpv5-d16 -mfloat-abi=hard -mthumb -o "Application/User/TouchGFX/target/generated/TouchGFXConfiguration.o"
arm-none-eabi-g++ "C:/ProjectsOnC/PhasorRadio/Code/PhasorRadio1/TouchGFX/target/generated/TouchGFXGeneratedHAL.cpp" -mcpu=cortex-m7 -std=gnu++14 -g -DUSE_HAL_DRIVER -DARM_MATH_CM7 -DUSE_BPP=24 -DDEBUG -DSTM32H735xx -c -I../../Core/Inc -I../../TouchGFX/App -I../../TouchGFX/target/generated -I../../TouchGFX/target -I../../Drivers/STM32H7xx_HAL_Driver/Inc -I../../Drivers/STM32H7xx_HAL_Driver/Inc/Legacy -I../../Middlewares/Third_Party/FreeRTOS/Source/include -I../../Middlewares/Third_Party/FreeRTOS/Source/CMSIS_RTOS_V2 -I../../Middlewares/Third_Party/FreeRTOS/Source/portable/GCC/ARM_CM4F -I../../Drivers/CMSIS/Device/ST/STM32H7xx/Include -I../../Drivers/CMSIS/Include -I../../Drivers/BSP/Components/Common -I../../Drivers/BSP/STM32H735G-DK -I../../Middlewares/ST/touchgfx/framework/include -I../../TouchGFX/generated/fonts/include -I../../TouchGFX/generated/gui_generated/include -I../../TouchGFX/generated/images/include -I../../TouchGFX/generated/texts/include -I../../TouchGFX/gui/include -I../../TouchGFX/generated/videos/include -O0 -ffunction-sections -fdata-sections -fno-exceptions -fno-rtti -fno-use-cxa-atexit -Wall -femit-class-debug-always -fstack-usage -fcyclomatic-complexity -MMD -MP -MF"Application/User/TouchGFX/target/generated/TouchGFXGeneratedHAL.d" -MT"Application/User/TouchGFX/target/generated/TouchGFXGeneratedHAL.o" --specs=nano.specs -mfpu=fpv5-d16 -mfloat-abi=hard -mthumb -o "Application/User/TouchGFX/target/generated/TouchGFXGeneratedHAL.o"
C:/ProjectsOnC/PhasorRadio/Code/PhasorRadio1/TouchGFX/gui/src/screen1_screen/Screen1View.cpp: In member function 'virtual void Screen1View::setWFBWup()':
C:/ProjectsOnC/PhasorRadio/Code/PhasorRadio1/TouchGFX/gui/src/screen1_screen/Screen1View.cpp:243:35: error: 'textAreaBWBuffer' was not declared in this scope; did you mean 'textAreaWFBWBuffer'?
  243 |                 Unicode::snprintf(textAreaBWBuffer, TEXTAREABW_SIZE,"%s","30kHz");
      |                                   ^~~~~~~~~~~~~~~~
      |                                   textAreaWFBWBuffer
C:/ProjectsOnC/PhasorRadio/Code/PhasorRadio1/TouchGFX/gui/src/screen1_screen/Screen1View.cpp:243:53: error: 'TEXTAREABW_SIZE' was not declared in this scope; did you mean 'TEXTAREAWFBW_SIZE'?
  243 |                 Unicode::snprintf(textAreaBWBuffer, TEXTAREABW_SIZE,"%s","30kHz");
      |                                                     ^~~~~~~~~~~~~~~
      |                                                     TEXTAREAWFBW_SIZE
make: *** [Application/User/gui/subdir.mk:34: Application/User/gui/Screen1View.o] Error 1
make: *** Waiting for unfinished jobs....
"make -j16 all" terminated with exit code 2. Build might be incomplete.
14:51:10 **** Incremental Build of configuration Debug for project STM32H735G-DK ****
make -j16 all 
arm-none-eabi-g++ "C:/ProjectsOnC/PhasorRadio/Code/PhasorRadio1/TouchGFX/gui/src/screen1_screen/Screen1View.cpp" -mcpu=cortex-m7 -std=gnu++14 -g -DUSE_HAL_DRIVER -DARM_MATH_CM7 -DUSE_BPP=24 -DDEBUG -DSTM32H735xx -c -I../../Core/Inc -I../../TouchGFX/App -I../../TouchGFX/target/generated -I../../TouchGFX/target -I../../Drivers/STM32H7xx_HAL_Driver/Inc -I../../Drivers/STM32H7xx_HAL_Driver/Inc/Legacy -I../../Middlewares/Third_Party/FreeRTOS/Source/include -I../../Middlewares/Third_Party/FreeRTOS/Source/CMSIS_RTOS_V2 -I../../Middlewares/Third_Party/FreeRTOS/Source/portable/GCC/ARM_CM4F -I../../Drivers/CMSIS/Device/ST/STM32H7xx/Include -I../../Drivers/CMSIS/Include -I../../Drivers/BSP/Components/Common -I../../Drivers/BSP/STM32H735G-DK -I../../Middlewares/ST/touchgfx/framework/include -I../../TouchGFX/generated/fonts/include -I../../TouchGFX/generated/gui_generated/include -I../../TouchGFX/generated/images/include -I../../TouchGFX/generated/texts/include -I../../TouchGFX/gui/include -I../../TouchGFX/generated/videos/include -O0 -ffunction-sections -fdata-sections -fno-exceptions -fno-rtti -fno-use-cxa-atexit -Wall -femit-class-debug-always -fstack-usage -fcyclomatic-complexity -MMD -MP -MF"Application/User/gui/Screen1View.d" -MT"Application/User/gui/Screen1View.o" --specs=nano.specs -mfpu=fpv5-d16 -mfloat-abi=hard -mthumb -o "Application/User/gui/Screen1View.o"
C:/ProjectsOnC/PhasorRadio/Code/PhasorRadio1/TouchGFX/gui/src/screen1_screen/Screen1View.cpp: In member function 'virtual void Screen1View::setWFBWup()':
C:/ProjectsOnC/PhasorRadio/Code/PhasorRadio1/TouchGFX/gui/src/screen1_screen/Screen1View.cpp:243:35: error: 'textAreaBWBuffer' was not declared in this scope; did you mean 'textAreaWFBWBuffer'?
  243 |                 Unicode::snprintf(textAreaBWBuffer, TEXTAREAWFBW_SIZE,"%s","30kHz");
      |                                   ^~~~~~~~~~~~~~~~
      |                                   textAreaWFBWBuffer
make: *** [Application/User/gui/subdir.mk:34: Application/User/gui/Screen1View.o] Error 1
"make -j16 all" terminated with exit code 2. Build might be incomplete.
14:51:20 **** Incremental Build of configuration Debug for project STM32H735G-DK ****
make -j16 all 
arm-none-eabi-g++ "C:/ProjectsOnC/PhasorRadio/Code/PhasorRadio1/TouchGFX/gui/src/screen1_screen/Screen1View.cpp" -mcpu=cortex-m7 -std=gnu++14 -g -DUSE_HAL_DRIVER -DARM_MATH_CM7 -DUSE_BPP=24 -DDEBUG -DSTM32H735xx -c -I../../Core/Inc -I../../TouchGFX/App -I../../TouchGFX/target/generated -I../../TouchGFX/target -I../../Drivers/STM32H7xx_HAL_Driver/Inc -I../../Drivers/STM32H7xx_HAL_Driver/Inc/Legacy -I../../Middlewares/Third_Party/FreeRTOS/Source/include -I../../Middlewares/Third_Party/FreeRTOS/Source/CMSIS_RTOS_V2 -I../../Middlewares/Third_Party/FreeRTOS/Source/portable/GCC/ARM_CM4F -I../../Drivers/CMSIS/Device/ST/STM32H7xx/Include -I../../Drivers/CMSIS/Include -I../../Drivers/BSP/Components/Common -I../../Drivers/BSP/STM32H735G-DK -I../../Middlewares/ST/touchgfx/framework/include -I../../TouchGFX/generated/fonts/include -I../../TouchGFX/generated/gui_generated/include -I../../TouchGFX/generated/images/include -I../../TouchGFX/generated/texts/include -I../../TouchGFX/gui/include -I../../TouchGFX/generated/videos/include -O0 -ffunction-sections -fdata-sections -fno-exceptions -fno-rtti -fno-use-cxa-atexit -Wall -femit-class-debug-always -fstack-usage -fcyclomatic-complexity -MMD -MP -MF"Application/User/gui/Screen1View.d" -MT"Application/User/gui/Screen1View.o" --specs=nano.specs -mfpu=fpv5-d16 -mfloat-abi=hard -mthumb -o "Application/User/gui/Screen1View.o"
arm-none-eabi-g++ -o "STM32H735G-DK.elf" @"objects.list"  -l:libtouchgfx-float-abi-hard.a -larm_cortexM7lfdp_math -mcpu=cortex-m7 -T"C:\ProjectsOnC\PhasorRadio\Code\PhasorRadio1\STM32CubeIDE\STM32H735IGKX_FLASH.ld" --specs=nosys.specs -Wl,-Map="STM32H735G-DK.map" -Wl,--gc-sections -static -L"C:\ProjectsOnC\PhasorRadio\Code\PhasorRadio1\STM32CubeIDE\Drivers\CMSIS\Lib\GCC" -L../../Middlewares/ST/touchgfx/lib/core/cortex_m7/gcc -Wl,-Map=STM32H735G-DK.map --specs=nano.specs -mfpu=fpv5-d16 -mfloat-abi=hard -mthumb -Wl,--start-group -lc -lm -lstdc++ -lsupc++ -Wl,--end-group
C:/ST/STM32CubeIDE_1.15.0/STM32CubeIDE/plugins/com.st.stm32cube.ide.mcu.externaltools.gnu-tools-for-stm32.12.3.rel1.win32_1.0.100.202403111256/tools/bin/../lib/gcc/arm-none-eabi/12.3.1/../../../../arm-none-eabi/bin/ld.exe: warning: STM32H735G-DK.elf has a LOAD segment with RWX permissions
Finished building target: STM32H735G-DK.elf
 
arm-none-eabi-size  STM32H735G-DK.elf 
arm-none-eabi-objdump -h -S STM32H735G-DK.elf  > "STM32H735G-DK.list"
arm-none-eabi-objcopy  -O ihex STM32H735G-DK.elf  "STM32H735G-DK.hex"
   text	   data	    bss	    dec	    hex	filename
 646662	    344	1419028	2066034	 1f8672	STM32H735G-DK.elf
Finished building: default.size.stdout
 
Finished building: STM32H735G-DK.hex
 
Finished building: STM32H735G-DK.list
 
14:52:59 **** Incremental Build of configuration Debug for project STM32H735G-DK ****
make -j16 all 
arm-none-eabi-g++ "C:/ProjectsOnC/PhasorRadio/Code/PhasorRadio1/TouchGFX/gui/src/screen1_screen/Screen1Presenter.cpp" -mcpu=cortex-m7 -std=gnu++14 -g -DUSE_HAL_DRIVER -DARM_MATH_CM7 -DUSE_BPP=24 -DDEBUG -DSTM32H735xx -c -I../../Core/Inc -I../../TouchGFX/App -I../../TouchGFX/target/generated -I../../TouchGFX/target -I../../Drivers/STM32H7xx_HAL_Driver/Inc -I../../Drivers/STM32H7xx_HAL_Driver/Inc/Legacy -I../../Middlewares/Third_Party/FreeRTOS/Source/include -I../../Middlewares/Third_Party/FreeRTOS/Source/CMSIS_RTOS_V2 -I../../Middlewares/Third_Party/FreeRTOS/Source/portable/GCC/ARM_CM4F -I../../Drivers/CMSIS/Device/ST/STM32H7xx/Include -I../../Drivers/CMSIS/Include -I../../Drivers/BSP/Components/Common -I../../Drivers/BSP/STM32H735G-DK -I../../Middlewares/ST/touchgfx/framework/include -I../../TouchGFX/generated/fonts/include -I../../TouchGFX/generated/gui_generated/include -I../../TouchGFX/generated/images/include -I../../TouchGFX/generated/texts/include -I../../TouchGFX/gui/include -I../../TouchGFX/generated/videos/include -O0 -ffunction-sections -fdata-sections -fno-exceptions -fno-rtti -fno-use-cxa-atexit -Wall -femit-class-debug-always -fstack-usage -fcyclomatic-complexity -MMD -MP -MF"Application/User/gui/Screen1Presenter.d" -MT"Application/User/gui/Screen1Presenter.o" --specs=nano.specs -mfpu=fpv5-d16 -mfloat-abi=hard -mthumb -o "Application/User/gui/Screen1Presenter.o"
arm-none-eabi-g++ "C:/ProjectsOnC/PhasorRadio/Code/PhasorRadio1/TouchGFX/gui/src/screen1_screen/Screen1View.cpp" -mcpu=cortex-m7 -std=gnu++14 -g -DUSE_HAL_DRIVER -DARM_MATH_CM7 -DUSE_BPP=24 -DDEBUG -DSTM32H735xx -c -I../../Core/Inc -I../../TouchGFX/App -I../../TouchGFX/target/generated -I../../TouchGFX/target -I../../Drivers/STM32H7xx_HAL_Driver/Inc -I../../Drivers/STM32H7xx_HAL_Driver/Inc/Legacy -I../../Middlewares/Third_Party/FreeRTOS/Source/include -I../../Middlewares/Third_Party/FreeRTOS/Source/CMSIS_RTOS_V2 -I../../Middlewares/Third_Party/FreeRTOS/Source/portable/GCC/ARM_CM4F -I../../Drivers/CMSIS/Device/ST/STM32H7xx/Include -I../../Drivers/CMSIS/Include -I../../Drivers/BSP/Components/Common -I../../Drivers/BSP/STM32H735G-DK -I../../Middlewares/ST/touchgfx/framework/include -I../../TouchGFX/generated/fonts/include -I../../TouchGFX/generated/gui_generated/include -I../../TouchGFX/generated/images/include -I../../TouchGFX/generated/texts/include -I../../TouchGFX/gui/include -I../../TouchGFX/generated/videos/include -O0 -ffunction-sections -fdata-sections -fno-exceptions -fno-rtti -fno-use-cxa-atexit -Wall -femit-class-debug-always -fstack-usage -fcyclomatic-complexity -MMD -MP -MF"Application/User/gui/Screen1View.d" -MT"Application/User/gui/Screen1View.o" --specs=nano.specs -mfpu=fpv5-d16 -mfloat-abi=hard -mthumb -o "Application/User/gui/Screen1View.o"
arm-none-eabi-g++ "C:/ProjectsOnC/PhasorRadio/Code/PhasorRadio1/TouchGFX/generated/gui_generated/src/common/FrontendApplicationBase.cpp" -mcpu=cortex-m7 -std=gnu++14 -g -DUSE_HAL_DRIVER -DARM_MATH_CM7 -DUSE_BPP=24 -DDEBUG -DSTM32H735xx -c -I../../Core/Inc -I../../TouchGFX/App -I../../TouchGFX/target/generated -I../../TouchGFX/target -I../../Drivers/STM32H7xx_HAL_Driver/Inc -I../../Drivers/STM32H7xx_HAL_Driver/Inc/Legacy -I../../Middlewares/Third_Party/FreeRTOS/Source/include -I../../Middlewares/Third_Party/FreeRTOS/Source/CMSIS_RTOS_V2 -I../../Middlewares/Third_Party/FreeRTOS/Source/portable/GCC/ARM_CM4F -I../../Drivers/CMSIS/Device/ST/STM32H7xx/Include -I../../Drivers/CMSIS/Include -I../../Drivers/BSP/Components/Common -I../../Drivers/BSP/STM32H735G-DK -I../../Middlewares/ST/touchgfx/framework/include -I../../TouchGFX/generated/fonts/include -I../../TouchGFX/generated/gui_generated/include -I../../TouchGFX/generated/images/include -I../../TouchGFX/generated/texts/include -I../../TouchGFX/gui/include -I../../TouchGFX/generated/videos/include -O0 -ffunction-sections -fdata-sections -fno-exceptions -fno-rtti -fno-use-cxa-atexit -Wall -femit-class-debug-always -fstack-usage -fcyclomatic-complexity -MMD -MP -MF"Application/User/generated/FrontendApplicationBase.d" -MT"Application/User/generated/FrontendApplicationBase.o" --specs=nano.specs -mfpu=fpv5-d16 -mfloat-abi=hard -mthumb -o "Application/User/generated/FrontendApplicationBase.o"
arm-none-eabi-g++ "C:/ProjectsOnC/PhasorRadio/Code/PhasorRadio1/TouchGFX/generated/gui_generated/src/screen1_screen/Screen1ViewBase.cpp" -mcpu=cortex-m7 -std=gnu++14 -g -DUSE_HAL_DRIVER -DARM_MATH_CM7 -DUSE_BPP=24 -DDEBUG -DSTM32H735xx -c -I../../Core/Inc -I../../TouchGFX/App -I../../TouchGFX/target/generated -I../../TouchGFX/target -I../../Drivers/STM32H7xx_HAL_Driver/Inc -I../../Drivers/STM32H7xx_HAL_Driver/Inc/Legacy -I../../Middlewares/Third_Party/FreeRTOS/Source/include -I../../Middlewares/Third_Party/FreeRTOS/Source/CMSIS_RTOS_V2 -I../../Middlewares/Third_Party/FreeRTOS/Source/portable/GCC/ARM_CM4F -I../../Drivers/CMSIS/Device/ST/STM32H7xx/Include -I../../Drivers/CMSIS/Include -I../../Drivers/BSP/Components/Common -I../../Drivers/BSP/STM32H735G-DK -I../../Middlewares/ST/touchgfx/framework/include -I../../TouchGFX/generated/fonts/include -I../../TouchGFX/generated/gui_generated/include -I../../TouchGFX/generated/images/include -I../../TouchGFX/generated/texts/include -I../../TouchGFX/gui/include -I../../TouchGFX/generated/videos/include -O0 -ffunction-sections -fdata-sections -fno-exceptions -fno-rtti -fno-use-cxa-atexit -Wall -femit-class-debug-always -fstack-usage -fcyclomatic-complexity -MMD -MP -MF"Application/User/generated/Screen1ViewBase.d" -MT"Application/User/generated/Screen1ViewBase.o" --specs=nano.specs -mfpu=fpv5-d16 -mfloat-abi=hard -mthumb -o "Application/User/generated/Screen1ViewBase.o"
arm-none-eabi-g++ "C:/ProjectsOnC/PhasorRadio/Code/PhasorRadio1/TouchGFX/generated/texts/src/Texts.cpp" -mcpu=cortex-m7 -std=gnu++14 -g -DUSE_HAL_DRIVER -DARM_MATH_CM7 -DUSE_BPP=24 -DDEBUG -DSTM32H735xx -c -I../../Core/Inc -I../../TouchGFX/App -I../../TouchGFX/target/generated -I../../TouchGFX/target -I../../Drivers/STM32H7xx_HAL_Driver/Inc -I../../Drivers/STM32H7xx_HAL_Driver/Inc/Legacy -I../../Middlewares/Third_Party/FreeRTOS/Source/include -I../../Middlewares/Third_Party/FreeRTOS/Source/CMSIS_RTOS_V2 -I../../Middlewares/Third_Party/FreeRTOS/Source/portable/GCC/ARM_CM4F -I../../Drivers/CMSIS/Device/ST/STM32H7xx/Include -I../../Drivers/CMSIS/Include -I../../Drivers/BSP/Components/Common -I../../Drivers/BSP/STM32H735G-DK -I../../Middlewares/ST/touchgfx/framework/include -I../../TouchGFX/generated/fonts/include -I../../TouchGFX/generated/gui_generated/include -I../../TouchGFX/generated/images/include -I../../TouchGFX/generated/texts/include -I../../TouchGFX/gui/include -I../../TouchGFX/generated/videos/include -O0 -ffunction-sections -fdata-sections -fno-exceptions -fno-rtti -fno-use-cxa-atexit -Wall -femit-class-debug-always -fstack-usage -fcyclomatic-complexity -MMD -MP -MF"Application/User/generated/Texts.d" -MT"Application/User/generated/Texts.o" --specs=nano.specs -mfpu=fpv5-d16 -mfloat-abi=hard -mthumb -o "Application/User/generated/Texts.o"
arm-none-eabi-g++ "C:/ProjectsOnC/PhasorRadio/Code/PhasorRadio1/TouchGFX/target/generated/TouchGFXConfiguration.cpp" -mcpu=cortex-m7 -std=gnu++14 -g -DUSE_HAL_DRIVER -DARM_MATH_CM7 -DUSE_BPP=24 -DDEBUG -DSTM32H735xx -c -I../../Core/Inc -I../../TouchGFX/App -I../../TouchGFX/target/generated -I../../TouchGFX/target -I../../Drivers/STM32H7xx_HAL_Driver/Inc -I../../Drivers/STM32H7xx_HAL_Driver/Inc/Legacy -I../../Middlewares/Third_Party/FreeRTOS/Source/include -I../../Middlewares/Third_Party/FreeRTOS/Source/CMSIS_RTOS_V2 -I../../Middlewares/Third_Party/FreeRTOS/Source/portable/GCC/ARM_CM4F -I../../Drivers/CMSIS/Device/ST/STM32H7xx/Include -I../../Drivers/CMSIS/Include -I../../Drivers/BSP/Components/Common -I../../Drivers/BSP/STM32H735G-DK -I../../Middlewares/ST/touchgfx/framework/include -I../../TouchGFX/generated/fonts/include -I../../TouchGFX/generated/gui_generated/include -I../../TouchGFX/generated/images/include -I../../TouchGFX/generated/texts/include -I../../TouchGFX/gui/include -I../../TouchGFX/generated/videos/include -O0 -ffunction-sections -fdata-sections -fno-exceptions -fno-rtti -fno-use-cxa-atexit -Wall -femit-class-debug-always -fstack-usage -fcyclomatic-complexity -MMD -MP -MF"Application/User/TouchGFX/target/generated/TouchGFXConfiguration.d" -MT"Application/User/TouchGFX/target/generated/TouchGFXConfiguration.o" --specs=nano.specs -mfpu=fpv5-d16 -mfloat-abi=hard -mthumb -o "Application/User/TouchGFX/target/generated/TouchGFXConfiguration.o"
arm-none-eabi-g++ "C:/ProjectsOnC/PhasorRadio/Code/PhasorRadio1/TouchGFX/target/generated/TouchGFXGeneratedHAL.cpp" -mcpu=cortex-m7 -std=gnu++14 -g -DUSE_HAL_DRIVER -DARM_MATH_CM7 -DUSE_BPP=24 -DDEBUG -DSTM32H735xx -c -I../../Core/Inc -I../../TouchGFX/App -I../../TouchGFX/target/generated -I../../TouchGFX/target -I../../Drivers/STM32H7xx_HAL_Driver/Inc -I../../Drivers/STM32H7xx_HAL_Driver/Inc/Legacy -I../../Middlewares/Third_Party/FreeRTOS/Source/include -I../../Middlewares/Third_Party/FreeRTOS/Source/CMSIS_RTOS_V2 -I../../Middlewares/Third_Party/FreeRTOS/Source/portable/GCC/ARM_CM4F -I../../Drivers/CMSIS/Device/ST/STM32H7xx/Include -I../../Drivers/CMSIS/Include -I../../Drivers/BSP/Components/Common -I../../Drivers/BSP/STM32H735G-DK -I../../Middlewares/ST/touchgfx/framework/include -I../../TouchGFX/generated/fonts/include -I../../TouchGFX/generated/gui_generated/include -I../../TouchGFX/generated/images/include -I../../TouchGFX/generated/texts/include -I../../TouchGFX/gui/include -I../../TouchGFX/generated/videos/include -O0 -ffunction-sections -fdata-sections -fno-exceptions -fno-rtti -fno-use-cxa-atexit -Wall -femit-class-debug-always -fstack-usage -fcyclomatic-complexity -MMD -MP -MF"Application/User/TouchGFX/target/generated/TouchGFXGeneratedHAL.d" -MT"Application/User/TouchGFX/target/generated/TouchGFXGeneratedHAL.o" --specs=nano.specs -mfpu=fpv5-d16 -mfloat-abi=hard -mthumb -o "Application/User/TouchGFX/target/generated/TouchGFXGeneratedHAL.o"
arm-none-eabi-g++ -o "STM32H735G-DK.elf" @"objects.list"  -l:libtouchgfx-float-abi-hard.a -larm_cortexM7lfdp_math -mcpu=cortex-m7 -T"C:\ProjectsOnC\PhasorRadio\Code\PhasorRadio1\STM32CubeIDE\STM32H735IGKX_FLASH.ld" --specs=nosys.specs -Wl,-Map="STM32H735G-DK.map" -Wl,--gc-sections -static -L"C:\ProjectsOnC\PhasorRadio\Code\PhasorRadio1\STM32CubeIDE\Drivers\CMSIS\Lib\GCC" -L../../Middlewares/ST/touchgfx/lib/core/cortex_m7/gcc -Wl,-Map=STM32H735G-DK.map --specs=nano.specs -mfpu=fpv5-d16 -mfloat-abi=hard -mthumb -Wl,--start-group -lc -lm -lstdc++ -lsupc++ -Wl,--end-group
C:/ST/STM32CubeIDE_1.15.0/STM32CubeIDE/plugins/com.st.stm32cube.ide.mcu.externaltools.gnu-tools-for-stm32.12.3.rel1.win32_1.0.100.202403111256/tools/bin/../lib/gcc/arm-none-eabi/12.3.1/../../../../arm-none-eabi/bin/ld.exe: warning: STM32H735G-DK.elf has a LOAD segment with RWX permissions
Finished building target: STM32H735G-DK.elf
 
arm-none-eabi-size  STM32H735G-DK.elf 
arm-none-eabi-objdump -h -S STM32H735G-DK.elf  > "STM32H735G-DK.list"
arm-none-eabi-objcopy  -O ihex STM32H735G-DK.elf  "STM32H735G-DK.hex"
   text	   data	    bss	    dec	    hex	filename
 646658	    344	1419020	2066022	 1f8666	STM32H735G-DK.elf
Finished building: default.size.stdout
 
Finished building: STM32H735G-DK.hex
 
Finished building: STM32H735G-DK.list
 
14:59:48 **** Incremental Build of configuration Debug for project STM32H735G-DK ****
make -j16 all 
arm-none-eabi-g++ "C:/ProjectsOnC/PhasorRadio/Code/PhasorRadio1/TouchGFX/gui/src/screen1_screen/Screen1Presenter.cpp" -mcpu=cortex-m7 -std=gnu++14 -g -DUSE_HAL_DRIVER -DARM_MATH_CM7 -DUSE_BPP=24 -DDEBUG -DSTM32H735xx -c -I../../Core/Inc -I../../TouchGFX/App -I../../TouchGFX/target/generated -I../../TouchGFX/target -I../../Drivers/STM32H7xx_HAL_Driver/Inc -I../../Drivers/STM32H7xx_HAL_Driver/Inc/Legacy -I../../Middlewares/Third_Party/FreeRTOS/Source/include -I../../Middlewares/Third_Party/FreeRTOS/Source/CMSIS_RTOS_V2 -I../../Middlewares/Third_Party/FreeRTOS/Source/portable/GCC/ARM_CM4F -I../../Drivers/CMSIS/Device/ST/STM32H7xx/Include -I../../Drivers/CMSIS/Include -I../../Drivers/BSP/Components/Common -I../../Drivers/BSP/STM32H735G-DK -I../../Middlewares/ST/touchgfx/framework/include -I../../TouchGFX/generated/fonts/include -I../../TouchGFX/generated/gui_generated/include -I../../TouchGFX/generated/images/include -I../../TouchGFX/generated/texts/include -I../../TouchGFX/gui/include -I../../TouchGFX/generated/videos/include -O0 -ffunction-sections -fdata-sections -fno-exceptions -fno-rtti -fno-use-cxa-atexit -Wall -femit-class-debug-always -fstack-usage -fcyclomatic-complexity -MMD -MP -MF"Application/User/gui/Screen1Presenter.d" -MT"Application/User/gui/Screen1Presenter.o" --specs=nano.specs -mfpu=fpv5-d16 -mfloat-abi=hard -mthumb -o "Application/User/gui/Screen1Presenter.o"
arm-none-eabi-g++ "C:/ProjectsOnC/PhasorRadio/Code/PhasorRadio1/TouchGFX/gui/src/screen1_screen/Screen1View.cpp" -mcpu=cortex-m7 -std=gnu++14 -g -DUSE_HAL_DRIVER -DARM_MATH_CM7 -DUSE_BPP=24 -DDEBUG -DSTM32H735xx -c -I../../Core/Inc -I../../TouchGFX/App -I../../TouchGFX/target/generated -I../../TouchGFX/target -I../../Drivers/STM32H7xx_HAL_Driver/Inc -I../../Drivers/STM32H7xx_HAL_Driver/Inc/Legacy -I../../Middlewares/Third_Party/FreeRTOS/Source/include -I../../Middlewares/Third_Party/FreeRTOS/Source/CMSIS_RTOS_V2 -I../../Middlewares/Third_Party/FreeRTOS/Source/portable/GCC/ARM_CM4F -I../../Drivers/CMSIS/Device/ST/STM32H7xx/Include -I../../Drivers/CMSIS/Include -I../../Drivers/BSP/Components/Common -I../../Drivers/BSP/STM32H735G-DK -I../../Middlewares/ST/touchgfx/framework/include -I../../TouchGFX/generated/fonts/include -I../../TouchGFX/generated/gui_generated/include -I../../TouchGFX/generated/images/include -I../../TouchGFX/generated/texts/include -I../../TouchGFX/gui/include -I../../TouchGFX/generated/videos/include -O0 -ffunction-sections -fdata-sections -fno-exceptions -fno-rtti -fno-use-cxa-atexit -Wall -femit-class-debug-always -fstack-usage -fcyclomatic-complexity -MMD -MP -MF"Application/User/gui/Screen1View.d" -MT"Application/User/gui/Screen1View.o" --specs=nano.specs -mfpu=fpv5-d16 -mfloat-abi=hard -mthumb -o "Application/User/gui/Screen1View.o"
arm-none-eabi-g++ "C:/ProjectsOnC/PhasorRadio/Code/PhasorRadio1/TouchGFX/generated/fonts/src/Font_verdana_14_4bpp_0.cpp" -mcpu=cortex-m7 -std=gnu++14 -g -DUSE_HAL_DRIVER -DARM_MATH_CM7 -DUSE_BPP=24 -DDEBUG -DSTM32H735xx -c -I../../Core/Inc -I../../TouchGFX/App -I../../TouchGFX/target/generated -I../../TouchGFX/target -I../../Drivers/STM32H7xx_HAL_Driver/Inc -I../../Drivers/STM32H7xx_HAL_Driver/Inc/Legacy -I../../Middlewares/Third_Party/FreeRTOS/Source/include -I../../Middlewares/Third_Party/FreeRTOS/Source/CMSIS_RTOS_V2 -I../../Middlewares/Third_Party/FreeRTOS/Source/portable/GCC/ARM_CM4F -I../../Drivers/CMSIS/Device/ST/STM32H7xx/Include -I../../Drivers/CMSIS/Include -I../../Drivers/BSP/Components/Common -I../../Drivers/BSP/STM32H735G-DK -I../../Middlewares/ST/touchgfx/framework/include -I../../TouchGFX/generated/fonts/include -I../../TouchGFX/generated/gui_generated/include -I../../TouchGFX/generated/images/include -I../../TouchGFX/generated/texts/include -I../../TouchGFX/gui/include -I../../TouchGFX/generated/videos/include -O0 -ffunction-sections -fdata-sections -fno-exceptions -fno-rtti -fno-use-cxa-atexit -Wall -femit-class-debug-always -fstack-usage -fcyclomatic-complexity -MMD -MP -MF"Application/User/generated/Font_verdana_14_4bpp_0.d" -MT"Application/User/generated/Font_verdana_14_4bpp_0.o" --specs=nano.specs -mfpu=fpv5-d16 -mfloat-abi=hard -mthumb -o "Application/User/generated/Font_verdana_14_4bpp_0.o"
arm-none-eabi-g++ "C:/ProjectsOnC/PhasorRadio/Code/PhasorRadio1/TouchGFX/generated/gui_generated/src/common/FrontendApplicationBase.cpp" -mcpu=cortex-m7 -std=gnu++14 -g -DUSE_HAL_DRIVER -DARM_MATH_CM7 -DUSE_BPP=24 -DDEBUG -DSTM32H735xx -c -I../../Core/Inc -I../../TouchGFX/App -I../../TouchGFX/target/generated -I../../TouchGFX/target -I../../Drivers/STM32H7xx_HAL_Driver/Inc -I../../Drivers/STM32H7xx_HAL_Driver/Inc/Legacy -I../../Middlewares/Third_Party/FreeRTOS/Source/include -I../../Middlewares/Third_Party/FreeRTOS/Source/CMSIS_RTOS_V2 -I../../Middlewares/Third_Party/FreeRTOS/Source/portable/GCC/ARM_CM4F -I../../Drivers/CMSIS/Device/ST/STM32H7xx/Include -I../../Drivers/CMSIS/Include -I../../Drivers/BSP/Components/Common -I../../Drivers/BSP/STM32H735G-DK -I../../Middlewares/ST/touchgfx/framework/include -I../../TouchGFX/generated/fonts/include -I../../TouchGFX/generated/gui_generated/include -I../../TouchGFX/generated/images/include -I../../TouchGFX/generated/texts/include -I../../TouchGFX/gui/include -I../../TouchGFX/generated/videos/include -O0 -ffunction-sections -fdata-sections -fno-exceptions -fno-rtti -fno-use-cxa-atexit -Wall -femit-class-debug-always -fstack-usage -fcyclomatic-complexity -MMD -MP -MF"Application/User/generated/FrontendApplicationBase.d" -MT"Application/User/generated/FrontendApplicationBase.o" --specs=nano.specs -mfpu=fpv5-d16 -mfloat-abi=hard -mthumb -o "Application/User/generated/FrontendApplicationBase.o"
arm-none-eabi-g++ "C:/ProjectsOnC/PhasorRadio/Code/PhasorRadio1/TouchGFX/generated/fonts/src/Kerning_verdana_14_4bpp.cpp" -mcpu=cortex-m7 -std=gnu++14 -g -DUSE_HAL_DRIVER -DARM_MATH_CM7 -DUSE_BPP=24 -DDEBUG -DSTM32H735xx -c -I../../Core/Inc -I../../TouchGFX/App -I../../TouchGFX/target/generated -I../../TouchGFX/target -I../../Drivers/STM32H7xx_HAL_Driver/Inc -I../../Drivers/STM32H7xx_HAL_Driver/Inc/Legacy -I../../Middlewares/Third_Party/FreeRTOS/Source/include -I../../Middlewares/Third_Party/FreeRTOS/Source/CMSIS_RTOS_V2 -I../../Middlewares/Third_Party/FreeRTOS/Source/portable/GCC/ARM_CM4F -I../../Drivers/CMSIS/Device/ST/STM32H7xx/Include -I../../Drivers/CMSIS/Include -I../../Drivers/BSP/Components/Common -I../../Drivers/BSP/STM32H735G-DK -I../../Middlewares/ST/touchgfx/framework/include -I../../TouchGFX/generated/fonts/include -I../../TouchGFX/generated/gui_generated/include -I../../TouchGFX/generated/images/include -I../../TouchGFX/generated/texts/include -I../../TouchGFX/gui/include -I../../TouchGFX/generated/videos/include -O0 -ffunction-sections -fdata-sections -fno-exceptions -fno-rtti -fno-use-cxa-atexit -Wall -femit-class-debug-always -fstack-usage -fcyclomatic-complexity -MMD -MP -MF"Application/User/generated/Kerning_verdana_14_4bpp.d" -MT"Application/User/generated/Kerning_verdana_14_4bpp.o" --specs=nano.specs -mfpu=fpv5-d16 -mfloat-abi=hard -mthumb -o "Application/User/generated/Kerning_verdana_14_4bpp.o"
arm-none-eabi-g++ "C:/ProjectsOnC/PhasorRadio/Code/PhasorRadio1/TouchGFX/generated/gui_generated/src/screen1_screen/Screen1ViewBase.cpp" -mcpu=cortex-m7 -std=gnu++14 -g -DUSE_HAL_DRIVER -DARM_MATH_CM7 -DUSE_BPP=24 -DDEBUG -DSTM32H735xx -c -I../../Core/Inc -I../../TouchGFX/App -I../../TouchGFX/target/generated -I../../TouchGFX/target -I../../Drivers/STM32H7xx_HAL_Driver/Inc -I../../Drivers/STM32H7xx_HAL_Driver/Inc/Legacy -I../../Middlewares/Third_Party/FreeRTOS/Source/include -I../../Middlewares/Third_Party/FreeRTOS/Source/CMSIS_RTOS_V2 -I../../Middlewares/Third_Party/FreeRTOS/Source/portable/GCC/ARM_CM4F -I../../Drivers/CMSIS/Device/ST/STM32H7xx/Include -I../../Drivers/CMSIS/Include -I../../Drivers/BSP/Components/Common -I../../Drivers/BSP/STM32H735G-DK -I../../Middlewares/ST/touchgfx/framework/include -I../../TouchGFX/generated/fonts/include -I../../TouchGFX/generated/gui_generated/include -I../../TouchGFX/generated/images/include -I../../TouchGFX/generated/texts/include -I../../TouchGFX/gui/include -I../../TouchGFX/generated/videos/include -O0 -ffunction-sections -fdata-sections -fno-exceptions -fno-rtti -fno-use-cxa-atexit -Wall -femit-class-debug-always -fstack-usage -fcyclomatic-complexity -MMD -MP -MF"Application/User/generated/Screen1ViewBase.d" -MT"Application/User/generated/Screen1ViewBase.o" --specs=nano.specs -mfpu=fpv5-d16 -mfloat-abi=hard -mthumb -o "Application/User/generated/Screen1ViewBase.o"
arm-none-eabi-g++ "C:/ProjectsOnC/PhasorRadio/Code/PhasorRadio1/TouchGFX/generated/fonts/src/Table_verdana_14_4bpp.cpp" -mcpu=cortex-m7 -std=gnu++14 -g -DUSE_HAL_DRIVER -DARM_MATH_CM7 -DUSE_BPP=24 -DDEBUG -DSTM32H735xx -c -I../../Core/Inc -I../../TouchGFX/App -I../../TouchGFX/target/generated -I../../TouchGFX/target -I../../Drivers/STM32H7xx_HAL_Driver/Inc -I../../Drivers/STM32H7xx_HAL_Driver/Inc/Legacy -I../../Middlewares/Third_Party/FreeRTOS/Source/include -I../../Middlewares/Third_Party/FreeRTOS/Source/CMSIS_RTOS_V2 -I../../Middlewares/Third_Party/FreeRTOS/Source/portable/GCC/ARM_CM4F -I../../Drivers/CMSIS/Device/ST/STM32H7xx/Include -I../../Drivers/CMSIS/Include -I../../Drivers/BSP/Components/Common -I../../Drivers/BSP/STM32H735G-DK -I../../Middlewares/ST/touchgfx/framework/include -I../../TouchGFX/generated/fonts/include -I../../TouchGFX/generated/gui_generated/include -I../../TouchGFX/generated/images/include -I../../TouchGFX/generated/texts/include -I../../TouchGFX/gui/include -I../../TouchGFX/generated/videos/include -O0 -ffunction-sections -fdata-sections -fno-exceptions -fno-rtti -fno-use-cxa-atexit -Wall -femit-class-debug-always -fstack-usage -fcyclomatic-complexity -MMD -MP -MF"Application/User/generated/Table_verdana_14_4bpp.d" -MT"Application/User/generated/Table_verdana_14_4bpp.o" --specs=nano.specs -mfpu=fpv5-d16 -mfloat-abi=hard -mthumb -o "Application/User/generated/Table_verdana_14_4bpp.o"
arm-none-eabi-g++ "C:/ProjectsOnC/PhasorRadio/Code/PhasorRadio1/TouchGFX/generated/texts/src/Texts.cpp" -mcpu=cortex-m7 -std=gnu++14 -g -DUSE_HAL_DRIVER -DARM_MATH_CM7 -DUSE_BPP=24 -DDEBUG -DSTM32H735xx -c -I../../Core/Inc -I../../TouchGFX/App -I../../TouchGFX/target/generated -I../../TouchGFX/target -I../../Drivers/STM32H7xx_HAL_Driver/Inc -I../../Drivers/STM32H7xx_HAL_Driver/Inc/Legacy -I../../Middlewares/Third_Party/FreeRTOS/Source/include -I../../Middlewares/Third_Party/FreeRTOS/Source/CMSIS_RTOS_V2 -I../../Middlewares/Third_Party/FreeRTOS/Source/portable/GCC/ARM_CM4F -I../../Drivers/CMSIS/Device/ST/STM32H7xx/Include -I../../Drivers/CMSIS/Include -I../../Drivers/BSP/Components/Common -I../../Drivers/BSP/STM32H735G-DK -I../../Middlewares/ST/touchgfx/framework/include -I../../TouchGFX/generated/fonts/include -I../../TouchGFX/generated/gui_generated/include -I../../TouchGFX/generated/images/include -I../../TouchGFX/generated/texts/include -I../../TouchGFX/gui/include -I../../TouchGFX/generated/videos/include -O0 -ffunction-sections -fdata-sections -fno-exceptions -fno-rtti -fno-use-cxa-atexit -Wall -femit-class-debug-always -fstack-usage -fcyclomatic-complexity -MMD -MP -MF"Application/User/generated/Texts.d" -MT"Application/User/generated/Texts.o" --specs=nano.specs -mfpu=fpv5-d16 -mfloat-abi=hard -mthumb -o "Application/User/generated/Texts.o"
arm-none-eabi-g++ "C:/ProjectsOnC/PhasorRadio/Code/PhasorRadio1/TouchGFX/generated/texts/src/TypedTextDatabase.cpp" -mcpu=cortex-m7 -std=gnu++14 -g -DUSE_HAL_DRIVER -DARM_MATH_CM7 -DUSE_BPP=24 -DDEBUG -DSTM32H735xx -c -I../../Core/Inc -I../../TouchGFX/App -I../../TouchGFX/target/generated -I../../TouchGFX/target -I../../Drivers/STM32H7xx_HAL_Driver/Inc -I../../Drivers/STM32H7xx_HAL_Driver/Inc/Legacy -I../../Middlewares/Third_Party/FreeRTOS/Source/include -I../../Middlewares/Third_Party/FreeRTOS/Source/CMSIS_RTOS_V2 -I../../Middlewares/Third_Party/FreeRTOS/Source/portable/GCC/ARM_CM4F -I../../Drivers/CMSIS/Device/ST/STM32H7xx/Include -I../../Drivers/CMSIS/Include -I../../Drivers/BSP/Components/Common -I../../Drivers/BSP/STM32H735G-DK -I../../Middlewares/ST/touchgfx/framework/include -I../../TouchGFX/generated/fonts/include -I../../TouchGFX/generated/gui_generated/include -I../../TouchGFX/generated/images/include -I../../TouchGFX/generated/texts/include -I../../TouchGFX/gui/include -I../../TouchGFX/generated/videos/include -O0 -ffunction-sections -fdata-sections -fno-exceptions -fno-rtti -fno-use-cxa-atexit -Wall -femit-class-debug-always -fstack-usage -fcyclomatic-complexity -MMD -MP -MF"Application/User/generated/TypedTextDatabase.d" -MT"Application/User/generated/TypedTextDatabase.o" --specs=nano.specs -mfpu=fpv5-d16 -mfloat-abi=hard -mthumb -o "Application/User/generated/TypedTextDatabase.o"
arm-none-eabi-g++ "C:/ProjectsOnC/PhasorRadio/Code/PhasorRadio1/TouchGFX/target/generated/TouchGFXConfiguration.cpp" -mcpu=cortex-m7 -std=gnu++14 -g -DUSE_HAL_DRIVER -DARM_MATH_CM7 -DUSE_BPP=24 -DDEBUG -DSTM32H735xx -c -I../../Core/Inc -I../../TouchGFX/App -I../../TouchGFX/target/generated -I../../TouchGFX/target -I../../Drivers/STM32H7xx_HAL_Driver/Inc -I../../Drivers/STM32H7xx_HAL_Driver/Inc/Legacy -I../../Middlewares/Third_Party/FreeRTOS/Source/include -I../../Middlewares/Third_Party/FreeRTOS/Source/CMSIS_RTOS_V2 -I../../Middlewares/Third_Party/FreeRTOS/Source/portable/GCC/ARM_CM4F -I../../Drivers/CMSIS/Device/ST/STM32H7xx/Include -I../../Drivers/CMSIS/Include -I../../Drivers/BSP/Components/Common -I../../Drivers/BSP/STM32H735G-DK -I../../Middlewares/ST/touchgfx/framework/include -I../../TouchGFX/generated/fonts/include -I../../TouchGFX/generated/gui_generated/include -I../../TouchGFX/generated/images/include -I../../TouchGFX/generated/texts/include -I../../TouchGFX/gui/include -I../../TouchGFX/generated/videos/include -O0 -ffunction-sections -fdata-sections -fno-exceptions -fno-rtti -fno-use-cxa-atexit -Wall -femit-class-debug-always -fstack-usage -fcyclomatic-complexity -MMD -MP -MF"Application/User/TouchGFX/target/generated/TouchGFXConfiguration.d" -MT"Application/User/TouchGFX/target/generated/TouchGFXConfiguration.o" --specs=nano.specs -mfpu=fpv5-d16 -mfloat-abi=hard -mthumb -o "Application/User/TouchGFX/target/generated/TouchGFXConfiguration.o"
arm-none-eabi-g++ "C:/ProjectsOnC/PhasorRadio/Code/PhasorRadio1/TouchGFX/target/generated/TouchGFXGeneratedHAL.cpp" -mcpu=cortex-m7 -std=gnu++14 -g -DUSE_HAL_DRIVER -DARM_MATH_CM7 -DUSE_BPP=24 -DDEBUG -DSTM32H735xx -c -I../../Core/Inc -I../../TouchGFX/App -I../../TouchGFX/target/generated -I../../TouchGFX/target -I../../Drivers/STM32H7xx_HAL_Driver/Inc -I../../Drivers/STM32H7xx_HAL_Driver/Inc/Legacy -I../../Middlewares/Third_Party/FreeRTOS/Source/include -I../../Middlewares/Third_Party/FreeRTOS/Source/CMSIS_RTOS_V2 -I../../Middlewares/Third_Party/FreeRTOS/Source/portable/GCC/ARM_CM4F -I../../Drivers/CMSIS/Device/ST/STM32H7xx/Include -I../../Drivers/CMSIS/Include -I../../Drivers/BSP/Components/Common -I../../Drivers/BSP/STM32H735G-DK -I../../Middlewares/ST/touchgfx/framework/include -I../../TouchGFX/generated/fonts/include -I../../TouchGFX/generated/gui_generated/include -I../../TouchGFX/generated/images/include -I../../TouchGFX/generated/texts/include -I../../TouchGFX/gui/include -I../../TouchGFX/generated/videos/include -O0 -ffunction-sections -fdata-sections -fno-exceptions -fno-rtti -fno-use-cxa-atexit -Wall -femit-class-debug-always -fstack-usage -fcyclomatic-complexity -MMD -MP -MF"Application/User/TouchGFX/target/generated/TouchGFXGeneratedHAL.d" -MT"Application/User/TouchGFX/target/generated/TouchGFXGeneratedHAL.o" --specs=nano.specs -mfpu=fpv5-d16 -mfloat-abi=hard -mthumb -o "Application/User/TouchGFX/target/generated/TouchGFXGeneratedHAL.o"
C:/ProjectsOnC/PhasorRadio/Code/PhasorRadio1/TouchGFX/gui/src/screen1_screen/Screen1View.cpp: In member function 'virtual void Screen1View::setWFBWup()':
C:/ProjectsOnC/PhasorRadio/Code/PhasorRadio1/TouchGFX/gui/src/screen1_screen/Screen1View.cpp:238:35: error: 'textAreaWFBWBuffer' was not declared in this scope; did you mean 'textAreaVFOBuffer'?
  238 |                 Unicode::snprintf(textAreaWFBWBuffer, TEXTAREAWFBW_SIZE,"%s","50kHz");
      |                                   ^~~~~~~~~~~~~~~~~~
      |                                   textAreaVFOBuffer
C:/ProjectsOnC/PhasorRadio/Code/PhasorRadio1/TouchGFX/gui/src/screen1_screen/Screen1View.cpp:238:55: error: 'TEXTAREAWFBW_SIZE' was not declared in this scope; did you mean 'TEXTAREAVFO_SIZE'?
  238 |                 Unicode::snprintf(textAreaWFBWBuffer, TEXTAREAWFBW_SIZE,"%s","50kHz");
      |                                                       ^~~~~~~~~~~~~~~~~
      |                                                       TEXTAREAVFO_SIZE
C:/ProjectsOnC/PhasorRadio/Code/PhasorRadio1/TouchGFX/gui/src/screen1_screen/Screen1View.cpp:243:35: error: 'textAreaWFBWBuffer' was not declared in this scope; did you mean 'textAreaVFOBuffer'?
  243 |                 Unicode::snprintf(textAreaWFBWBuffer, TEXTAREAWFBW_SIZE,"%s","30kHz");
      |                                   ^~~~~~~~~~~~~~~~~~
      |                                   textAreaVFOBuffer
C:/ProjectsOnC/PhasorRadio/Code/PhasorRadio1/TouchGFX/gui/src/screen1_screen/Screen1View.cpp:243:55: error: 'TEXTAREAWFBW_SIZE' was not declared in this scope; did you mean 'TEXTAREAVFO_SIZE'?
  243 |                 Unicode::snprintf(textAreaWFBWBuffer, TEXTAREAWFBW_SIZE,"%s","30kHz");
      |                                                       ^~~~~~~~~~~~~~~~~
      |                                                       TEXTAREAVFO_SIZE
C:/ProjectsOnC/PhasorRadio/Code/PhasorRadio1/TouchGFX/gui/src/screen1_screen/Screen1View.cpp:248:35: error: 'textAreaWFBWBuffer' was not declared in this scope; did you mean 'textAreaVFOBuffer'?
  248 |                 Unicode::snprintf(textAreaWFBWBuffer, TEXTAREAWFBW_SIZE,"%s","10kHz");
      |                                   ^~~~~~~~~~~~~~~~~~
      |                                   textAreaVFOBuffer
C:/ProjectsOnC/PhasorRadio/Code/PhasorRadio1/TouchGFX/gui/src/screen1_screen/Screen1View.cpp:248:55: error: 'TEXTAREAWFBW_SIZE' was not declared in this scope; did you mean 'TEXTAREAVFO_SIZE'?
  248 |                 Unicode::snprintf(textAreaWFBWBuffer, TEXTAREAWFBW_SIZE,"%s","10kHz");
      |                                                       ^~~~~~~~~~~~~~~~~
      |                                                       TEXTAREAVFO_SIZE
C:/ProjectsOnC/PhasorRadio/Code/PhasorRadio1/TouchGFX/gui/src/screen1_screen/Screen1View.cpp: In member function 'virtual void Screen1View::setWFBWdown()':
C:/ProjectsOnC/PhasorRadio/Code/PhasorRadio1/TouchGFX/gui/src/screen1_screen/Screen1View.cpp:262:35: error: 'textAreaWFBWBuffer' was not declared in this scope; did you mean 'textAreaVFOBuffer'?
  262 |                 Unicode::snprintf(textAreaWFBWBuffer, TEXTAREAWFBW_SIZE,"%s","100kHz");
      |                                   ^~~~~~~~~~~~~~~~~~
      |                                   textAreaVFOBuffer
C:/ProjectsOnC/PhasorRadio/Code/PhasorRadio1/TouchGFX/gui/src/screen1_screen/Screen1View.cpp:262:55: error: 'TEXTAREAWFBW_SIZE' was not declared in this scope; did you mean 'TEXTAREAVFO_SIZE'?
  262 |                 Unicode::snprintf(textAreaWFBWBuffer, TEXTAREAWFBW_SIZE,"%s","100kHz");
      |                                                       ^~~~~~~~~~~~~~~~~
      |                                                       TEXTAREAVFO_SIZE
C:/ProjectsOnC/PhasorRadio/Code/PhasorRadio1/TouchGFX/gui/src/screen1_screen/Screen1View.cpp:267:35: error: 'textAreaWFBWBuffer' was not declared in this scope; did you mean 'textAreaVFOBuffer'?
[...]
C:/ProjectsOnC/PhasorRadio/Code/PhasorRadio1/Core/Src/main.c: In function 'StartTaskFFT':
C:/ProjectsOnC/PhasorRadio/Code/PhasorRadio1/Core/Src/main.c:1529:25: error: expected expression before 'uint16_t'
 1529 |                         uint16_t k = 0;
      |                         ^~~~~~~~
C:/ProjectsOnC/PhasorRadio/Code/PhasorRadio1/Core/Src/main.c:1526:17: warning: this 'if' clause does not guard... [-Wmisleading-indentation]
 1526 |                 if (adcBusy == FALSE && graphHasBeenDisplayed == TRUE)
      |                 ^~
C:/ProjectsOnC/PhasorRadio/Code/PhasorRadio1/Core/Src/main.c:1530:25: note: ...this statement, but the latter is misleadingly indented as if it were guarded by the 'if'
 1530 |                         for (uint16_t i = 0; i < 2 * INPUT_SAMPLES; i++)
      |                         ^~~
C:/ProjectsOnC/PhasorRadio/Code/PhasorRadio1/Core/Src/main.c:1534:41: error: 'k' undeclared (first use in this function)
 1534 |                                         k++;
      |                                         ^
C:/ProjectsOnC/PhasorRadio/Code/PhasorRadio1/Core/Src/main.c:1534:41: note: each undeclared identifier is reported only once for each function it appears in
C:/ProjectsOnC/PhasorRadio/Code/PhasorRadio1/Core/Src/main.c:1604:51: error: 'j' undeclared (first use in this function)
 1604 |                                 dynamicGraphValue[j] = (int) ((fftOutputComplexMagnitudeBuffer[i] + fftOutputComplexMagnitudeBuffer[i + 1]) / 2);
      |                                                   ^
C:/ProjectsOnC/PhasorRadio/Code/PhasorRadio1/Core/Src/main.c: At top level:
C:/ProjectsOnC/PhasorRadio/Code/PhasorRadio1/Core/Src/main.c:1640:17: error: expected declaration specifiers or '...' before numeric constant
 1640 |         osDelay(20);
      |                 ^~
C:/ProjectsOnC/PhasorRadio/Code/PhasorRadio1/Core/Src/main.c:1641:1: error: expected identifier or '(' before '}' token
 1641 | }
      | ^
C:/ProjectsOnC/PhasorRadio/Code/PhasorRadio1/Core/Src/main.c:1643:1: error: expected identifier or '(' before '}' token
 1643 | }
      | ^
make: *** [Application/User/Core/subdir.mk:42: Application/User/Core/main.o] Error 1
"make -j16 all" terminated with exit code 2. Build might be incomplete.
17:21:19 **** Incremental Build of configuration Debug for project STM32H735G-DK ****
make -j16 all 
arm-none-eabi-gcc "C:/ProjectsOnC/PhasorRadio/Code/PhasorRadio1/Core/Src/main.c" -mcpu=cortex-m7 -std=gnu11 -g -DUSE_HAL_DRIVER -DARM_MATH_CM7 -DUSE_BPP=24 -DDEBUG -DSTM32H735xx -c -I"C:/ProjectsOnC/PhasorRadio/Code/PhasorRadio1/STM32CubeIDE/Drivers/CMSIS/DSP/Include" -I../../Core/Inc -I"C:/ProjectsOnC/PhasorRadio/Code/PhasorRadio1/STM32CubeIDE/SI5351" -I../../TouchGFX/App -I../../TouchGFX/target/generated -I../../TouchGFX/target -I../../Drivers/STM32H7xx_HAL_Driver/Inc -I../../Drivers/STM32H7xx_HAL_Driver/Inc/Legacy -I../../Middlewares/Third_Party/FreeRTOS/Source/include -I../../Middlewares/Third_Party/FreeRTOS/Source/CMSIS_RTOS_V2 -I../../Middlewares/Third_Party/FreeRTOS/Source/portable/GCC/ARM_CM4F -I../../Drivers/CMSIS/Device/ST/STM32H7xx/Include -I../../Drivers/CMSIS/Include -I../../Drivers/BSP/Components/Common -I../../Drivers/BSP/STM32H735G-DK -I../../Middlewares/ST/touchgfx/framework/include -I../../TouchGFX/generated/fonts/include -I../../TouchGFX/generated/gui_generated/include -I../../TouchGFX/generated/images/include -I../../TouchGFX/generated/texts/include -I../../TouchGFX/gui/include -I../../TouchGFX/generated/videos/include -O0 -ffunction-sections -fdata-sections -Wall -fstack-usage -fcyclomatic-complexity -MMD -MP -MF"Application/User/Core/main.d" -MT"Application/User/Core/main.o" --specs=nano.specs -mfpu=fpv5-d16 -mfloat-abi=hard -mthumb -o "Application/User/Core/main.o"
C:/ProjectsOnC/PhasorRadio/Code/PhasorRadio1/Core/Src/main.c: In function 'StartTaskFFT':
C:/ProjectsOnC/PhasorRadio/Code/PhasorRadio1/Core/Src/main.c:1604:51: error: 'j' undeclared (first use in this function)
 1604 |                                 dynamicGraphValue[j] = (int) ((fftOutputComplexMagnitudeBuffer[i] + fftOutputComplexMagnitudeBuffer[i + 1]) / 2);
      |                                                   ^
C:/ProjectsOnC/PhasorRadio/Code/PhasorRadio1/Core/Src/main.c:1604:51: note: each undeclared identifier is reported only once for each function it appears in
C:/ProjectsOnC/PhasorRadio/Code/PhasorRadio1/Core/Src/main.c: At top level:
C:/ProjectsOnC/PhasorRadio/Code/PhasorRadio1/Core/Src/main.c:1643:1: error: expected identifier or '(' before '}' token
 1643 | }
      | ^
make: *** [Application/User/Core/subdir.mk:42: Application/User/Core/main.o] Error 1
"make -j16 all" terminated with exit code 2. Build might be incomplete.
17:21:54 **** Incremental Build of configuration Debug for project STM32H735G-DK ****
make -j16 all 
arm-none-eabi-gcc "C:/ProjectsOnC/PhasorRadio/Code/PhasorRadio1/Core/Src/main.c" -mcpu=cortex-m7 -std=gnu11 -g -DUSE_HAL_DRIVER -DARM_MATH_CM7 -DUSE_BPP=24 -DDEBUG -DSTM32H735xx -c -I"C:/ProjectsOnC/PhasorRadio/Code/PhasorRadio1/STM32CubeIDE/Drivers/CMSIS/DSP/Include" -I../../Core/Inc -I"C:/ProjectsOnC/PhasorRadio/Code/PhasorRadio1/STM32CubeIDE/SI5351" -I../../TouchGFX/App -I../../TouchGFX/target/generated -I../../TouchGFX/target -I../../Drivers/STM32H7xx_HAL_Driver/Inc -I../../Drivers/STM32H7xx_HAL_Driver/Inc/Legacy -I../../Middlewares/Third_Party/FreeRTOS/Source/include -I../../Middlewares/Third_Party/FreeRTOS/Source/CMSIS_RTOS_V2 -I../../Middlewares/Third_Party/FreeRTOS/Source/portable/GCC/ARM_CM4F -I../../Drivers/CMSIS/Device/ST/STM32H7xx/Include -I../../Drivers/CMSIS/Include -I../../Drivers/BSP/Components/Common -I../../Drivers/BSP/STM32H735G-DK -I../../Middlewares/ST/touchgfx/framework/include -I../../TouchGFX/generated/fonts/include -I../../TouchGFX/generated/gui_generated/include -I../../TouchGFX/generated/images/include -I../../TouchGFX/generated/texts/include -I../../TouchGFX/gui/include -I../../TouchGFX/generated/videos/include -O0 -ffunction-sections -fdata-sections -Wall -fstack-usage -fcyclomatic-complexity -MMD -MP -MF"Application/User/Core/main.d" -MT"Application/User/Core/main.o" --specs=nano.specs -mfpu=fpv5-d16 -mfloat-abi=hard -mthumb -o "Application/User/Core/main.o"
arm-none-eabi-g++ -o "STM32H735G-DK.elf" @"objects.list"  -l:libtouchgfx-float-abi-hard.a -larm_cortexM7lfdp_math -mcpu=cortex-m7 -T"C:\ProjectsOnC\PhasorRadio\Code\PhasorRadio1\STM32CubeIDE\STM32H735IGKX_FLASH.ld" --specs=nosys.specs -Wl,-Map="STM32H735G-DK.map" -Wl,--gc-sections -static -L"C:\ProjectsOnC\PhasorRadio\Code\PhasorRadio1\STM32CubeIDE\Drivers\CMSIS\Lib\GCC" -L../../Middlewares/ST/touchgfx/lib/core/cortex_m7/gcc -Wl,-Map=STM32H735G-DK.map --specs=nano.specs -mfpu=fpv5-d16 -mfloat-abi=hard -mthumb -Wl,--start-group -lc -lm -lstdc++ -lsupc++ -Wl,--end-group
C:/ST/STM32CubeIDE_1.15.0/STM32CubeIDE/plugins/com.st.stm32cube.ide.mcu.externaltools.gnu-tools-for-stm32.12.3.rel1.win32_1.0.100.202403111256/tools/bin/../lib/gcc/arm-none-eabi/12.3.1/../../../../arm-none-eabi/bin/ld.exe: warning: STM32H735G-DK.elf has a LOAD segment with RWX permissions
Finished building target: STM32H735G-DK.elf
 
arm-none-eabi-size  STM32H735G-DK.elf 
arm-none-eabi-objdump -h -S STM32H735G-DK.elf  > "STM32H735G-DK.list"
arm-none-eabi-objcopy  -O ihex STM32H735G-DK.elf  "STM32H735G-DK.hex"
   text	   data	    bss	    dec	    hex	filename
 650262	    344	1427228	2077834	 1fb48a	STM32H735G-DK.elf
Finished building: default.size.stdout
 
Finished building: STM32H735G-DK.hex
 
Finished building: STM32H735G-DK.list
 
17:24:41 **** Incremental Build of configuration Debug for project STM32H735G-DK ****
make -j16 all 
arm-none-eabi-gcc "C:/ProjectsOnC/PhasorRadio/Code/PhasorRadio1/Core/Src/main.c" -mcpu=cortex-m7 -std=gnu11 -g -DUSE_HAL_DRIVER -DARM_MATH_CM7 -DUSE_BPP=24 -DDEBUG -DSTM32H735xx -c -I"C:/ProjectsOnC/PhasorRadio/Code/PhasorRadio1/STM32CubeIDE/Drivers/CMSIS/DSP/Include" -I../../Core/Inc -I"C:/ProjectsOnC/PhasorRadio/Code/PhasorRadio1/STM32CubeIDE/SI5351" -I../../TouchGFX/App -I../../TouchGFX/target/generated -I../../TouchGFX/target -I../../Drivers/STM32H7xx_HAL_Driver/Inc -I../../Drivers/STM32H7xx_HAL_Driver/Inc/Legacy -I../../Middlewares/Third_Party/FreeRTOS/Source/include -I../../Middlewares/Third_Party/FreeRTOS/Source/CMSIS_RTOS_V2 -I../../Middlewares/Third_Party/FreeRTOS/Source/portable/GCC/ARM_CM4F -I../../Drivers/CMSIS/Device/ST/STM32H7xx/Include -I../../Drivers/CMSIS/Include -I../../Drivers/BSP/Components/Common -I../../Drivers/BSP/STM32H735G-DK -I../../Middlewares/ST/touchgfx/framework/include -I../../TouchGFX/generated/fonts/include -I../../TouchGFX/generated/gui_generated/include -I../../TouchGFX/generated/images/include -I../../TouchGFX/generated/texts/include -I../../TouchGFX/gui/include -I../../TouchGFX/generated/videos/include -O0 -ffunction-sections -fdata-sections -Wall -fstack-usage -fcyclomatic-complexity -MMD -MP -MF"Application/User/Core/main.d" -MT"Application/User/Core/main.o" --specs=nano.specs -mfpu=fpv5-d16 -mfloat-abi=hard -mthumb -o "Application/User/Core/main.o"
arm-none-eabi-g++ -o "STM32H735G-DK.elf" @"objects.list"  -l:libtouchgfx-float-abi-hard.a -larm_cortexM7lfdp_math -mcpu=cortex-m7 -T"C:\ProjectsOnC\PhasorRadio\Code\PhasorRadio1\STM32CubeIDE\STM32H735IGKX_FLASH.ld" --specs=nosys.specs -Wl,-Map="STM32H735G-DK.map" -Wl,--gc-sections -static -L"C:\ProjectsOnC\PhasorRadio\Code\PhasorRadio1\STM32CubeIDE\Drivers\CMSIS\Lib\GCC" -L../../Middlewares/ST/touchgfx/lib/core/cortex_m7/gcc -Wl,-Map=STM32H735G-DK.map --specs=nano.specs -mfpu=fpv5-d16 -mfloat-abi=hard -mthumb -Wl,--start-group -lc -lm -lstdc++ -lsupc++ -Wl,--end-group
C:/ST/STM32CubeIDE_1.15.0/STM32CubeIDE/plugins/com.st.stm32cube.ide.mcu.externaltools.gnu-tools-for-stm32.12.3.rel1.win32_1.0.100.202403111256/tools/bin/../lib/gcc/arm-none-eabi/12.3.1/../../../../arm-none-eabi/bin/ld.exe: warning: STM32H735G-DK.elf has a LOAD segment with RWX permissions
Finished building target: STM32H735G-DK.elf
 
arm-none-eabi-size  STM32H735G-DK.elf 
arm-none-eabi-objdump -h -S STM32H735G-DK.elf  > "STM32H735G-DK.list"
arm-none-eabi-objcopy  -O ihex STM32H735G-DK.elf  "STM32H735G-DK.hex"
   text	   data	    bss	    dec	    hex	filename
 650198	    344	1427228	2077770	 1fb44a	STM32H735G-DK.elf
Finished building: default.size.stdout
 
Finished building: STM32H735G-DK.hex
 
Finished building: STM32H735G-DK.list
 
17:26:31 **** Incremental Build of configuration Debug for project STM32H735G-DK ****
make -j16 all 
arm-none-eabi-gcc "C:/ProjectsOnC/PhasorRadio/Code/PhasorRadio1/Core/Src/main.c" -mcpu=cortex-m7 -std=gnu11 -g -DUSE_HAL_DRIVER -DARM_MATH_CM7 -DUSE_BPP=24 -DDEBUG -DSTM32H735xx -c -I"C:/ProjectsOnC/PhasorRadio/Code/PhasorRadio1/STM32CubeIDE/Drivers/CMSIS/DSP/Include" -I../../Core/Inc -I"C:/ProjectsOnC/PhasorRadio/Code/PhasorRadio1/STM32CubeIDE/SI5351" -I../../TouchGFX/App -I../../TouchGFX/target/generated -I../../TouchGFX/target -I../../Drivers/STM32H7xx_HAL_Driver/Inc -I../../Drivers/STM32H7xx_HAL_Driver/Inc/Legacy -I../../Middlewares/Third_Party/FreeRTOS/Source/include -I../../Middlewares/Third_Party/FreeRTOS/Source/CMSIS_RTOS_V2 -I../../Middlewares/Third_Party/FreeRTOS/Source/portable/GCC/ARM_CM4F -I../../Drivers/CMSIS/Device/ST/STM32H7xx/Include -I../../Drivers/CMSIS/Include -I../../Drivers/BSP/Components/Common -I../../Drivers/BSP/STM32H735G-DK -I../../Middlewares/ST/touchgfx/framework/include -I../../TouchGFX/generated/fonts/include -I../../TouchGFX/generated/gui_generated/include -I../../TouchGFX/generated/images/include -I../../TouchGFX/generated/texts/include -I../../TouchGFX/gui/include -I../../TouchGFX/generated/videos/include -O0 -ffunction-sections -fdata-sections -Wall -fstack-usage -fcyclomatic-complexity -MMD -MP -MF"Application/User/Core/main.d" -MT"Application/User/Core/main.o" --specs=nano.specs -mfpu=fpv5-d16 -mfloat-abi=hard -mthumb -o "Application/User/Core/main.o"
arm-none-eabi-g++ -o "STM32H735G-DK.elf" @"objects.list"  -l:libtouchgfx-float-abi-hard.a -larm_cortexM7lfdp_math -mcpu=cortex-m7 -T"C:\ProjectsOnC\PhasorRadio\Code\PhasorRadio1\STM32CubeIDE\STM32H735IGKX_FLASH.ld" --specs=nosys.specs -Wl,-Map="STM32H735G-DK.map" -Wl,--gc-sections -static -L"C:\ProjectsOnC\PhasorRadio\Code\PhasorRadio1\STM32CubeIDE\Drivers\CMSIS\Lib\GCC" -L../../Middlewares/ST/touchgfx/lib/core/cortex_m7/gcc -Wl,-Map=STM32H735G-DK.map --specs=nano.specs -mfpu=fpv5-d16 -mfloat-abi=hard -mthumb -Wl,--start-group -lc -lm -lstdc++ -lsupc++ -Wl,--end-group
C:/ST/STM32CubeIDE_1.15.0/STM32CubeIDE/plugins/com.st.stm32cube.ide.mcu.externaltools.gnu-tools-for-stm32.12.3.rel1.win32_1.0.100.202403111256/tools/bin/../lib/gcc/arm-none-eabi/12.3.1/../../../../arm-none-eabi/bin/ld.exe: warning: STM32H735G-DK.elf has a LOAD segment with RWX permissions
Finished building target: STM32H735G-DK.elf
 
arm-none-eabi-size  STM32H735G-DK.elf 
arm-none-eabi-objdump -h -S STM32H735G-DK.elf  > "STM32H735G-DK.list"
arm-none-eabi-objcopy  -O ihex STM32H735G-DK.elf  "STM32H735G-DK.hex"
   text	   data	    bss	    dec	    hex	filename
 650198	    344	1427228	2077770	 1fb44a	STM32H735G-DK.elf
Finished building: default.size.stdout
 
Finished building: STM32H735G-DK.hex
 
Finished building: STM32H735G-DK.list
 
17:27:47 **** Incremental Build of configuration Debug for project STM32H735G-DK ****
make -j16 all 
arm-none-eabi-gcc "C:/ProjectsOnC/PhasorRadio/Code/PhasorRadio1/Core/Src/main.c" -mcpu=cortex-m7 -std=gnu11 -g -DUSE_HAL_DRIVER -DARM_MATH_CM7 -DUSE_BPP=24 -DDEBUG -DSTM32H735xx -c -I"C:/ProjectsOnC/PhasorRadio/Code/PhasorRadio1/STM32CubeIDE/Drivers/CMSIS/DSP/Include" -I../../Core/Inc -I"C:/ProjectsOnC/PhasorRadio/Code/PhasorRadio1/STM32CubeIDE/SI5351" -I../../TouchGFX/App -I../../TouchGFX/target/generated -I../../TouchGFX/target -I../../Drivers/STM32H7xx_HAL_Driver/Inc -I../../Drivers/STM32H7xx_HAL_Driver/Inc/Legacy -I../../Middlewares/Third_Party/FreeRTOS/Source/include -I../../Middlewares/Third_Party/FreeRTOS/Source/CMSIS_RTOS_V2 -I../../Middlewares/Third_Party/FreeRTOS/Source/portable/GCC/ARM_CM4F -I../../Drivers/CMSIS/Device/ST/STM32H7xx/Include -I../../Drivers/CMSIS/Include -I../../Drivers/BSP/Components/Common -I../../Drivers/BSP/STM32H735G-DK -I../../Middlewares/ST/touchgfx/framework/include -I../../TouchGFX/generated/fonts/include -I../../TouchGFX/generated/gui_generated/include -I../../TouchGFX/generated/images/include -I../../TouchGFX/generated/texts/include -I../../TouchGFX/gui/include -I../../TouchGFX/generated/videos/include -O0 -ffunction-sections -fdata-sections -Wall -fstack-usage -fcyclomatic-complexity -MMD -MP -MF"Application/User/Core/main.d" -MT"Application/User/Core/main.o" --specs=nano.specs -mfpu=fpv5-d16 -mfloat-abi=hard -mthumb -o "Application/User/Core/main.o"
arm-none-eabi-g++ -o "STM32H735G-DK.elf" @"objects.list"  -l:libtouchgfx-float-abi-hard.a -larm_cortexM7lfdp_math -mcpu=cortex-m7 -T"C:\ProjectsOnC\PhasorRadio\Code\PhasorRadio1\STM32CubeIDE\STM32H735IGKX_FLASH.ld" --specs=nosys.specs -Wl,-Map="STM32H735G-DK.map" -Wl,--gc-sections -static -L"C:\ProjectsOnC\PhasorRadio\Code\PhasorRadio1\STM32CubeIDE\Drivers\CMSIS\Lib\GCC" -L../../Middlewares/ST/touchgfx/lib/core/cortex_m7/gcc -Wl,-Map=STM32H735G-DK.map --specs=nano.specs -mfpu=fpv5-d16 -mfloat-abi=hard -mthumb -Wl,--start-group -lc -lm -lstdc++ -lsupc++ -Wl,--end-group
C:/ST/STM32CubeIDE_1.15.0/STM32CubeIDE/plugins/com.st.stm32cube.ide.mcu.externaltools.gnu-tools-for-stm32.12.3.rel1.win32_1.0.100.202403111256/tools/bin/../lib/gcc/arm-none-eabi/12.3.1/../../../../arm-none-eabi/bin/ld.exe: warning: STM32H735G-DK.elf has a LOAD segment with RWX permissions
Finished building target: STM32H735G-DK.elf
 
arm-none-eabi-size  STM32H735G-DK.elf 
arm-none-eabi-objdump -h -S STM32H735G-DK.elf  > "STM32H735G-DK.list"
arm-none-eabi-objcopy  -O ihex STM32H735G-DK.elf  "STM32H735G-DK.hex"
   text	   data	    bss	    dec	    hex	filename
 650166	    344	1427228	2077738	 1fb42a	STM32H735G-DK.elf
Finished building: default.size.stdout
 
Finished building: STM32H735G-DK.hex
 
Finished building: STM32H735G-DK.list
 
17:28:21 **** Incremental Build of configuration Debug for project STM32H735G-DK ****
make -j16 all 
arm-none-eabi-gcc "C:/ProjectsOnC/PhasorRadio/Code/PhasorRadio1/Core/Src/main.c" -mcpu=cortex-m7 -std=gnu11 -g -DUSE_HAL_DRIVER -DARM_MATH_CM7 -DUSE_BPP=24 -DDEBUG -DSTM32H735xx -c -I"C:/ProjectsOnC/PhasorRadio/Code/PhasorRadio1/STM32CubeIDE/Drivers/CMSIS/DSP/Include" -I../../Core/Inc -I"C:/ProjectsOnC/PhasorRadio/Code/PhasorRadio1/STM32CubeIDE/SI5351" -I../../TouchGFX/App -I../../TouchGFX/target/generated -I../../TouchGFX/target -I../../Drivers/STM32H7xx_HAL_Driver/Inc -I../../Drivers/STM32H7xx_HAL_Driver/Inc/Legacy -I../../Middlewares/Third_Party/FreeRTOS/Source/include -I../../Middlewares/Third_Party/FreeRTOS/Source/CMSIS_RTOS_V2 -I../../Middlewares/Third_Party/FreeRTOS/Source/portable/GCC/ARM_CM4F -I../../Drivers/CMSIS/Device/ST/STM32H7xx/Include -I../../Drivers/CMSIS/Include -I../../Drivers/BSP/Components/Common -I../../Drivers/BSP/STM32H735G-DK -I../../Middlewares/ST/touchgfx/framework/include -I../../TouchGFX/generated/fonts/include -I../../TouchGFX/generated/gui_generated/include -I../../TouchGFX/generated/images/include -I../../TouchGFX/generated/texts/include -I../../TouchGFX/gui/include -I../../TouchGFX/generated/videos/include -O0 -ffunction-sections -fdata-sections -Wall -fstack-usage -fcyclomatic-complexity -MMD -MP -MF"Application/User/Core/main.d" -MT"Application/User/Core/main.o" --specs=nano.specs -mfpu=fpv5-d16 -mfloat-abi=hard -mthumb -o "Application/User/Core/main.o"
arm-none-eabi-g++ -o "STM32H735G-DK.elf" @"objects.list"  -l:libtouchgfx-float-abi-hard.a -larm_cortexM7lfdp_math -mcpu=cortex-m7 -T"C:\ProjectsOnC\PhasorRadio\Code\PhasorRadio1\STM32CubeIDE\STM32H735IGKX_FLASH.ld" --specs=nosys.specs -Wl,-Map="STM32H735G-DK.map" -Wl,--gc-sections -static -L"C:\ProjectsOnC\PhasorRadio\Code\PhasorRadio1\STM32CubeIDE\Drivers\CMSIS\Lib\GCC" -L../../Middlewares/ST/touchgfx/lib/core/cortex_m7/gcc -Wl,-Map=STM32H735G-DK.map --specs=nano.specs -mfpu=fpv5-d16 -mfloat-abi=hard -mthumb -Wl,--start-group -lc -lm -lstdc++ -lsupc++ -Wl,--end-group
C:/ST/STM32CubeIDE_1.15.0/STM32CubeIDE/plugins/com.st.stm32cube.ide.mcu.externaltools.gnu-tools-for-stm32.12.3.rel1.win32_1.0.100.202403111256/tools/bin/../lib/gcc/arm-none-eabi/12.3.1/../../../../arm-none-eabi/bin/ld.exe: warning: STM32H735G-DK.elf has a LOAD segment with RWX permissions
Finished building target: STM32H735G-DK.elf
 
arm-none-eabi-size  STM32H735G-DK.elf 
arm-none-eabi-objdump -h -S STM32H735G-DK.elf  > "STM32H735G-DK.list"
arm-none-eabi-objcopy  -O ihex STM32H735G-DK.elf  "STM32H735G-DK.hex"
   text	   data	    bss	    dec	    hex	filename
 650166	    344	1427228	2077738	 1fb42a	STM32H735G-DK.elf
Finished building: default.size.stdout
 
Finished building: STM32H735G-DK.hex
 
Finished building: STM32H735G-DK.list
 
