../Core/Src/main.c:84:6:ospi_flash_test	8	static
../Core/Src/main.c:97:6:ospi_ram_test	8	static
../Core/Src/main.c:118:5:main	8	static
../Core/Src/main.c:190:6:SystemClock_Config	120	static
../Core/Src/main.c:252:6:PeriphCommonClock_Config	192	static
../Core/Src/main.c:280:13:MX_OCTOSPI1_Init	40	static
../Core/Src/main.c:346:13:MX_OCTOSPI2_Init	80	static
../Core/Src/main.c:432:13:MX_GPIO_Init	40	static
../Core/Src/main.c:456:6:MPU_Config	24	static
../Core/Src/main.c:508:6:Error_Handler	4	static,ignoring_inline_asm
