C:/ProjectsOnC/PhasorRadio/CustomSTM32H735Board/CustomBoardSTM32H735TestHW/Drivers/STM32H7xx_HAL_Driver/Src/stm32h7xx_hal_crc_ex.c:89:19:HAL_CRCEx_Polynomial_Set	8	static
C:/ProjectsOnC/PhasorRadio/CustomSTM32H735Board/CustomBoardSTM32H735TestHW/Drivers/STM32H7xx_HAL_Driver/Src/stm32h7xx_hal_crc_ex.c:168:19:HAL_CRCEx_Input_Data_Reverse	0	static
C:/ProjectsOnC/PhasorRadio/CustomSTM32H735Board/CustomBoardSTM32H735TestHW/Drivers/STM32H7xx_HAL_Driver/Src/stm32h7xx_hal_crc_ex.c:194:19:HAL_CRCEx_Output_Data_Reverse	0	static
