../Core/Src/main.c:94:5:main	8	static
../Core/Src/main.c:187:6:SystemClock_Config	120	static
../Core/Src/main.c:246:13:MX_CRC_Init	8	static
../Core/Src/main.c:277:13:MX_DMA2D_Init	8	static
../Core/Src/main.c:306:13:MX_LTDC_Init	64	static
../Core/Src/main.c:368:13:MX_GPIO_Init	48	static
../Core/Src/main.c:400:6:StartDefaultTask	16	static
../Core/Src/main.c:413:6:MPU_Config	24	static
../Core/Src/main.c:448:6:HAL_TIM_PeriodElapsedCallback	16	static
../Core/Src/main.c:465:6:Error_Handler	4	static,ignoring_inline_asm
